Script started on Wed Mar  7 13:49:15 2018
[?1034hbash-3.2$ sudo[K[K[K[Kpwd
/Users/jasonnguy/Potatoe/Logs
bash-3.2$ cd
bash-3.2$ cd do[K[KDock[K[K[K[K[K[K[KÃ¶s
bash: Ã¶s: command not found
bash-3.2$ ls
Collect
Collect 2
Creative Cloud Files
Desktop
Documents
Downloads
Dropbox
Library
Movies
Music
Pictures
Potatoe
Public
VirtualBox VMs
bin
devops
ja.nguy@hotmail.com Creative Cloud Files
bash-3.2$ cd Potatoe/
bash-3.2$ cd docker/
bash-3.2$ vim doc[K[K[KDockerfile 
[?2004h[?1049h[?1h=[?2004h[1;24r[?12;25h[?12l[?25h[27m[m[H[2J[?25l[24;1H"Dockerfile" [readonly] 0L, 0C[2;1Hâ–½[6n[2;1H  [1;1H[>c]11;?[2;1H[94m~                                                                               [3;1H~                                                                               [4;1H~                                                                               [5;1H~                                                                               [6;1H~                                                                               [7;1H~                                                                               [8;1H~                                                                               [9;1H~                                                                               [10;1H~                                                                               [11;1H~                                                                               [12;1H~                                                                               [13;1H~                                                                               [14;1H~                                                                               [15;1H~                                                                               [16;1H~                                                                               [17;1H~                                                                               [18;1H~                                                                               [19;1H~                                                                               [20;1H~                                                                               [21;1H~                                                                               [22;1H~                                                                               [23;1H~                                                                               [1;1H[?12l[?25h[?25l[m[24;1H[1m-- INSERT --[m[24;14H[K[24;14H[31mW10: Warning: Changing a readonly file[?2004l[?2004h[m
[97m[41mE325: ATTENTION[m
Found a swap file by the name ".Dockerfile.swp"
[10Cowned by: root   dated: Wed Mar  7 13:48:20 2018
[9Cfile name: ~root/Potatoe/docker/Dockerfile
[10Cmodified: YES
[9Cuser name: root   host name: Jasons-MacBook-Pro.local
[8Cprocess ID: 1679
While opening file "Dockerfile"
[13Cdated: Wed Mar  7 13:47:21 2018

(1) Another program may be editing the same file.  If this is the case,
    be careful not to end up with two different instances of the same
    file when making changes.  Quit, or continue with caution.
(2) An edit session for this file crashed.
    If this is the case, use ":recover" or "vim -r Dockerfile"
    to recover the changes (see ":help recovery").
    If you did this already, delete the swap file ".Dockerfile.swp"
    to avoid this message.

[?2004l[?2004h[32mPress ENTER or type command to continue[m[24;1H[K[27m[m[H[2J[1;1H#Download base image ubuntu 16.04
FROM ubuntu:16.04
[94m~                                                                               [4;1H~                                                                               [5;1H~                                                                               [6;1H~                                                                               [7;1H~                                                                               [8;1H~                                                                               [9;1H~                                                                               [10;1H~                                                                               [11;1H~                                                                               [12;1H~                                                                               [13;1H~                                                                               [14;1H~                                                                               [15;1H~                                                                               [16;1H~                                                                               [17;1H~                                                                               [18;1H~                                                                               [19;1H~                                                                               [20;1H~                                                                               [21;1H~                                                                               [22;1H~                                                                               [23;1H~                                                                               [2;17H[?12l[?25h[?25l[1;17H[?12l[?25h[?25l[m[24;1H[1m-- INSERT --[m[1;17Hage ubuntu 16.04[1;33H[K[1;17H[?12l[?25h[?25lage ubuntu 16.04[1;32H[K[1;16H[?12l[?25h[?25lsage ubuntu 16.04[1;17H[?12l[?25h[?25lage ubuntu 16.04[1;32H[K[1;16H[?12l[?25h[?25liage ubuntu 16.04[1;17H[?12l[?25h[?25lmage ubuntu 16.04[1;18H[?12l[?25h[?25laage ubuntu 16.04[1;19H[?12l[?25h[2;18H[1;19H[?25lge ubuntu 16.04[1;34H[K[1;18H[?12l[?25h[2;18H[?25l[3;1H[K[3;1H[?12l[?25h[?25l[34m^Z[?12l[?25h[?25l^Z[?12l[?25h[?25l^Z[?12l[?25h[?25l^Z[?12l[?25h[?25l^Z[?12l[?25h[?25l^Z[?12l[?25h[?25l[m[24;1H[K[3;11H[?12l[?25h[?25l[24;1HType  :qa!  and press <Enter> to abandon all changes and exit Vim[3;11H[?12l[?25h[?25l[?12l[?25h[?25l[24;1H[1mrecording @a[m[24;13H[K[3;11H[?12l[?25h[?25l[24;1H[K[24;1H:[?2004h[?12l[?25hqa![?25l[?2004l[24;1H[K[24;1H[?2004l[?1l>[?12l[?25h[?1049lbash-3.2$ vim Dockerfile 
[?2004h[?1049h[?1h=[?2004h[1;24r[?12;25h[?12l[?25h[27m[m[H[2J[?25l[24;1H"Dockerfile" [readonly] 0L, 0C[2;1Hâ–½[6n[2;1H  [1;1H[>c]11;?[2;1H[94m~                                                                               [3;1H~                                                                               [4;1H~                                                                               [5;1H~                                                                               [6;1H~                                                                               [7;1H~                                                                               [8;1H~                                                                               [9;1H~                                                                               [10;1H~                                                                               [11;1H~                                                                               [12;1H~                                                                               [13;1H~                                                                               [14;1H~                                                                               [15;1H~                                                                               [16;1H~                                                                               [17;1H~                                                                               [18;1H~                                                                               [19;1H~                                                                               [20;1H~                                                                               [21;1H~                                                                               [22;1H~                                                                               [23;1H~                                                                               [1;1H[?12l[?25h[?25l[m[24;1H[1m-- INSERT --[m[24;14H[K[24;14H[31mW10: Warning: Changing a readonly file[?2004l[?2004h[m
[97m[41mE325: ATTENTION[m
Found a swap file by the name ".Dockerfile.swp"
[10Cowned by: root   dated: Wed Mar  7 13:48:20 2018
[9Cfile name: ~root/Potatoe/docker/Dockerfile
[10Cmodified: YES
[9Cuser name: root   host name: Jasons-MacBook-Pro.local
[8Cprocess ID: 1679
While opening file "Dockerfile"
[13Cdated: Wed Mar  7 13:47:21 2018

(1) Another program may be editing the same file.  If this is the case,
    be careful not to end up with two different instances of the same
    file when making changes.  Quit, or continue with caution.
(2) An edit session for this file crashed.
    If this is the case, use ":recover" or "vim -r Dockerfile"
    to recover the changes (see ":help recovery").
    If you did this already, delete the swap file ".Dockerfile.swp"
    to avoid this message.

[?2004l[?2004h[32mPress ENTER or type command to continue[27m[m[H[2J[1;1H#Download base image ubuntu 16.04
FROM ubuntu:16.04
[94m~                                                                               [4;1H~                                                                               [5;1H~                                                                               [6;1H~                                                                               [7;1H~                                                                               [8;1H~                                                                               [9;1H~                                                                               [10;1H~                                                                               [11;1H~                                                                               [12;1H~                                                                               [13;1H~                                                                               [14;1H~                                                                               [15;1H~                                                                               [16;1H~                                                                               [17;1H~                                                                               [18;1H~                                                                               [19;1H~                                                                               [20;1H~                                                                               [21;1H~                                                                               [22;1H~                                                                               [23;1H~                                                                               [m[24;1H[1m-- INSERT (paste) --[2;18H[?12l[?25h[?25l[m[24;1H[K[2;17H[?12l[?25h0[1;33H
[1;33H
[?25l[24;1H[1m-- INSERT --[m[2;1HROM ubuntu:16.04[2;17H[K[2;1H[?12l[?25h[?25ldROM ubuntu:16.04d[?12l[?25h[?25laROM ubuntu:16.04da[?12l[?25h[?25ldROM ubuntu:16.04dad[?12l[?25h[?25lsROM ubuntu:16.04dads[?12l[?25h[?25laROM ubuntu:16.04dadsa[?12l[?25h[?25laROM ubuntu:16.04[2;7H[?12l[?25h[?25lsROM ubuntu:16.04[2;8H[?12l[?25h[?25ldROM ubuntu:16.04[2;9H[?12l[?25h[?25lROM ubuntu:16.04[2;24H[K[2;8H[?12l[?25h[?25lROM ubuntu:16.04[2;23H[K[2;7H[?12l[?25h[?25lROM ubuntu:16.04[2;22H[K[2;6H[?12l[?25h[?25lROM ubuntu:16.04[2;21H[K[2;5H[?12l[?25h[?25lROM ubuntu:16.04[2;20H[K[2;4H[?12l[?25h[?25lROM ubuntu:16.04[2;19H[K[2;3H[?12l[?25h[?25lROM ubuntu:16.04[2;18H[K[2;2H[?12l[?25h[?25lROM ubuntu:16.04[2;17H[K[2;1H[?12l[?25h[?25l[1;34HROM ubuntu:16.04
[94m~                                                                               [1;34H[?12l[?25h[?25l[mROM ubuntu:16.04[1;49H[K[1;33H[?12l[?25h[?25l[24;1H[K[1;32H[?12l[?25h[?25l[24;1HType  :qa!  and press <Enter> to abandon all changes and exit Vim[1;32H[?12l[?25h[?25l[?12l[?25h[?25l[24;1H[K[24;1H:[?2004h[?12l[?25hqai[?25l[97m[41mE492: Not an editor command: qai[1;32H[?12l[?25h[?25l[m[24;1H[K[24;1H:[?2004h[?12l[?25hqa![?25l[?2004l[24;1H[K[24;1H[?2004l[?1l>[?12l[?25h[?1049lbash-3.2$ vom do[K[K[K[K[K[Krm doc[K[K[Kdockerfile
override rw-r--r--  root/staff for dockerfile? y
rm: dockerfile: Permission denied
bash-3.2$ sudo re[Km dockerf[K[K[K[K[K[K[KDockerfile 
Password:
bash-3.2$ ls
bash-3.2$ cd[K[Kpwd
/Users/jasonnguy/Potatoe/docker
bash-3.2$ v[Ktouch Dockerfile
touch: Dockerfile: Permission denied
bash-3.2$ sudo touch Dockerfile
bash-3.2$ 
bash-3.2$ ls
Dockerfile
bash-3.2$ vim Dok[Kckerfile
[?2004h[?1049h[?1h=[?2004h[1;24r[?12;25h[?12l[?25h[27m[m[H[2J[?25l[24;1H"Dockerfile" [readonly] 0L, 0C[2;1Hâ–½[6n[2;1H  [1;1H[>c]11;?[2;1H[94m~                                                                               [3;1H~                                                                               [4;1H~                                                                               [5;1H~                                                                               [6;1H~                                                                               [7;1H~                                                                               [8;1H~                                                                               [9;1H~                                                                               [10;1H~                                                                               [11;1H~                                                                               [12;1H~                                                                               [13;1H~                                                                               [14;1H~                                                                               [15;1H~                                                                               [16;1H~                                                                               [17;1H~                                                                               [18;1H~                                                                               [19;1H~                                                                               [20;1H~                                                                               [21;1H~                                                                               [22;1H~                                                                               [23;1H~                                                                               [1;1H[?12l[?25h[?25l[m[24;1H[31mW10: Warning: Changing a readonly file[?2004l[?2004h[m
[97m[41mE325: ATTENTION[m
Found a swap file by the name ".Dockerfile.swp"
[10Cowned by: root   dated: Wed Mar  7 13:48:20 2018
[9Cfile name: ~root/Potatoe/docker/Dockerfile
[10Cmodified: YES
[9Cuser name: root   host name: Jasons-MacBook-Pro.local
[8Cprocess ID: 1679
While opening file "Dockerfile"
[13Cdated: Wed Mar  7 13:53:13 2018
      NEWER than swap file!

(1) Another program may be editing the same file.  If this is the case,
    be careful not to end up with two different instances of the same
    file when making changes.  Quit, or continue with caution.
(2) An edit session for this file crashed.
    If this is the case, use ":recover" or "vim -r Dockerfile"
    to recover the changes (see ":help recovery").
    If you did this already, delete the swap file ".Dockerfile.swp"
    to avoid this message.

[?2004l[?2004h[32mPress ENTER or type command to continue[m[1m-- INSERT --[m[24;13H[K[27m[m[H[2J[2;1Hm
[94m~                                                                               [4;1H~                                                                               [5;1H~                                                                               [6;1H~                                                                               [7;1H~                                                                               [8;1H~                                                                               [9;1H~                                                                               [10;1H~                                                                               [11;1H~                                                                               [12;1H~                                                                               [13;1H~                                                                               [14;1H~                                                                               [15;1H~                                                                               [16;1H~                                                                               [17;1H~                                                                               [18;1H~                                                                               [19;1H~                                                                               [20;1H~                                                                               [21;1H~                                                                               [22;1H~                                                                               [23;1H~                                                                               [m[24;1H[1m-- INSERT --[2;2H[?12l[?25h[?25l[mF[?12l[?25h[?25l[2;2H[K[2;2H[?12l[?25h[?25l[2;1H[K[2;1H[?12l[?25h[?25lF[?12l[?25h[?25lr[?12l[?25h[?25lo[?12l[?25h[?25lm[?12l[?25h[?25l [?12l[?25h[?25lU[?12l[?25h[?25lb[?12l[?25h[?25lu[?12l[?25h[?25l[2;8H[K[2;8H[?12l[?25h[?25l[2;7H[K[2;7H[?12l[?25h[?25l[2;6H[K[2;6H[?12l[?25h[?25lu[?12l[?25h[?25lb[?12l[?25h[?25lu[?12l[?25h[?25ln[?12l[?25h[?25lt[?12l[?25h[?25lu[?12l[?25h[?25l:[?12l[?25h[?25l1[?12l[?25h[?25l6[?12l[?25h[?25l.[?12l[?25h[?25l0[?12l[?25h[?25l4[?12l[?25h[?25l[3;1H[K[3;1H[?12l[?25h[?25lR[?12l[?25h[?25lu[?12l[?25h[?25ln[?12l[?25h[?25l [?12l[?25h[?25la[?12l[?25h[?25lp[?12l[?25h[?25lt[?12l[?25h[?25l[3;7H[K[3;7H[?12l[?25h[?25l[3;6H[K[3;6H[?12l[?25h[?25l[3;5H[K[3;5H[?12l[?25h[?25l[?12l[?25h[?25l[3;3H[K[3;3H[?12l[?25h[?25l[3;2H[K[3;2H[?12l[?25h[?25l[3;1H[K[3;1H[?12l[?25h[?25l[4;1H[K[4;1H[?12l[?25h[?25lR[?12l[?25h[?25lR[?12l[?25h[?25l[4;2H[K[4;2H[?12l[?25h[?25lu[?12l[?25h[?25ln[?12l[?25h[?25l [?12l[?25h[?25la[?12l[?25h[?25lp[?12l[?25h[?25lt[?12l[?25h[?25l-[?12l[?25h[?25lg[?12l[?25h[?25le[?12l[?25h[?25lt[?12l[?25h[?25l [?12l[?25h[?25lu[?12l[?25h[?25lp[?12l[?25h[?25ld[?12l[?25h[?25la[?12l[?25h[?25lt[?12l[?25h[?25le[?12l[?25h[?25l[5;1H[K[5;1H[?12l[?25h[4;1HRun [?25l apt-get updateRun  [?12l[?25h[?25ls apt-get updateRun s[?12l[?25h[?25lu apt-get update[4;7H[?12l[?25h[?25ld apt-get update[4;8H[?12l[?25h[?25lo apt-get update[4;9H[?12l[?25h
[?25lR[?12l[?25h[?25lU[?12l[?25h[?25lN[?12l[?25h[4;4H[?25l sudo apt-get update[4;23H[K[4;3H[?12l[?25h[?25l sudo apt-get update[4;22H[K[4;2H[?12l[?25h[?25lU sudo apt-get updateRU[?12l[?25h[?25lN sudo apt-get updateRUN[?12l[?25h[24;1H[K[4;3H[?25l[?12l[?25h[?25l[24;1H[97m[41mE35: No previous regular expression[4;3H[?12l[?25h[3;1H[2;3H[1;1H[?25l[m[24;1H[K[24;1H:[?2004h[?12l[?25hqa![?25l[?2004l[24;1H[K[24;1H[?2004l[?1l>[?12l[?25h[?1049lbash-3.2$ vim Dockerfile
[?2004h[?1049h[?1h=[?2004h[1;24r[?12;25h[?12l[?25h[27m[m[H[2J[?25l[24;1H"Dockerfile" [readonly] 0L, 0C[2;1Hâ–½[6n[2;1H  [1;1H[>c]11;?[2;1H[94m~                                                                               [3;1H~                                                                               [4;1H~                                                                               [5;1H~                                                                               [6;1H~                                                                               [7;1H~                                                                               [8;1H~                                                                               [9;1H~                                                                               [10;1H~                                                                               [11;1H~                                                                               [12;1H~                                                                               [13;1H~                                                                               [14;1H~                                                                               [15;1H~                                                                               [16;1H~                                                                               [17;1H~                                                                               [18;1H~                                                                               [19;1H~                                                                               [20;1H~                                                                               [21;1H~                                                                               [22;1H~                                                                               [23;1H~                                                                               [1;1H[?12l[?25h[?25l[m[24;1H[1m-- INSERT --[m[24;14H[K[24;14H[31mW10: Warning: Changing a readonly file[?2004l[?2004h[m
[97m[41mE325: ATTENTION[m
Found a swap file by the name ".Dockerfile.swp"
[10Cowned by: root   dated: Wed Mar  7 13:48:20 2018
[9Cfile name: ~root/Potatoe/docker/Dockerfile
[10Cmodified: YES
[9Cuser name: root   host name: Jasons-MacBook-Pro.local
[8Cprocess ID: 1679
While opening file "Dockerfile"
[13Cdated: Wed Mar  7 13:53:13 2018
      NEWER than swap file!

(1) Another program may be editing the same file.  If this is the case,
    be careful not to end up with two different instances of the same
    file when making changes.  Quit, or continue with caution.
(2) An edit session for this file crashed.
    If this is the case, use ":recover" or "vim -r Dockerfile"
    to recover the changes (see ":help recovery").
    If you did this already, delete the swap file ".Dockerfile.swp"
    to avoid this message.

[?2004l[?2004h[32mPress ENTER or type command to continue[27m[m[H[2J[1;1H##      Einfache Apache Umgebung
#
FROM ubuntu:14.04
MAINTAINE
[94m~                                                                               [6;1H~                                                                               [7;1H~                                                                               [8;1H~                                                                               [9;1H~                                                                               [10;1H~                                                                               [11;1H~                                                                               [12;1H~                                                                               [13;1H~                                                                               [14;1H~                                                                               [15;1H~                                                                               [16;1H~                                                                               [17;1H~                                                                               [18;1H~                                                                               [19;1H~                                                                               [20;1H~                                                                               [21;1H~                                                                               [22;1H~                                                                               [23;1H~                                                                               [m[24;1H[1m-- INSERT (paste) --[4;10H[?12l[?25h[?25l[mR Marcel mc-b Bernet <marcel.bernet@ch-open.ch>[5;1H[K[6;1HRUN apt-get upd[6;16H[K[6;16H[?12l[?25h[?25late
RUN apt-get -q -y install apache2 [7;35H[K[8;1H[K[9;1H# Konfiguration Apache[9;23H[K[10;1HE[10;2H[K[10;2H[?12l[?25h[?25lNV APACHE_RUN_USER www-data
ENV APACHE_RUN_GROUP www-data[11;30H[K[12;1HENV A[12;6H[K[12;6H[?12l[?25h[?25lPACHE_LOG_DIR /var/log/apache2[13;1H[K[14;1HRUN mkdir -p /var/lock/apache2 [14;32H[K[14;32H[?12l[?25h[?25l/var/run/apache2[15;1H[K[16;1HEXPOSE 80[16;10H[K[17;1H[K[18;1HVOLUME /var/www/html[18;21H[K[19;1H[K[20;1HCMD /bin/bas[20;13H[K[20;13H[?12l[?25h[?25lh -c "source /etc/apache2/envvars && exec /usr/sbin/apache2 -DF[?12l[?25h[?25l[24;1H[K[20;76HOREGRR[21;1HOUND"[21;6H[K[21;5H[?12l[?25h[19;1H[21;5H[19;1H[21;5H[20;80HFOREG
[20;80HG
OUND[20;80H
[20;80HEG
[20;80H[19;1H[20;69H[?25l[24;1H[1m-- INSERT --[m[20;68Hhe2 -DFOREGROO[21;1HUND"[21;5H[K[20;68H[?12l[?25hapa[?25lche2 -DFOREGRR[21;1HOUND"[20;69H[?12l[?25hh[?25l[20;64H[K[21;1H/apache2 -DFOREGROUND"[?12l[?25h[?25l[20;64H/apache2 -DFOREGRR[21;1HOUND"[21;6H[K[20;64H[?12l[?25h[?25l[24;4H[1m(insert)- --[20;41H[?12l[?25h[?25l[24;4HINSERTt --[m[24;13H[K[20;41H[?12l[?25h[19;1H[20;41Hvvars && exec /usr/sbin/apache2 -DFOREG
OUND"[?25l[21;5H[K[21;5H[?12l[?25hUND[?25l[21;4H[K[21;4H[?12l[?25h[?25l[21;3H[K[21;3H[?12l[?25h[?25l[21;2H[K[21;2H[?12l[?25h[?25l[94m~                                                                               [21;1H[?12l[?25h[?25l[m[20;80H[K[20;80H[?12l[?25h[?25l[20;79H[K[20;79H[?12l[?25h[?25l[20;78H[K[20;78H[?12l[?25h[?25l[20;77H[K[20;77H[?12l[?25h[?25l[20;76H[K[20;76H[?12l[?25h[?25lO[?12l[?25h[?25lR[?12l[?25h[?25lE[?12l[?25h[?25lG[?12l[?25h[?25lR[21;1H[?12l[?25h[?25lO[21;2H[K[21;2H[?12l[?25h[?25lU[?12l[?25h[?25lN[?12l[?25h[?25lD[?12l[?25h[19;1H[18;21H[17;1H[16;10H[15;1H[14;48H[13;1H[12;36H[11;30H[10;29H[9;23H[8;1H[7;35H[6;19H[5;1H[4;57H
[6;19H[7;35H
[7;35H[6;19H[5;1H[4;57H[?25l[4;56H[K[4;56H[?12l[?25h[?25l[4;55H[K[4;55H[?12l[?25h[?25l[4;54H[K[4;54H[?12l[?25h[?25l[4;53H[K[4;53H[?12l[?25h[?25l[4;52H[K[4;52H[?12l[?25h[?25l[4;51H[K[4;51H[?12l[?25h[?25l[4;50H[K[4;50H[?12l[?25h[?25l[4;49H[K[4;49H[?12l[?25h[?25l[4;48H[K[4;48H[?12l[?25h[?25l[4;47H[K[4;47H[?12l[?25h[?25l[34m^Z[?12l[?25h[?25l^Z[?12l[?25h[?25l^Z[?12l[?25h[?25l[m[4;51H[K[4;51H[?12l[?25h[?25l^[?12l[?25h[?25l[4;51H[K[4;51H[?12l[?25h[?25l[4;49H[K[4;49H[?12l[?25h[?25l[4;47H[K[4;47H[?12l[?25h[?25lH[?12l[?25h[?25l[4;47H[K[4;47H[?12l[?25h[?25lh[?12l[?25h[?25l-[?12l[?25h[?25lo[?12l[?25h[?25lp[?12l[?25h[?25le[?12l[?25h[?25ln[?12l[?25h[?25l.[?12l[?25h[?25lc[?12l[?25h[?25lh[?12l[?25h[?25l[5;23r[5;1H[L[1;24r[5;1H[?12l[?25h[?25l[4;23r[23;1H
[1;24r[4;1HMAINTAINER Marcel mc-b Bernet <marcel.bernet@ch-open.ch[23;1H[94m~                                                                               [4;56H[?12l[?25h
[6;19H[7;35H
[9;23H[10;29H[11;30H[12;36H
[14;48H
[16;10H
[18;21H
[20;56H[musr/sbin/apache2 -DFOREG
OUND[19;1H[18;21H[17;1H[16;10H[15;1H[14;48H[13;1H[12;36H[11;30H[10;29H[9;23H[8;1H[7;35H[6;19H[5;1H[4;56H[3;18H[2;2H[1;33H[?25l[1;32H[K[1;32H[?12l[?25h[?25l[1;31H[K[1;31H[?12l[?25h[?25l[1;30H[K[1;30H[?12l[?25h[?25l[1;29H[K[1;29H[?12l[?25h[?25l[1;28H[K[1;28H[?12l[?25h[?25l[1;27H[K[1;27H[?12l[?25h[?25l[1;26H[K[1;26H[?12l[?25h[?25l[1;25H[K[1;25H[?12l[?25h[?25l[?12l[?25h[?25l[1;23H[K[1;23H[?12l[?25h[?25l[1;22H[K[1;22H[?12l[?25h[?25l[1;21H[K[1;21H[?12l[?25h[?25l[1;20H[K[1;20H[?12l[?25h[?25l[1;19H[K[1;19H[?12l[?25h[?25l[1;18H[K[1;18H[?12l[?25h[?25l[?12l[?25h[?25l[1;16H[K[1;16H[?12l[?25h[?25l[1;15H[K[1;15H[?12l[?25h[?25l[1;14H[K[1;14H[?12l[?25h[?25l[1;13H[K[1;13H[?12l[?25h[?25l[1;12H[K[1;12H[?12l[?25h[?25l[1;11H[K[1;11H[?12l[?25h[?25l[1;10H[K[1;10H[?12l[?25h[?25l[1;9H[K[1;9H[?12l[?25h[?25l##[?12l[?25h[?25l:[?12l[?25h[?25lq[?12l[?25h[?25la[?12l[?25h[?25l![?12l[?25h[?25l[1;6H[K[1;6H[?12l[?25h[?25l[1;5H[K[1;5H[?12l[?25h[?25l[1;4H[K[1;4H[?12l[?25h[?25l[1;3H[K[1;3H[?12l[?25h
#
FR
MA

RU
RU

# 
EN
EN
EN

RU

EX

VO

CM[?25l[24;4H[1m(insert)- --[20;3H[?12l[?25h[?25l[24;4HINSERTt --[m[24;13H[K[20;37H1[42CRR[21;1HO[20;37H[?12l[?25h[?25l[24;1H[K[20;36H[?12l[?25h[?25l[24;1HType  :qa!  and press <Enter> to abandon all changes and exit Vim[20;36H[?12l[?25h[?25l[24;1H[K[24;1H:[?2004h[?12l[?25hqa![?25l[?2004l[24;1H[K[24;1H[?2004l[?1l>[?12l[?25h[?1049lbash-3.2$ vim Dockerfile
[?2004h[?1049h[?1h=[?2004h[1;24r[?12;25h[?12l[?25h[27m[m[H[2J[?25l[24;1H"Dockerfile" [readonly] 0L, 0C[2;1Hâ–½[6n[2;1H  [1;1H[>c]11;?[2;1H[94m~                                                                               [3;1H~                                                                               [4;1H~                                                                               [5;1H~                                                                               [6;1H~                                                                               [7;1H~                                                                               [8;1H~                                                                               [9;1H~                                                                               [10;1H~                                                                               [11;1H~                                                                               [12;1H~                                                                               [13;1H~                                                                               [14;1H~                                                                               [15;1H~                                                                               [16;1H~                                                                               [17;1H~                                                                               [18;1H~                                                                               [19;1H~                                                                               [20;1H~                                                                               [21;1H~                                                                               [22;1H~                                                                               [23;1H~                                                                               [1;1H[?12l[?25h[?25l[m[24;1HType  :qa!  and press <Enter> to abandon all changes and exit Vim[1;1H[?12l[?25h[?25l[24;1H[K[24;1H:[?2004h[?12l[?25hqa![?25l[?2004l[24;1H[K[24;1H[?2004l[?1l>[?12l[?25h[?1049lbash-3.2$ nano dockerfile[K[K[K[K[K[K[K[K[K[Kdo[K[KDockerfile 
[?1049h[1;24r(B[m[4l[?7h[?12l[?25h[?1h=[?1h=[?1h=[39;49m[39;49m(B[m[H[2J(B[0;7m  GNU nano 2.0.6              File: Dockerfile                                  [22;33H[ Read 0 lines ][23d^G(B[m Get Help  (B[0;7m^O(B[m WriteOut  (B[0;7m^R(B[m Read File (B[0;7m^Y(B[m Prev Page (B[0;7m^K(B[m Cut Text  (B[0;7m^C(B[m Cur Pos[24d(B[0;7m^X(B[m Exit[14G(B[0;7m^J(B[m Justify   (B[0;7m^W(B[m Where Is  (B[0;7m^V(B[m Next Page (B[0;7m^U(B[m UnCut Text(B[0;7m^T(B[m To Spell[3d[1;71H(B[0;7mModified[3d(B[mENV APACHE_RUN_USER www-data[4dENV APACHE_RUN_GROUP www-data[5dENV APACHE_LOG_DIR /var/log/apache2[7dRUN mkdir -p /var/lock/apache2 /var/run/apache2[9dEXPOSE 80[11dVOLUME /var/www/html[22d[K[13d$DFOREGROUND"CMD /bin/bash -c "source /etc/apache2/envvars && exec /usr/sbin/apache2 -DFOREG$[12;1H[11;21H[A[9;10H[A[7;48H[A[5;36H[4;30H[A[2;21r[2;1H[9T[1;24r[3;1H#[9GEinfache Apache Umgebung[4d#[5dFROM ubuntu:14.04[6dMAINTAINER Marcel mc-b Bernet <marcel.bernet@ch-open.ch>[8dRUN apt-get update[9dRUN apt-get -q -y install apache2[11d# Konfiguration Apache[A[9;35H[8;19H[A[6;57H[4d#[3;33H[2;22r[2;1HM[1;24r[3;1H#[4;33H[5d#[6;18H[7;57H[8d[7;57H[6;18H[A#[4;33H[A#[4;33H                      #[K[4;22r[22;1H
[1;24r[3;2H[4d[5d[6d[7d[8dR[9d[10d[11d#[12d[13d[14d[15d[16dR[17d[18dE[19d[20dV[21d7[3;22r8[22d[9S[1;24r[13;1HCMD /bin/bash -c "source /etc/apache2/envvars && exec /usr/sbin/apache2 -DFOREG$[13;2H[14d[AC[A[AV[A[AE[A[AR[A[AE[A[A[2;21r[2;1H[9T[1;24r[3;1H#[4d#[5dFROM ubuntu:14.04[6dMAINTAINER Marcel mc-b Bernet <marcel.bernet@ch-open.ch>[8dRUN apt-get update[9dRUN apt-get -q -y install apache2[11d# Konfiguration Apache#[A[AR[A[A[AM[A[A[A[22d(B[0;7mFile Name to Write: Dockerfile                                                  [23;14H(B[m       (B[0;7m^T(B[m To Files         (B[0;7mM-M(B[m Mac Format      (B[0;7mM-P(B[m Prepend[K[24;2H(B[0;7mC(B[m Cancel           (B[0;7mM-D(B[m DOS Format      (B[0;7mM-A(B[m Append          (B[0;7mM-B(B[m Backup File[K[22;31H[22;16H[1K (B[0;7m[ Error writing Dockerfile: Permission denied ](B[m[K[23;14H(B[0;7m^O(B[m WriteOut  (B[0;7m^R(B[m Read File (B[0;7m^Y(B[m Prev Page (B[0;7m^K(B[m Cut Text  (B[0;7m^C(B[m Cur Pos[24;2H(B[0;7mX(B[m Exit      (B[0;7m^J(B[m Justify   (B[0;7m^W(B[m Where Is  (B[0;7m^V(B[m Next Page (B[0;7m^U(B[m UnCut Text(B[0;7m^T(B[m To Spell[3d#[22d(B[0;7mSave modified buffer (ANSWERING "No" WILL DESTROY CHANGES) ?                    [23;1H Y(B[m Yes[K[24d(B[0;7m N(B[m No  [14G   (B[0;7m^C(B[m Cancel[K[22;62H(B[0;7mFile Name to Write: Dockerfile                              [23d^G(B[m Get Help[23;21H(B[0;7m^T(B[m To Files[23;41H(B[0;7mM-M(B[m Mac Format[61G(B[0;7mM-P(B[m Prepend[24d(B[0;7m^C(B[m Cancel[17G    (B[0;7mM-D(B[m DOS Format[41G(B[0;7mM-A(B[m Append[24;61H(B[0;7mM-B(B[m Backup File[22;31H[22;16H[1K (B[0;7m[ Error writing Dockerfile: Permission denied ](B[m[K[23;14H(B[0;7m^O(B[m WriteOut  (B[0;7m^R(B[m Read File (B[0;7m^Y(B[m Prev Page (B[0;7m^K(B[m Cut Text  (B[0;7m^C(B[m Cur Pos[24;2H(B[0;7mX(B[m Exit      (B[0;7m^J(B[m Justify   (B[0;7m^W(B[m Where Is  (B[0;7m^V(B[m Next Page (B[0;7m^U(B[m UnCut Text(B[0;7m^T(B[m To Spell[3d#[22d(B[0;7mSave modified buffer (ANSWERING "No" WILL DESTROY CHANGES) ?                    [23;1H Y(B[m Yes[K[24d(B[0;7m N(B[m No  [14G   (B[0;7m^C(B[m Cancel[K[22;62H[23d[J[24;80H[24;1H[?1049l[?1l>bash-3.2$ 
bash-3.2$ sudo nano Dockerfile 
Password:
[?1049h[1;24r(B[m[4l[?7h[?12l[?25h[?1h=[?1h=[?1h=[39;49m[39;49m(B[m[H[2J(B[0;7m  GNU nano 2.0.6              File: Dockerfile                                  [22;33H[ Read 0 lines ][23d^G(B[m Get Help  (B[0;7m^O(B[m WriteOut  (B[0;7m^R(B[m Read File (B[0;7m^Y(B[m Prev Page (B[0;7m^K(B[m Cut Text  (B[0;7m^C(B[m Cur Pos[24d(B[0;7m^X(B[m Exit[14G(B[0;7m^J(B[m Justify   (B[0;7m^W(B[m Where Is  (B[0;7m^V(B[m Next Page (B[0;7m^U(B[m UnCut Text(B[0;7m^T(B[m To Spell[3d[1;71H(B[0;7mModified[3d(B[mENV APACHE_RUN_USER www-data[4dENV APACHE_RUN_GROUP www-data[5dENV APACHE_LOG_DIR /var/log/apache2[7dRUN mkdir -p /var/lock/apache2 /var/run/apache2[9dEXPOSE 80[11dVOLUME /var/www/html[22d[K[13d$DFOREGROUND"CMD /bin/bash -c "source /etc/apache2/envvars && exec /usr/sbin/apache2 -DFOREG$[12;1H[11;21H[A[9;10H[A[7;48H[A[5;36H[4;30H[A[2;21r[2;1H[9T[1;24r[3;1H#[9GEinfache Apache Umgebung[4d#[5dFROM ubuntu:14.04[6dMAINTAINER Marcel mc-b Bernet <marcel.bernet@ch-open.ch>[8dRUN apt-get update[9dRUN apt-get -q -y install apache2[11d# Konfiguration Apache[A[9;35H[8;19H[A[6;57H[5;18H[A#[3;33H[2;22r[2;1HM[1;24r[3;1H#[4;33H[5d#[4;33H[A#[4;33Hung[5d[4;33H                      #[5d[6d[7d[8d[9dR[10d[11d[12d#[13d[14d[15d[16d[17dR[18d[19dE[20d[21dV7[2;22r8[22d[9S[1;24r[14;1HCMD /bin/bash -c "source /etc/apache2/envvars && exec /usr/sbin/apache2 -DFOREG$[13;1H[14dC[15d[22;12H(B[0;7m[ line 22/22 (100%), col 1/1 (100%), char 424/424 (100%) ][15d(B[m[16d[22d(B[0;7mSave modified buffer (ANSWERING "No" WILL DESTROY CHANGES) ?                    [23;1H Y(B[m Yes[K[24d(B[0;7m N(B[m No  [14G   (B[0;7m^C(B[m Cancel[K[22;62H(B[0;7mFile Name to Write: Dockerfile                              [23d^G(B[m Get Help[23;21H(B[0;7m^T(B[m To Files[23;41H(B[0;7mM-M(B[m Mac Format[61G(B[0;7mM-P(B[m Prepend[24d(B[0;7m^C(B[m Cancel[17G    (B[0;7mM-D(B[m DOS Format[41G(B[0;7mM-A(B[m Append[24;61H(B[0;7mM-B(B[m Backup File[22;31H[23d[39;49m(B[m[J[1;71H(B[0;7m        [22;31H(B[m[1K (B[0;7m[ Wrote 22 lines ](B[m[K[24;80H[24;1H[?1049l[?1l>bash-3.2$ 
bash-3.2$ sudo nano Dockerfile 
[?1049h[1;24r(B[m[4l[?7h[?12l[?25h[?1h=[?1h=[?1h=[39;49m[39;49m(B[m[H[2J(B[0;7m  GNU nano 2.0.6              File: Dockerfile                                  [3;1H(B[m#[4d#[5d#[6dFROM ubuntu:14.04[7dMAINTAINER Marcel mc-b Bernet <marcel.bernet@ch-open.ch>[9dRUN apt-get update[10dRUN apt-get -q -y install apache2[12d# Konfiguration Apache[13dENV APACHE_RUN_USER www-data[14dENV APACHE_RUN_GROUP www-data[15dENV APACHE_LOG_DIR /var/log/apache2[17dRUN mkdir -p /var/lock/apache2 /var/run/apache2[19dEXPOSE 80[21dVOLUME /var/www/html[22;32H(B[0;7m[ Read 22 lines ][23d^G(B[m Get Help  (B[0;7m^O(B[m WriteOut  (B[0;7m^R(B[m Read File (B[0;7m^Y(B[m Prev Page (B[0;7m^K(B[m Cut Text  (B[0;7m^C(B[m Cur Pos[24d(B[0;7m^X(B[m Exit[14G(B[0;7m^J(B[m Justify   (B[0;7m^W(B[m Where Is  (B[0;7m^V(B[m Next Page (B[0;7m^U(B[m UnCut Text(B[0;7m^T(B[m To Spell[3d[1;71H(B[0;7mModified[3d(B[mx#[22d(B[0;7mSave modified buffer (ANSWERING "No" WILL DESTROY CHANGES) ?                    [23;1H Y(B[m Yes[K[24d(B[0;7m N(B[m No  [14G   (B[0;7m^C(B[m Cancel[K[22;62H[22;33H[1K (B[0;7m[ Cancelled ](B[m[K[23d(B[0;7m^G(B[m Get Help  (B[0;7m^O(B[m WriteOut  (B[0;7m^R(B[m Read File (B[0;7m^Y(B[m Prev Page (B[0;7m^K(B[m Cut Text  (B[0;7m^C(B[m Cur Pos[24d(B[0;7m^X(B[m Exit[14G(B[0;7m^J(B[m Justify   (B[0;7m^W(B[m Where Is  (B[0;7m^V(B[m Next Page (B[0;7m^U(B[m UnCut Text(B[0;7m^T(B[m To Spell[3dx[22;16H(B[0;7m[ line 1/23 (4%), col 2/3 (66%), char 1/426 (0%) ][3;2H(B[m#[K[22;38H(B[0;7m1/2 (50[22;54H0/425[3d(B[m[2;21r[2;1HM[1;24r[4;1H[2;21r[21;1H
[1;24r[21;1HVOLUME /var/www/html[3d[4d[5d[6d[7d[8d[9d[22d(B[0;7mFile Name to Write: Dockerfile                                                  [23;14H(B[m       (B[0;7m^T(B[m To Files         (B[0;7mM-M(B[m Mac Format      (B[0;7mM-P(B[m Prepend[K[24;2H(B[0;7mC(B[m Cancel           (B[0;7mM-D(B[m DOS Format      (B[0;7mM-A(B[m Append          (B[0;7mM-B(B[m Backup File[K[22;31H[1;71H[39;49m(B[0;7m        [22;31H(B[m[1K (B[0;7m[ Wrote 22 lines ](B[m[K[23;14H(B[0;7m^O(B[m WriteOut  (B[0;7m^R(B[m Read File (B[0;7m^Y(B[m Prev Page (B[0;7m^K(B[m Cut Text  (B[0;7m^C(B[m Cur Pos[24;2H(B[0;7mX(B[m Exit      (B[0;7m^J(B[m Justify   (B[0;7m^W(B[m Where Is  (B[0;7m^V(B[m Next Page (B[0;7m^U(B[m UnCut Text(B[0;7m^T(B[m To Spell[9d[22;14H(B[0;7m[ line 7/23 (30%), col 1/19 (5%), char 82/425 (19%) ][9d(B[m[23d[J[24;80H[24;1H[?1049l[?1l>bash-3.2$ 
bash-3.2$ $
bash: $: command not found
bash-3.2$ [A[B[1PB[1PB[1PB[K$sudo nano Dockerfile 
[?1049h[1;24r(B[m[4l[?7h[?12l[?25h[?1h=[?1h=[?1h=[39;49m[39;49m(B[m[H[2J(B[0;7m  GNU nano 2.0.6              File: Dockerfile                                  [3;1H(B[m#[4d#[5d#[6dFROM ubuntu:14.04[7dMAINTAINER Marcel mc-b Bernet <marcel.bernet@ch-open.ch>[9dRUN apt-get update[10dRUN apt-get -q -y install apache2[12d# Konfiguration Apache[13dENV APACHE_RUN_USER www-data[14dENV APACHE_RUN_GROUP www-data[15dENV APACHE_LOG_DIR /var/log/apache2[17dRUN mkdir -p /var/lock/apache2 /var/run/apache2[19dEXPOSE 80[21dVOLUME /var/www/html[22;32H(B[0;7m[ Read 22 lines ][23d^G(B[m Get Help  (B[0;7m^O(B[m WriteOut  (B[0;7m^R(B[m Read File (B[0;7m^Y(B[m Prev Page (B[0;7m^K(B[m Cut Text  (B[0;7m^C(B[m Cur Pos[24d(B[0;7m^X(B[m Exit[14G(B[0;7m^J(B[m Justify   (B[0;7m^W(B[m Where Is  (B[0;7m^V(B[m Next Page (B[0;7m^U(B[m UnCut Text(B[0;7m^T(B[m To Spell[3d[4d[5d[6d[7d[8d[9d[23d[J[24;80H[24;1H[?1049l[?1l>bash-3.2$ sudo nano Dockerfile [C[C[C[C[C[C[C[C[C[C$[Ksudo nano Dockerfile [K[K[K[K[K[K[C[C[C[C[C[C[C[C[C[C[Kclear
[H[2Jbash-3.2$ clearsudo nano Dockef[Krfile 
[?1049h[1;24r(B[m[4l[?7h[?12l[?25h[?1h=[?1h=[?1h=[39;49m[39;49m(B[m[H[2J(B[0;7m  GNU nano 2.0.6              File: Dockerfile                                  [22;33H[ Read 0 lines ][23d^G(B[m Get Help  (B[0;7m^O(B[m WriteOut  (B[0;7m^R(B[m Read File (B[0;7m^Y(B[m Prev Page (B[0;7m^K(B[m Cut Text  (B[0;7m^C(B[m Cur Pos[24d(B[0;7m^X(B[m Exit[14G(B[0;7m^J(B[m Justify   (B[0;7m^W(B[m Where Is  (B[0;7m^V(B[m Next Page (B[0;7m^U(B[m UnCut Text(B[0;7m^T(B[m To Spell[3d[1;71H(B[0;7mModified[3d(B[mENV APACHE_RUN_USER www-data[4dENV APACHE_RUN_GROUP www-data[5dENV APACHE_LOG_DIR /var/log/apache2[7dRUN mkdir -p /var/lock/apache2 /var/run/apache2[9dEXPOSE 80[11dVOLUME /var/www/html[22d[K[13d$DFOREGROUND"CMD /bin/bash -c "source /etc/apache2/envvars && exec /usr/sbin/apache2 -DFOREG$[12;1H[11;21H[A[9;10H[A[9;10H[10d[11;21H[12d[13d$DFOREGROUND"[KCMD /bin/bash -c "source /etc/apache2/envvars && exec /usr/sbin/apache2 -DFOREG$[14;1H[A$DFOREGROUND"[KCMD /bin/bash -c "source /etc/apache2/envvars && exec /usr/sbin/apache2 -DFOREG$[14;1H[A$DFOREGROUND"[KCMD /bin/bash -c "source /etc/apache2/envvars && exec /usr/sbin/apache2 -DFOREG$[14;1H[A$DFOREGROUND"[KCMD /bin/bash -c "source /etc/apache2/envvars && exec /usr/sbin/apache2 -DFOREG$[13;79HORE$DFOREGROUND"[K[8GCMD /bin/bash -c "source /etc/apache2/envvars && exec /usr/sbin/apache2 -DFOREG$[13;79H$DFOREGROUND"[K[8GCMD /bin/bash -c "source /etc/apache2/envvars && exec /usr/sbin/apache2 -DFOREG$[13;79H[A[11;21H[A[9;10H[A[7;48H[A[5;36H[4;30H[A[2;21r[2;1H[9T[1;24r[3;1H#[9GEinfache Apache Umgebung[4d#[5dFROM ubuntu:14.04[6dMAINTAINER Marcel mc-b Bernet <marcel.bernet@ch-open.ch>[8dRUN apt-get update[9dRUN apt-get -q -y install apache2[11d# Konfiguration Apache[A[9;35H[8;19H[A[6;57H[5;18H[A#[3;33H[2;22r[2;1HM[1;24r[3;1H#[4;33H                      #[22;25H(B[0;7m[ XOFF ignored, mumble mumble ][4;2H(B[m[22;15H(B[0;7m[ line 2/22 (9%), col 2/2 (100%), char 3/424 (0%) ][4;2H(B[m7[5;21r8[5dM[1;24r[5;1H[5;21r[21;1H
[1;24r[21;1HVOLUME /var/www/html[4d#[22d(B[0;7mSave modified buffer (ANSWERING "No" WILL DESTROY CHANGES) ?                    [23;1H Y(B[m Yes[K[24d(B[0;7m N(B[m No  [14G   (B[0;7m^C(B[m Cancel[K[22;62H(B[0;7mFile Name to Write: Dockerfile                              [23d^G(B[m Get Help[23;21H(B[0;7m^T(B[m To Files[23;41H(B[0;7mM-M(B[m Mac Format[61G(B[0;7mM-P(B[m Prepend[24d(B[0;7m^C(B[m Cancel[17G    (B[0;7mM-D(B[m DOS Format[41G(B[0;7mM-A(B[m Append[24;61H(B[0;7mM-B(B[m Backup File[22;31H[23d[39;49m(B[m[J[1;71H(B[0;7m        [22;31H(B[m[1K (B[0;7m[ Wrote 21 lines ](B[m[K[24;80H[24;1H[?1049l[?1l>bash-3.2$ sudo nano Dockerfile 
[?1049h[1;24r(B[m[4l[?7h[?12l[?25h[?1h=[?1h=[?1h=[39;49m[39;49m(B[m[H[2J(B[0;7m  GNU nano 2.0.6              File: Dockerfile                                  [3;1H(B[m#[4d#[5d#[6dFROM ubuntu:14.04[7dMAINTAINER Marcel mc-b Bernet <marcel.bernet@ch-open.ch>[9dRUN apt-get update[10dRUN apt-get -q -y install apache2[12d# Konfiguration Apache[13dENV APACHE_RUN_USER www-data[14dENV APACHE_RUN_GROUP www-data[15dENV APACHE_LOG_DIR /var/log/apache2[17dRUN mkdir -p /var/lock/apache2 /var/run/apache2[19dEXPOSE 80[21dVOLUME /var/www/html[22;32H(B[0;7m[ Read 21 lines ][23d^G(B[m Get Help  (B[0;7m^O(B[m WriteOut  (B[0;7m^R(B[m Read File (B[0;7m^Y(B[m Prev Page (B[0;7m^K(B[m Cut Text  (B[0;7m^C(B[m Cur Pos[24d(B[0;7m^X(B[m Exit[14G(B[0;7m^J(B[m Justify   (B[0;7m^W(B[m Where Is  (B[0;7m^V(B[m Next Page (B[0;7m^U(B[m UnCut Text(B[0;7m^T(B[m To Spell[3d[23d[J[24;80H[24;1H[?1049l[?1l>bash-3.2$ ls
Dockerfile
bash-3.2$ docker build -t u[Ktest
"docker build" requires exactly 1 argument.
See 'docker build --help'.

Usage:  docker build [OPTIONS] PATH | URL | - [flags]

Build an image from a Dockerfile
bash-3.2$ docker build -t test[K[K[K[K[K[K[K[K[K[K[K[K[K[K[K[K[K[K[K[Kdocker build -t test.
invalid argument "test." for "-t, --tag" flag: invalid reference format
See 'docker build --help'.
bash-3.2$ docker build -t test. .
Sending build context to Docker daemon  14.85kB
Step 1/10 : FROM ubuntu:14.04
14.04: Pulling from library/ubuntu

[1A[1K[K99ad4e3ced4d: Pulling fs layer [1B
[1A[1K[Kec5a723f4e2a: Pulling fs layer [1B
[1A[1K[K2a175e11567c: Pulling fs layer [1B
[1A[1K[K8d26426e95e0: Pulling fs layer [1B
[1A[1K[K46e451596b7c: Pulling fs layer [1B[2A[1K[K8d26426e95e0: Waiting [2B[1A[1K[K46e451596b7c: Waiting [1B[3A[1K[K2a175e11567c: Downloading     630B/630B[3B[3A[1K[K2a175e11567c: Verifying Checksum [3B[3A[1K[K2a175e11567c: Download complete [3B[4A[1K[Kec5a723f4e2a: Downloading  16.38kB/72.66kB[4B[4A[1K[Kec5a723f4e2a: Downloading  72.66kB/72.66kB[4B[4A[1K[Kec5a723f4e2a: Verifying Checksum [4B[4A[1K[Kec5a723f4e2a: Download complete [4B[5A[1K[K99ad4e3ced4d: Downloading  531.4kB/73MB[5B[5A[1K[K99ad4e3ced4d: Downloading  2.665MB/73MB[5B[5A[1K[K99ad4e3ced4d: Downloading  4.797MB/73MB[5B[2A[1K[K8d26426e95e0: Download complete [2B[1A[1K[K46e451596b7c: Downloading     163B/163B[1B[1A[1K[K46e451596b7c: Download complete [1B[5A[1K[K99ad4e3ced4d: Downloading  6.934MB/73MB[5B[5A[1K[K99ad4e3ced4d: Downloading  9.585MB/73MB[5B[5A[1K[K99ad4e3ced4d: Downloading  12.25MB/73MB[5B[5A[1K[K99ad4e3ced4d: Downloading  14.38MB/73MB[5B[5A[1K[K99ad4e3ced4d: Downloading  16.52MB/73MB[5B[5A[1K[K99ad4e3ced4d: Downloading  18.64MB/73MB[5B[5A[1K[K99ad4e3ced4d: Downloading  20.76MB/73MB[5B[5A[1K[K99ad4e3ced4d: Downloading   22.9MB/73MB[5B[5A[1K[K99ad4e3ced4d: Downloading  25.05MB/73MB[5B[5A[1K[K99ad4e3ced4d: Downloading  27.72MB/73MB[5B[5A[1K[K99ad4e3ced4d: Downloading   30.4MB/73MB[5B[5A[1K[K99ad4e3ced4d: Downloading  32.52MB/73MB[5B[5A[1K[K99ad4e3ced4d: Downloading  35.17MB/73MB[5B[5A[1K[K99ad4e3ced4d: Downloading  37.32MB/73MB[5B[5A[1K[K99ad4e3ced4d: Downloading  39.44MB/73MB[5B[5A[1K[K99ad4e3ced4d: Downloading  41.57MB/73MB[5B[5A[1K[K99ad4e3ced4d: Downloading  44.23MB/73MB[5B[5A[1K[K99ad4e3ced4d: Downloading  46.89MB/73MB[5B[5A[1K[K99ad4e3ced4d: Downloading  49.03MB/73MB[5B[5A[1K[K99ad4e3ced4d: Downloading  51.17MB/73MB[5B[5A[1K[K99ad4e3ced4d: Downloading   53.3MB/73MB[5B[5A[1K[K99ad4e3ced4d: Downloading  55.44MB/73MB[5B[5A[1K[K99ad4e3ced4d: Downloading  57.57MB/73MB[5B[5A[1K[K99ad4e3ced4d: Downloading   59.7MB/73MB[5B[5A[1K[K99ad4e3ced4d: Downloading  61.83MB/73MB[5B[5A[1K[K99ad4e3ced4d: Downloading  63.42MB/73MB[5B[5A[1K[K99ad4e3ced4d: Downloading  65.55MB/73MB[5B[5A[1K[K99ad4e3ced4d: Downloading  67.69MB/73MB[5B[5A[1K[K99ad4e3ced4d: Downloading  70.36MB/73MB[5B[5A[1K[K99ad4e3ced4d: Downloading  72.48MB/73MB[5B[5A[1K[K99ad4e3ced4d: Verifying Checksum [5B[5A[1K[K99ad4e3ced4d: Download complete [5B[5A[1K[K99ad4e3ced4d: Extracting  557.1kB/73MB[5B[5A[1K[K99ad4e3ced4d: Extracting  3.342MB/73MB[5B[5A[1K[K99ad4e3ced4d: Extracting  5.571MB/73MB[5B[5A[1K[K99ad4e3ced4d: Extracting  8.356MB/73MB[5B[5A[1K[K99ad4e3ced4d: Extracting  11.14MB/73MB[5B[5A[1K[K99ad4e3ced4d: Extracting  13.93MB/73MB[5B[5A[1K[K99ad4e3ced4d: Extracting  16.71MB/73MB[5B[5A[1K[K99ad4e3ced4d: Extracting   19.5MB/73MB[5B[5A[1K[K99ad4e3ced4d: Extracting  22.28MB/73MB[5B[5A[1K[K99ad4e3ced4d: Extracting  24.51MB/73MB[5B[5A[1K[K99ad4e3ced4d: Extracting   27.3MB/73MB[5B[5A[1K[K99ad4e3ced4d: Extracting  28.97MB/73MB[5B[5A[1K[K99ad4e3ced4d: Extracting   31.2MB/73MB[5B[5A[1K[K99ad4e3ced4d: Extracting  33.98MB/73MB[5B[5A[1K[K99ad4e3ced4d: Extracting  36.77MB/73MB[5B[5A[1K[K99ad4e3ced4d: Extracting  39.55MB/73MB[5B[5A[1K[K99ad4e3ced4d: Extracting  41.78MB/73MB[5B[5A[1K[K99ad4e3ced4d: Extracting  44.01MB/73MB[5B[5A[1K[K99ad4e3ced4d: Extracting  46.24MB/73MB[5B[5A[1K[K99ad4e3ced4d: Extracting  48.46MB/73MB[5B[5A[1K[K99ad4e3ced4d: Extracting  50.69MB/73MB[5B[5A[1K[K99ad4e3ced4d: Extracting  52.92MB/73MB[5B[5A[1K[K99ad4e3ced4d: Extracting  54.59MB/73MB[5B[5A[1K[K99ad4e3ced4d: Extracting  56.26MB/73MB[5B[5A[1K[K99ad4e3ced4d: Extracting  57.93MB/73MB[5B[5A[1K[K99ad4e3ced4d: Extracting  58.49MB/73MB[5B[5A[1K[K99ad4e3ced4d: Extracting  61.28MB/73MB[5B[5A[1K[K99ad4e3ced4d: Extracting   63.5MB/73MB[5B[5A[1K[K99ad4e3ced4d: Extracting  65.73MB/73MB[5B[5A[1K[K99ad4e3ced4d: Extracting   67.4MB/73MB[5B[5A[1K[K99ad4e3ced4d: Extracting  69.63MB/73MB[5B[5A[1K[K99ad4e3ced4d: Extracting  71.86MB/73MB[5B[5A[1K[K99ad4e3ced4d: Extracting  72.97MB/73MB[5B[5A[1K[K99ad4e3ced4d: Extracting     73MB/73MB[5B[5A[1K[K99ad4e3ced4d: Pull complete [5B[4A[1K[Kec5a723f4e2a: Extracting  32.77kB/72.66kB[4B[4A[1K[Kec5a723f4e2a: Extracting  72.66kB/72.66kB[4B[4A[1K[Kec5a723f4e2a: Extracting  72.66kB/72.66kB[4B[4A[1K[Kec5a723f4e2a: Pull complete [4B[3A[1K[K2a175e11567c: Extracting     630B/630B[3B[3A[1K[K2a175e11567c: Extracting     630B/630B[3B[3A[1K[K2a175e11567c: Pull complete [3B[2A[1K[K8d26426e95e0: Extracting     851B/851B[2B[2A[1K[K8d26426e95e0: Extracting     851B/851B[2B[2A[1K[K8d26426e95e0: Pull complete [2B[1A[1K[K46e451596b7c: Extracting     163B/163B[1B[1A[1K[K46e451596b7c: Extracting     163B/163B[1B[1A[1K[K46e451596b7c: Pull complete [1BDigest: sha256:159462193f5381fceffa28aa89df9740a790d5654b29fb0fb6098ce396c605a1
Status: Downloaded newer image for ubuntu:14.04
 ---> a35e70164dfb
Step 2/10 : RUN apt-get update
 ---> Running in 09d14a9a5f0b
Get:1 http://security.ubuntu.com trusty-security InRelease [65.9 kB]
Ign http://archive.ubuntu.com trusty InRelease
Get:2 http://archive.ubuntu.com trusty-updates InRelease [65.9 kB]
Get:3 http://archive.ubuntu.com trusty-backports InRelease [65.9 kB]
Get:4 http://archive.ubuntu.com trusty Release.gpg [933 B]
Get:5 http://archive.ubuntu.com trusty Release [58.5 kB]
Get:6 http://archive.ubuntu.com trusty-updates/universe Sources [248 kB]
Get:7 http://archive.ubuntu.com trusty-updates/main amd64 Packages [1320 kB]
Get:8 http://security.ubuntu.com trusty-security/universe Sources [83.2 kB]
Get:9 http://security.ubuntu.com trusty-security/main amd64 Packages [896 kB]
Get:10 http://archive.ubuntu.com trusty-updates/restricted amd64 Packages [21.4 kB]
Get:11 http://archive.ubuntu.com trusty-updates/universe amd64 Packages [576 kB]
Get:12 http://security.ubuntu.com trusty-security/restricted amd64 Packages [18.1 kB]
Get:13 http://security.ubuntu.com trusty-security/universe amd64 Packages [267 kB]
Get:14 http://archive.ubuntu.com trusty-updates/multiverse amd64 Packages [16.0 kB]
Get:15 http://archive.ubuntu.com trusty-backports/main amd64 Packages [14.7 kB]
Get:16 http://security.ubuntu.com trusty-security/multiverse amd64 Packages [4723 B]
Get:17 http://archive.ubuntu.com trusty-backports/restricted amd64 Packages [40 B]
Get:18 http://archive.ubuntu.com trusty-backports/universe amd64 Packages [52.5 kB]
Get:19 http://archive.ubuntu.com trusty-backports/multiverse amd64 Packages [1392 B]
Get:20 http://archive.ubuntu.com trusty/universe Sources [7926 kB]
Get:21 http://archive.ubuntu.com trusty/main amd64 Packages [1743 kB]
Get:22 http://archive.ubuntu.com trusty/restricted amd64 Packages [16.0 kB]
Get:23 http://archive.ubuntu.com trusty/universe amd64 Packages [7589 kB]
Get:24 http://archive.ubuntu.com trusty/multiverse amd64 Packages [169 kB]
Fetched 21.2 MB in 13s (1524 kB/s)
Reading package lists...
Removing intermediate container 09d14a9a5f0b
 ---> 8baa86b7d430
Step 3/10 : RUN apt-get -q -y install apache2
 ---> Running in e7109522298f
Reading package lists...
Building dependency tree...
Reading state information...
The following extra packages will be installed:
  apache2-bin apache2-data libapr1 libaprutil1 libaprutil1-dbd-sqlite3
  libaprutil1-ldap libasn1-8-heimdal libgssapi3-heimdal libhcrypto4-heimdal
  libheimbase1-heimdal libheimntlm0-heimdal libhx509-5-heimdal
  libkrb5-26-heimdal libldap-2.4-2 libroken18-heimdal libsasl2-2
  libsasl2-modules libsasl2-modules-db libwind0-heimdal libxml2 openssl
  sgml-base ssl-cert xml-core
Suggested packages:
  www-browser apache2-doc apache2-suexec-pristine apache2-suexec-custom ufw
  apache2-utils libsasl2-modules-otp libsasl2-modules-ldap
  libsasl2-modules-sql libsasl2-modules-gssapi-mit
  libsasl2-modules-gssapi-heimdal ca-certificates sgml-base-doc
  openssl-blacklist debhelper
The following NEW packages will be installed:
  apache2 apache2-bin apache2-data libapr1 libaprutil1 libaprutil1-dbd-sqlite3
  libaprutil1-ldap libasn1-8-heimdal libgssapi3-heimdal libhcrypto4-heimdal
  libheimbase1-heimdal libheimntlm0-heimdal libhx509-5-heimdal
  libkrb5-26-heimdal libldap-2.4-2 libroken18-heimdal libsasl2-2
  libsasl2-modules libsasl2-modules-db libwind0-heimdal libxml2 openssl
  sgml-base ssl-cert xml-core
0 upgraded, 25 newly installed, 0 to remove and 0 not upgraded.
Need to get 3442 kB of archives.
After this operation, 12.6 MB of additional disk space will be used.
Get:1 http://archive.ubuntu.com/ubuntu/ trusty-updates/main libroken18-heimdal amd64 1.6~git20131207+dfsg-1ubuntu1.2 [39.9 kB]
Get:2 http://archive.ubuntu.com/ubuntu/ trusty-updates/main libasn1-8-heimdal amd64 1.6~git20131207+dfsg-1ubuntu1.2 [160 kB]
Get:3 http://archive.ubuntu.com/ubuntu/ trusty-updates/main libhcrypto4-heimdal amd64 1.6~git20131207+dfsg-1ubuntu1.2 [84.1 kB]
Get:4 http://archive.ubuntu.com/ubuntu/ trusty-updates/main libheimbase1-heimdal amd64 1.6~git20131207+dfsg-1ubuntu1.2 [29.0 kB]
Get:5 http://archive.ubuntu.com/ubuntu/ trusty-updates/main libwind0-heimdal amd64 1.6~git20131207+dfsg-1ubuntu1.2 [47.9 kB]
Get:6 http://archive.ubuntu.com/ubuntu/ trusty-updates/main libhx509-5-heimdal amd64 1.6~git20131207+dfsg-1ubuntu1.2 [104 kB]
Get:7 http://archive.ubuntu.com/ubuntu/ trusty-updates/main libkrb5-26-heimdal amd64 1.6~git20131207+dfsg-1ubuntu1.2 [196 kB]
Get:8 http://archive.ubuntu.com/ubuntu/ trusty-updates/main libheimntlm0-heimdal amd64 1.6~git20131207+dfsg-1ubuntu1.2 [15.2 kB]
Get:9 http://archive.ubuntu.com/ubuntu/ trusty-updates/main libgssapi3-heimdal amd64 1.6~git20131207+dfsg-1ubuntu1.2 [89.7 kB]
Get:10 http://archive.ubuntu.com/ubuntu/ trusty/main libsasl2-modules-db amd64 2.1.25.dfsg1-17build1 [14.9 kB]
Get:11 http://archive.ubuntu.com/ubuntu/ trusty/main libsasl2-2 amd64 2.1.25.dfsg1-17build1 [56.5 kB]
Get:12 http://archive.ubuntu.com/ubuntu/ trusty-updates/main libldap-2.4-2 amd64 2.4.31-1+nmu2ubuntu8.4 [153 kB]
Get:13 http://archive.ubuntu.com/ubuntu/ trusty-updates/main libxml2 amd64 2.9.1+dfsg1-3ubuntu4.12 [573 kB]
Get:14 http://archive.ubuntu.com/ubuntu/ trusty/main sgml-base all 1.26+nmu4ubuntu1 [12.5 kB]
Get:15 http://archive.ubuntu.com/ubuntu/ trusty/main libapr1 amd64 1.5.0-1 [85.1 kB]
Get:16 http://archive.ubuntu.com/ubuntu/ trusty/main libaprutil1 amd64 1.5.3-1 [76.4 kB]
Get:17 http://archive.ubuntu.com/ubuntu/ trusty/main libsasl2-modules amd64 2.1.25.dfsg1-17build1 [64.3 kB]
Get:18 http://archive.ubuntu.com/ubuntu/ trusty-updates/main openssl amd64 1.0.1f-1ubuntu2.23 [490 kB]
Get:19 http://archive.ubuntu.com/ubuntu/ trusty/main xml-core all 0.13+nmu2 [23.3 kB]
Get:20 http://archive.ubuntu.com/ubuntu/ trusty/main libaprutil1-dbd-sqlite3 amd64 1.5.3-1 [10.5 kB]
Get:21 http://archive.ubuntu.com/ubuntu/ trusty/main libaprutil1-ldap amd64 1.5.3-1 [8634 B]
Get:22 http://archive.ubuntu.com/ubuntu/ trusty-updates/main apache2-bin amd64 2.4.7-1ubuntu4.18 [844 kB]
Get:23 http://archive.ubuntu.com/ubuntu/ trusty-updates/main apache2-data all 2.4.7-1ubuntu4.18 [160 kB]
Get:24 http://archive.ubuntu.com/ubuntu/ trusty-updates/main apache2 amd64 2.4.7-1ubuntu4.18 [87.5 kB]
Get:25 http://archive.ubuntu.com/ubuntu/ trusty/main ssl-cert all 1.0.33 [16.6 kB]
[91mdebconf: unable to initialize frontend: Dialog
debconf: (TERM is not set, so the dialog frontend is not usable.)
debconf: falling back to frontend: Readline
[0m[91mdebconf: unable to initialize frontend: Readline
debconf: (This frontend requires a controlling tty.)
debconf: falling back to frontend: Teletype
[0m[91mdpkg-preconfigure: unable to re-open stdin: 
[0mFetched 3442 kB in 1s (1898 kB/s)
Selecting previously unselected package libroken18-heimdal:amd64.
(Reading database ... 11571 files and directories currently installed.)
Preparing to unpack .../libroken18-heimdal_1.6~git20131207+dfsg-1ubuntu1.2_amd64.deb ...
Unpacking libroken18-heimdal:amd64 (1.6~git20131207+dfsg-1ubuntu1.2) ...
Selecting previously unselected package libasn1-8-heimdal:amd64.
Preparing to unpack .../libasn1-8-heimdal_1.6~git20131207+dfsg-1ubuntu1.2_amd64.deb ...
Unpacking libasn1-8-heimdal:amd64 (1.6~git20131207+dfsg-1ubuntu1.2) ...
Selecting previously unselected package libhcrypto4-heimdal:amd64.
Preparing to unpack .../libhcrypto4-heimdal_1.6~git20131207+dfsg-1ubuntu1.2_amd64.deb ...
Unpacking libhcrypto4-heimdal:amd64 (1.6~git20131207+dfsg-1ubuntu1.2) ...
Selecting previously unselected package libheimbase1-heimdal:amd64.
Preparing to unpack .../libheimbase1-heimdal_1.6~git20131207+dfsg-1ubuntu1.2_amd64.deb ...
Unpacking libheimbase1-heimdal:amd64 (1.6~git20131207+dfsg-1ubuntu1.2) ...
Selecting previously unselected package libwind0-heimdal:amd64.
Preparing to unpack .../libwind0-heimdal_1.6~git20131207+dfsg-1ubuntu1.2_amd64.deb ...
Unpacking libwind0-heimdal:amd64 (1.6~git20131207+dfsg-1ubuntu1.2) ...
Selecting previously unselected package libhx509-5-heimdal:amd64.
Preparing to unpack .../libhx509-5-heimdal_1.6~git20131207+dfsg-1ubuntu1.2_amd64.deb ...
Unpacking libhx509-5-heimdal:amd64 (1.6~git20131207+dfsg-1ubuntu1.2) ...
Selecting previously unselected package libkrb5-26-heimdal:amd64.
Preparing to unpack .../libkrb5-26-heimdal_1.6~git20131207+dfsg-1ubuntu1.2_amd64.deb ...
Unpacking libkrb5-26-heimdal:amd64 (1.6~git20131207+dfsg-1ubuntu1.2) ...
Selecting previously unselected package libheimntlm0-heimdal:amd64.
Preparing to unpack .../libheimntlm0-heimdal_1.6~git20131207+dfsg-1ubuntu1.2_amd64.deb ...
Unpacking libheimntlm0-heimdal:amd64 (1.6~git20131207+dfsg-1ubuntu1.2) ...
Selecting previously unselected package libgssapi3-heimdal:amd64.
Preparing to unpack .../libgssapi3-heimdal_1.6~git20131207+dfsg-1ubuntu1.2_amd64.deb ...
Unpacking libgssapi3-heimdal:amd64 (1.6~git20131207+dfsg-1ubuntu1.2) ...
Selecting previously unselected package libsasl2-modules-db:amd64.
Preparing to unpack .../libsasl2-modules-db_2.1.25.dfsg1-17build1_amd64.deb ...
Unpacking libsasl2-modules-db:amd64 (2.1.25.dfsg1-17build1) ...
Selecting previously unselected package libsasl2-2:amd64.
Preparing to unpack .../libsasl2-2_2.1.25.dfsg1-17build1_amd64.deb ...
Unpacking libsasl2-2:amd64 (2.1.25.dfsg1-17build1) ...
Selecting previously unselected package libldap-2.4-2:amd64.
Preparing to unpack .../libldap-2.4-2_2.4.31-1+nmu2ubuntu8.4_amd64.deb ...
Unpacking libldap-2.4-2:amd64 (2.4.31-1+nmu2ubuntu8.4) ...
Selecting previously unselected package libxml2:amd64.
Preparing to unpack .../libxml2_2.9.1+dfsg1-3ubuntu4.12_amd64.deb ...
Unpacking libxml2:amd64 (2.9.1+dfsg1-3ubuntu4.12) ...
Selecting previously unselected package sgml-base.
Preparing to unpack .../sgml-base_1.26+nmu4ubuntu1_all.deb ...
Unpacking sgml-base (1.26+nmu4ubuntu1) ...
Selecting previously unselected package libapr1:amd64.
Preparing to unpack .../libapr1_1.5.0-1_amd64.deb ...
Unpacking libapr1:amd64 (1.5.0-1) ...
Selecting previously unselected package libaprutil1:amd64.
Preparing to unpack .../libaprutil1_1.5.3-1_amd64.deb ...
Unpacking libaprutil1:amd64 (1.5.3-1) ...
Selecting previously unselected package libsasl2-modules:amd64.
Preparing to unpack .../libsasl2-modules_2.1.25.dfsg1-17build1_amd64.deb ...
Unpacking libsasl2-modules:amd64 (2.1.25.dfsg1-17build1) ...
Selecting previously unselected package openssl.
Preparing to unpack .../openssl_1.0.1f-1ubuntu2.23_amd64.deb ...
Unpacking openssl (1.0.1f-1ubuntu2.23) ...
Selecting previously unselected package xml-core.
Preparing to unpack .../xml-core_0.13+nmu2_all.deb ...
Unpacking xml-core (0.13+nmu2) ...
Selecting previously unselected package libaprutil1-dbd-sqlite3:amd64.
Preparing to unpack .../libaprutil1-dbd-sqlite3_1.5.3-1_amd64.deb ...
Unpacking libaprutil1-dbd-sqlite3:amd64 (1.5.3-1) ...
Selecting previously unselected package libaprutil1-ldap:amd64.
Preparing to unpack .../libaprutil1-ldap_1.5.3-1_amd64.deb ...
Unpacking libaprutil1-ldap:amd64 (1.5.3-1) ...
Selecting previously unselected package apache2-bin.
Preparing to unpack .../apache2-bin_2.4.7-1ubuntu4.18_amd64.deb ...
Unpacking apache2-bin (2.4.7-1ubuntu4.18) ...
Selecting previously unselected package apache2-data.
Preparing to unpack .../apache2-data_2.4.7-1ubuntu4.18_all.deb ...
Unpacking apache2-data (2.4.7-1ubuntu4.18) ...
Selecting previously unselected package apache2.
Preparing to unpack .../apache2_2.4.7-1ubuntu4.18_amd64.deb ...
Unpacking apache2 (2.4.7-1ubuntu4.18) ...
Selecting previously unselected package ssl-cert.
Preparing to unpack .../ssl-cert_1.0.33_all.deb ...
Unpacking ssl-cert (1.0.33) ...
Processing triggers for ureadahead (0.100.0-16) ...
Setting up libroken18-heimdal:amd64 (1.6~git20131207+dfsg-1ubuntu1.2) ...
Setting up libasn1-8-heimdal:amd64 (1.6~git20131207+dfsg-1ubuntu1.2) ...
Setting up libhcrypto4-heimdal:amd64 (1.6~git20131207+dfsg-1ubuntu1.2) ...
Setting up libheimbase1-heimdal:amd64 (1.6~git20131207+dfsg-1ubuntu1.2) ...
Setting up libwind0-heimdal:amd64 (1.6~git20131207+dfsg-1ubuntu1.2) ...
Setting up libhx509-5-heimdal:amd64 (1.6~git20131207+dfsg-1ubuntu1.2) ...
Setting up libkrb5-26-heimdal:amd64 (1.6~git20131207+dfsg-1ubuntu1.2) ...
Setting up libheimntlm0-heimdal:amd64 (1.6~git20131207+dfsg-1ubuntu1.2) ...
Setting up libgssapi3-heimdal:amd64 (1.6~git20131207+dfsg-1ubuntu1.2) ...
Setting up libsasl2-modules-db:amd64 (2.1.25.dfsg1-17build1) ...
Setting up libsasl2-2:amd64 (2.1.25.dfsg1-17build1) ...
Setting up libldap-2.4-2:amd64 (2.4.31-1+nmu2ubuntu8.4) ...
Setting up libxml2:amd64 (2.9.1+dfsg1-3ubuntu4.12) ...
Setting up sgml-base (1.26+nmu4ubuntu1) ...
Setting up libapr1:amd64 (1.5.0-1) ...
Setting up libaprutil1:amd64 (1.5.3-1) ...
Setting up libsasl2-modules:amd64 (2.1.25.dfsg1-17build1) ...
Setting up openssl (1.0.1f-1ubuntu2.23) ...
Setting up xml-core (0.13+nmu2) ...
Setting up libaprutil1-dbd-sqlite3:amd64 (1.5.3-1) ...
Setting up libaprutil1-ldap:amd64 (1.5.3-1) ...
Setting up apache2-bin (2.4.7-1ubuntu4.18) ...
Setting up apache2-data (2.4.7-1ubuntu4.18) ...
Setting up apache2 (2.4.7-1ubuntu4.18) ...
Enabling module mpm_event.
Enabling module authz_core.
Enabling module authz_host.
Enabling module authn_core.
Enabling module auth_basic.
Enabling module access_compat.
Enabling module authn_file.
Enabling module authz_user.
Enabling module alias.
Enabling module dir.
Enabling module autoindex.
Enabling module env.
Enabling module mime.
Enabling module negotiation.
Enabling module setenvif.
Enabling module filter.
Enabling module deflate.
Enabling module status.
Enabling conf charset.
Enabling conf localized-error-pages.
Enabling conf other-vhosts-access-log.
Enabling conf security.
Enabling conf serve-cgi-bin.
Enabling site 000-default.
[91minvoke-rc.d: policy-rc.d denied execution of start.
[0mSetting up ssl-cert (1.0.33) ...
[91mdebconf: unable to initialize frontend: Dialog
debconf: (TERM is not set, so the dialog frontend is not usable.)
debconf: falling back to frontend: Readline
[0m[91mdebconf: unable to initialize frontend: Readline
debconf: (This frontend requires a controlling tty.)
debconf: falling back to frontend: Teletype
[0mProcessing triggers for libc-bin (2.19-0ubuntu6.14) ...
Processing triggers for sgml-base (1.26+nmu4ubuntu1) ...
Processing triggers for ureadahead (0.100.0-16) ...
Removing intermediate container e7109522298f
 ---> 71d2f4afbc76
Step 4/10 : ENV APACHE_RUN_USER www-data
 ---> Running in 5e64e9f7c72c
Removing intermediate container 5e64e9f7c72c
 ---> 0be9a93e90a8
Step 5/10 : ENV APACHE_RUN_GROUP www-data
 ---> Running in 7bf7dd4309d6
Removing intermediate container 7bf7dd4309d6
 ---> eb4eb4d3f351
Step 6/10 : ENV APACHE_LOG_DIR /var/log/apache2
 ---> Running in f546ef925aa0
Removing intermediate container f546ef925aa0
 ---> 2627e082db4e
Step 7/10 : RUN mkdir -p /var/lock/apache2 /var/run/apache2
 ---> Running in cd8940e59e5f
Removing intermediate container cd8940e59e5f
 ---> 03b33800d1fd
Step 8/10 : EXPOSE 80
 ---> Running in 0be5506c6542
Removing intermediate container 0be5506c6542
 ---> 5fb66ce4ac8f
Step 9/10 : VOLUME /var/www/html
 ---> Running in 9785b4bf54d5
Removing intermediate container 9785b4bf54d5
 ---> 30f23da166b4
Step 10/10 : CMD /bin/bash -c "source /etc/apache2/envvars && exec /usr/sbin/apache2 -DFOREGROUND"
 ---> Running in 8f92b260015c
Removing intermediate container 8f92b260015c
 ---> 6dfb98fc1f40
Successfully built 6dfb98fc1f40
Successfully tagged test:latest
bash-3.2$ docker image ls
REPOSITORY          TAG                 IMAGE ID            CREATED             SIZE
test                latest              6dfb98fc1f40        13 minutes ago      258MB
ubuntu              14.04               a35e70164dfb        16 hours ago        222MB
bash-3.2$ docker image lsbuild -t test .[7Pimage ls[C[C[C[C[C[C[C[C[C[C[Kdokcer run test
bash: dokcer: command not found
bash-3.2$ dokcer run test[C[C[C[C[C[C[C[C[C[C[Kdocker ruun[K[Kn test
AH00558: apache2: Could not reliably determine the server's fully qualified domain name, using 172.17.0.2. Set the 'ServerName' directive globally to suppress this message
^[[A^[[B^[[B            a set servername
^[[A^[[A^C^[[A^C^Xc   sdasd     ^C^C^C^C^[^[^[^[        exit
x exit
stopp
