Script started on Wed Mar  7 13:49:15 2018
[?1034hbash-3.2$ sudo[K[K[K[Kpwd
/Users/jasonnguy/Potatoe/Logs
bash-3.2$ cd
bash-3.2$ cd do[K[KDock[K[K[K[K[K[K[KÃ¶s
bash: Ã¶s: command not found
bash-3.2$ ls
Collect
Collect 2
Creative Cloud Files
Desktop
Documents
Downloads
Dropbox
Library
Movies
Music
Pictures
Potatoe
Public
VirtualBox VMs
bin
devops
ja.nguy@hotmail.com Creative Cloud Files
bash-3.2$ cd Potatoe/
bash-3.2$ cd docker/
bash-3.2$ vim doc[K[K[KDockerfile 
[?2004h[?1049h[?1h=[?2004h[1;24r[?12;25h[?12l[?25h[27m[m[H[2J[?25l[24;1H"Dockerfile" [readonly] 0L, 0C[2;1Hâ–½[6n[2;1H  [1;1H[>c]11;?[2;1H[94m~                                                                               [3;1H~                                                                               [4;1H~                                                                               [5;1H~                                                                               [6;1H~                                                                               [7;1H~                                                                               [8;1H~                                                                               [9;1H~                                                                               [10;1H~                                                                               [11;1H~                                                                               [12;1H~                                                                               [13;1H~                                                                               [14;1H~                                                                               [15;1H~                                                                               [16;1H~                                                                               [17;1H~                                                                               [18;1H~                                                                               [19;1H~                                                                               [20;1H~                                                                               [21;1H~                                                                               [22;1H~                                                                               [23;1H~                                                                               [1;1H[?12l[?25h[?25l[m[24;1H[1m-- INSERT --[m[24;14H[K[24;14H[31mW10: Warning: Changing a readonly file[?2004l[?2004h[m
[97m[41mE325: ATTENTION[m
Found a swap file by the name ".Dockerfile.swp"
[10Cowned by: root   dated: Wed Mar  7 13:48:20 2018
[9Cfile name: ~root/Potatoe/docker/Dockerfile
[10Cmodified: YES
[9Cuser name: root   host name: Jasons-MacBook-Pro.local
[8Cprocess ID: 1679
While opening file "Dockerfile"
[13Cdated: Wed Mar  7 13:47:21 2018

(1) Another program may be editing the same file.  If this is the case,
    be careful not to end up with two different instances of the same
    file when making changes.  Quit, or continue with caution.
(2) An edit session for this file crashed.
    If this is the case, use ":recover" or "vim -r Dockerfile"
    to recover the changes (see ":help recovery").
    If you did this already, delete the swap file ".Dockerfile.swp"
    to avoid this message.

[?2004l[?2004h[32mPress ENTER or type command to continue[m[24;1H[K[27m[m[H[2J[1;1H#Download base image ubuntu 16.04
FROM ubuntu:16.04
[94m~                                                                               [4;1H~                                                                               [5;1H~                                                                               [6;1H~                                                                               [7;1H~                                                                               [8;1H~                                                                               [9;1H~                                                                               [10;1H~                                                                               [11;1H~                                                                               [12;1H~                                                                               [13;1H~                                                                               [14;1H~                                                                               [15;1H~                                                                               [16;1H~                                                                               [17;1H~                                                                               [18;1H~                                                                               [19;1H~                                                                               [20;1H~                                                                               [21;1H~                                                                               [22;1H~                                                                               [23;1H~                                                                               [2;17H[?12l[?25h[?25l[1;17H[?12l[?25h[?25l[m[24;1H[1m-- INSERT --[m[1;17Hage ubuntu 16.04[1;33H[K[1;17H[?12l[?25h[?25lage ubuntu 16.04[1;32H[K[1;16H[?12l[?25h[?25lsage ubuntu 16.04[1;17H[?12l[?25h[?25lage ubuntu 16.04[1;32H[K[1;16H[?12l[?25h[?25liage ubuntu 16.04[1;17H[?12l[?25h[?25lmage ubuntu 16.04[1;18H[?12l[?25h[?25laage ubuntu 16.04[1;19H[?12l[?25h[2;18H[1;19H[?25lge ubuntu 16.04[1;34H[K[1;18H[?12l[?25h[2;18H[?25l[3;1H[K[3;1H[?12l[?25h[?25l[34m^Z[?12l[?25h[?25l^Z[?12l[?25h[?25l^Z[?12l[?25h[?25l^Z[?12l[?25h[?25l^Z[?12l[?25h[?25l^Z[?12l[?25h[?25l[m[24;1H[K[3;11H[?12l[?25h[?25l[24;1HType  :qa!  and press <Enter> to abandon all changes and exit Vim[3;11H[?12l[?25h[?25l[?12l[?25h[?25l[24;1H[1mrecording @a[m[24;13H[K[3;11H[?12l[?25h[?25l[24;1H[K[24;1H:[?2004h[?12l[?25hqa![?25l[?2004l[24;1H[K[24;1H[?2004l[?1l>[?12l[?25h[?1049lbash-3.2$ vim Dockerfile 
[?2004h[?1049h[?1h=[?2004h[1;24r[?12;25h[?12l[?25h[27m[m[H[2J[?25l[24;1H"Dockerfile" [readonly] 0L, 0C[2;1Hâ–½[6n[2;1H  [1;1H[>c]11;?[2;1H[94m~                                                                               [3;1H~                                                                               [4;1H~                                                                               [5;1H~                                                                               [6;1H~                                                                               [7;1H~                                                                               [8;1H~                                                                               [9;1H~                                                                               [10;1H~                                                                               [11;1H~                                                                               [12;1H~                                                                               [13;1H~                                                                               [14;1H~                                                                               [15;1H~                                                                               [16;1H~                                                                               [17;1H~                                                                               [18;1H~                                                                               [19;1H~                                                                               [20;1H~                                                                               [21;1H~                                                                               [22;1H~                                                                               [23;1H~                                                                               [1;1H[?12l[?25h[?25l[m[24;1H[1m-- INSERT --[m[24;14H[K[24;14H[31mW10: Warning: Changing a readonly file[?2004l[?2004h[m
[97m[41mE325: ATTENTION[m
Found a swap file by the name ".Dockerfile.swp"
[10Cowned by: root   dated: Wed Mar  7 13:48:20 2018
[9Cfile name: ~root/Potatoe/docker/Dockerfile
[10Cmodified: YES
[9Cuser name: root   host name: Jasons-MacBook-Pro.local
[8Cprocess ID: 1679
While opening file "Dockerfile"
[13Cdated: Wed Mar  7 13:47:21 2018

(1) Another program may be editing the same file.  If this is the case,
    be careful not to end up with two different instances of the same
    file when making changes.  Quit, or continue with caution.
(2) An edit session for this file crashed.
    If this is the case, use ":recover" or "vim -r Dockerfile"
    to recover the changes (see ":help recovery").
    If you did this already, delete the swap file ".Dockerfile.swp"
    to avoid this message.

[?2004l[?2004h[32mPress ENTER or type command to continue[27m[m[H[2J[1;1H#Download base image ubuntu 16.04
FROM ubuntu:16.04
[94m~                                                                               [4;1H~                                                                               [5;1H~                                                                               [6;1H~                                                                               [7;1H~                                                                               [8;1H~                                                                               [9;1H~                                                                               [10;1H~                                                                               [11;1H~                                                                               [12;1H~                                                                               [13;1H~                                                                               [14;1H~                                                                               [15;1H~                                                                               [16;1H~                                                                               [17;1H~                                                                               [18;1H~                                                                               [19;1H~                                                                               [20;1H~                                                                               [21;1H~                                                                               [22;1H~                                                                               [23;1H~                                                                               [m[24;1H[1m-- INSERT (paste) --[2;18H[?12l[?25h[?25l[m[24;1H[K[2;17H[?12l[?25h0[1;33H
[1;33H
[?25l[24;1H[1m-- INSERT --[m[2;1HROM ubuntu:16.04[2;17H[K[2;1H[?12l[?25h[?25ldROM ubuntu:16.04d[?12l[?25h[?25laROM ubuntu:16.04da[?12l[?25h[?25ldROM ubuntu:16.04dad[?12l[?25h[?25lsROM ubuntu:16.04dads[?12l[?25h[?25laROM ubuntu:16.04dadsa[?12l[?25h[?25laROM ubuntu:16.04[2;7H[?12l[?25h[?25lsROM ubuntu:16.04[2;8H[?12l[?25h[?25ldROM ubuntu:16.04[2;9H[?12l[?25h[?25lROM ubuntu:16.04[2;24H[K[2;8H[?12l[?25h[?25lROM ubuntu:16.04[2;23H[K[2;7H[?12l[?25h[?25lROM ubuntu:16.04[2;22H[K[2;6H[?12l[?25h[?25lROM ubuntu:16.04[2;21H[K[2;5H[?12l[?25h[?25lROM ubuntu:16.04[2;20H[K[2;4H[?12l[?25h[?25lROM ubuntu:16.04[2;19H[K[2;3H[?12l[?25h[?25lROM ubuntu:16.04[2;18H[K[2;2H[?12l[?25h[?25lROM ubuntu:16.04[2;17H[K[2;1H[?12l[?25h[?25l[1;34HROM ubuntu:16.04
[94m~                                                                               [1;34H[?12l[?25h[?25l[mROM ubuntu:16.04[1;49H[K[1;33H[?12l[?25h[?25l[24;1H[K[1;32H[?12l[?25h[?25l[24;1HType  :qa!  and press <Enter> to abandon all changes and exit Vim[1;32H[?12l[?25h[?25l[?12l[?25h[?25l[24;1H[K[24;1H:[?2004h[?12l[?25hqai[?25l[97m[41mE492: Not an editor command: qai[1;32H[?12l[?25h[?25l[m[24;1H[K[24;1H:[?2004h[?12l[?25hqa![?25l[?2004l[24;1H[K[24;1H[?2004l[?1l>[?12l[?25h[?1049lbash-3.2$ vom do[K[K[K[K[K[Krm doc[K[K[Kdockerfile
override rw-r--r--  root/staff for dockerfile? y
rm: dockerfile: Permission denied
bash-3.2$ sudo re[Km dockerf[K[K[K[K[K[K[KDockerfile 
Password:
bash-3.2$ ls
bash-3.2$ cd[K[Kpwd
/Users/jasonnguy/Potatoe/docker
bash-3.2$ v[Ktouch Dockerfile
touch: Dockerfile: Permission denied
bash-3.2$ sudo touch Dockerfile
bash-3.2$ 
bash-3.2$ ls
Dockerfile
bash-3.2$ vim Dok[Kckerfile
[?2004h[?1049h[?1h=[?2004h[1;24r[?12;25h[?12l[?25h[27m[m[H[2J[?25l[24;1H"Dockerfile" [readonly] 0L, 0C[2;1Hâ–½[6n[2;1H  [1;1H[>c]11;?[2;1H[94m~                                                                               [3;1H~                                                                               [4;1H~                                                                               [5;1H~                                                                               [6;1H~                                                                               [7;1H~                                                                               [8;1H~                                                                               [9;1H~                                                                               [10;1H~                                                                               [11;1H~                                                                               [12;1H~                                                                               [13;1H~                                                                               [14;1H~                                                                               [15;1H~                                                                               [16;1H~                                                                               [17;1H~                                                                               [18;1H~                                                                               [19;1H~                                                                               [20;1H~                                                                               [21;1H~                                                                               [22;1H~                                                                               [23;1H~                                                                               [1;1H[?12l[?25h[?25l[m[24;1H[31mW10: Warning: Changing a readonly file[?2004l[?2004h[m
[97m[41mE325: ATTENTION[m
Found a swap file by the name ".Dockerfile.swp"
[10Cowned by: root   dated: Wed Mar  7 13:48:20 2018
[9Cfile name: ~root/Potatoe/docker/Dockerfile
[10Cmodified: YES
[9Cuser name: root   host name: Jasons-MacBook-Pro.local
[8Cprocess ID: 1679
While opening file "Dockerfile"
[13Cdated: Wed Mar  7 13:53:13 2018
      NEWER than swap file!

(1) Another program may be editing the same file.  If this is the case,
    be careful not to end up with two different instances of the same
    file when making changes.  Quit, or continue with caution.
(2) An edit session for this file crashed.
    If this is the case, use ":recover" or "vim -r Dockerfile"
    to recover the changes (see ":help recovery").
    If you did this already, delete the swap file ".Dockerfile.swp"
    to avoid this message.

[?2004l[?2004h[32mPress ENTER or type command to continue[m[1m-- INSERT --[m[24;13H[K[27m[m[H[2J[2;1Hm
[94m~                                                                               [4;1H~                                                                               [5;1H~                                                                               [6;1H~                                                                               [7;1H~                                                                               [8;1H~                                                                               [9;1H~                                                                               [10;1H~                                                                               [11;1H~                                                                               [12;1H~                                                                               [13;1H~                                                                               [14;1H~                                                                               [15;1H~                                                                               [16;1H~                                                                               [17;1H~                                                                               [18;1H~                                                                               [19;1H~                                                                               [20;1H~                                                                               [21;1H~                                                                               [22;1H~                                                                               [23;1H~                                                                               [m[24;1H[1m-- INSERT --[2;2H[?12l[?25h[?25l[mF[?12l[?25h[?25l[2;2H[K[2;2H[?12l[?25h[?25l[2;1H[K[2;1H[?12l[?25h[?25lF[?12l[?25h[?25lr[?12l[?25h[?25lo[?12l[?25h[?25lm[?12l[?25h[?25l [?12l[?25h[?25lU[?12l[?25h[?25lb[?12l[?25h[?25lu[?12l[?25h[?25l[2;8H[K[2;8H[?12l[?25h[?25l[2;7H[K[2;7H[?12l[?25h[?25l[2;6H[K[2;6H[?12l[?25h[?25lu[?12l[?25h[?25lb[?12l[?25h[?25lu[?12l[?25h[?25ln[?12l[?25h[?25lt[?12l[?25h[?25lu[?12l[?25h[?25l:[?12l[?25h[?25l1[?12l[?25h[?25l6[?12l[?25h[?25l.[?12l[?25h[?25l0[?12l[?25h[?25l4[?12l[?25h[?25l[3;1H[K[3;1H[?12l[?25h[?25lR[?12l[?25h[?25lu[?12l[?25h[?25ln[?12l[?25h[?25l [?12l[?25h[?25la[?12l[?25h[?25lp[?12l[?25h[?25lt[?12l[?25h[?25l[3;7H[K[3;7H[?12l[?25h[?25l[3;6H[K[3;6H[?12l[?25h[?25l[3;5H[K[3;5H[?12l[?25h[?25l[?12l[?25h[?25l[3;3H[K[3;3H[?12l[?25h[?25l[3;2H[K[3;2H[?12l[?25h[?25l[3;1H[K[3;1H[?12l[?25h[?25l[4;1H[K[4;1H[?12l[?25h[?25lR[?12l[?25h[?25lR[?12l[?25h[?25l[4;2H[K[4;2H[?12l[?25h[?25lu[?12l[?25h[?25ln[?12l[?25h[?25l [?12l[?25h[?25la[?12l[?25h[?25lp[?12l[?25h[?25lt[?12l[?25h[?25l-[?12l[?25h[?25lg[?12l[?25h[?25le[?12l[?25h[?25lt[?12l[?25h[?25l [?12l[?25h[?25lu[?12l[?25h[?25lp[?12l[?25h[?25ld[?12l[?25h[?25la[?12l[?25h[?25lt[?12l[?25h[?25le[?12l[?25h[?25l[5;1H[K[5;1H[?12l[?25h[4;1HRun [?25l apt-get updateRun  [?12l[?25h[?25ls apt-get updateRun s[?12l[?25h[?25lu apt-get update[4;7H[?12l[?25h[?25ld apt-get update[4;8H[?12l[?25h[?25lo apt-get update[4;9H[?12l[?25h
[?25lR[?12l[?25h[?25lU[?12l[?25h[?25lN[?12l[?25h[4;4H[?25l sudo apt-get update[4;23H[K[4;3H[?12l[?25h[?25l sudo apt-get update[4;22H[K[4;2H[?12l[?25h[?25lU sudo apt-get updateRU[?12l[?25h[?25lN sudo apt-get updateRUN[?12l[?25h[24;1H[K[4;3H[?25l[?12l[?25h[?25l[24;1H[97m[41mE35: No previous regular expression[4;3H[?12l[?25h[3;1H[2;3H[1;1H[?25l[m[24;1H[K[24;1H:[?2004h[?12l[?25hqa![?25l[?2004l[24;1H[K[24;1H[?2004l[?1l>[?12l[?25h[?1049lbash-3.2$ vim Dockerfile
[?2004h[?1049h[?1h=[?2004h[1;24r[?12;25h[?12l[?25h[27m[m[H[2J[?25l[24;1H"Dockerfile" [readonly] 0L, 0C[2;1Hâ–½[6n[2;1H  [1;1H[>c]11;?[2;1H[94m~                                                                               [3;1H~                                                                               [4;1H~                                                                               [5;1H~                                                                               [6;1H~                                                                               [7;1H~                                                                               [8;1H~                                                                               [9;1H~                                                                               [10;1H~                                                                               [11;1H~                                                                               [12;1H~                                                                               [13;1H~                                                                               [14;1H~                                                                               [15;1H~                                                                               [16;1H~                                                                               [17;1H~                                                                               [18;1H~                                                                               [19;1H~                                                                               [20;1H~                                                                               [21;1H~                                                                               [22;1H~                                                                               [23;1H~                                                                               [1;1H[?12l[?25h[?25l[m[24;1H[1m-- INSERT --[m[24;14H[K[24;14H[31mW10: Warning: Changing a readonly file[?2004l[?2004h[m
[97m[41mE325: ATTENTION[m
Found a swap file by the name ".Dockerfile.swp"
[10Cowned by: root   dated: Wed Mar  7 13:48:20 2018
[9Cfile name: ~root/Potatoe/docker/Dockerfile
[10Cmodified: YES
[9Cuser name: root   host name: Jasons-MacBook-Pro.local
[8Cprocess ID: 1679
While opening file "Dockerfile"
[13Cdated: Wed Mar  7 13:53:13 2018
      NEWER than swap file!

(1) Another program may be editing the same file.  If this is the case,
    be careful not to end up with two different instances of the same
    file when making changes.  Quit, or continue with caution.
(2) An edit session for this file crashed.
    If this is the case, use ":recover" or "vim -r Dockerfile"
    to recover the changes (see ":help recovery").
    If you did this already, delete the swap file ".Dockerfile.swp"
    to avoid this message.

[?2004l[?2004h[32mPress ENTER or type command to continue[27m[m[H[2J[1;1H##      Einfache Apache Umgebung
#
FROM ubuntu:14.04
MAINTAINE
[94m~                                                                               [6;1H~                                                                               [7;1H~                                                                               [8;1H~                                                                               [9;1H~                                                                               [10;1H~                                                                               [11;1H~                                                                               [12;1H~                                                                               [13;1H~                                                                               [14;1H~                                                                               [15;1H~                                                                               [16;1H~                                                                               [17;1H~                                                                               [18;1H~                                                                               [19;1H~                                                                               [20;1H~                                                                               [21;1H~                                                                               [22;1H~                                                                               [23;1H~                                                                               [m[24;1H[1m-- INSERT (paste) --[4;10H[?12l[?25h[?25l[mR Marcel mc-b Bernet <marcel.bernet@ch-open.ch>[5;1H[K[6;1HRUN apt-get upd[6;16H[K[6;16H[?12l[?25h[?25late
RUN apt-get -q -y install apache2 [7;35H[K[8;1H[K[9;1H# Konfiguration Apache[9;23H[K[10;1HE[10;2H[K[10;2H[?12l[?25h[?25lNV APACHE_RUN_USER www-data
ENV APACHE_RUN_GROUP www-data[11;30H[K[12;1HENV A[12;6H[K[12;6H[?12l[?25h[?25lPACHE_LOG_DIR /var/log/apache2[13;1H[K[14;1HRUN mkdir -p /var/lock/apache2 [14;32H[K[14;32H[?12l[?25h[?25l/var/run/apache2[15;1H[K[16;1HEXPOSE 80[16;10H[K[17;1H[K[18;1HVOLUME /var/www/html[18;21H[K[19;1H[K[20;1HCMD /bin/bas[20;13H[K[20;13H[?12l[?25h[?25lh -c "source /etc/apache2/envvars && exec /usr/sbin/apache2 -DF[?12l[?25h[?25l[24;1H[K[20;76HOREGRR[21;1HOUND"[21;6H[K[21;5H[?12l[?25h[19;1H[21;5H[19;1H[21;5H[20;80HFOREG
[20;80HG
OUND[20;80H
[20;80HEG
[20;80H[19;1H[20;69H[?25l[24;1H[1m-- INSERT --[m[20;68Hhe2 -DFOREGROO[21;1HUND"[21;5H[K[20;68H[?12l[?25hapa[?25lche2 -DFOREGRR[21;1HOUND"[20;69H[?12l[?25hh[?25l[20;64H[K[21;1H/apache2 -DFOREGROUND"[?12l[?25h[?25l[20;64H/apache2 -DFOREGRR[21;1HOUND"[21;6H[K[20;64H[?12l[?25h[?25l[24;4H[1m(insert)- --[20;41H[?12l[?25h[?25l[24;4HINSERTt --[m[24;13H[K[20;41H[?12l[?25h[19;1H[20;41Hvvars && exec /usr/sbin/apache2 -DFOREG
OUND"[?25l[21;5H[K[21;5H[?12l[?25hUND[?25l[21;4H[K[21;4H[?12l[?25h[?25l[21;3H[K[21;3H[?12l[?25h[?25l[21;2H[K[21;2H[?12l[?25h[?25l[94m~                                                                               [21;1H[?12l[?25h[?25l[m[20;80H[K[20;80H[?12l[?25h[?25l[20;79H[K[20;79H[?12l[?25h[?25l[20;78H[K[20;78H[?12l[?25h[?25l[20;77H[K[20;77H[?12l[?25h[?25l[20;76H[K[20;76H[?12l[?25h[?25lO[?12l[?25h[?25lR[?12l[?25h[?25lE[?12l[?25h[?25lG[?12l[?25h[?25lR[21;1H[?12l[?25h[?25lO[21;2H[K[21;2H[?12l[?25h[?25lU[?12l[?25h[?25lN[?12l[?25h[?25lD[?12l[?25h[19;1H[18;21H[17;1H[16;10H[15;1H[14;48H[13;1H[12;36H[11;30H[10;29H[9;23H[8;1H[7;35H[6;19H[5;1H[4;57H
[6;19H[7;35H
[7;35H[6;19H[5;1H[4;57H[?25l[4;56H[K[4;56H[?12l[?25h[?25l[4;55H[K[4;55H[?12l[?25h[?25l[4;54H[K[4;54H[?12l[?25h[?25l[4;53H[K[4;53H[?12l[?25h[?25l[4;52H[K[4;52H[?12l[?25h[?25l[4;51H[K[4;51H[?12l[?25h[?25l[4;50H[K[4;50H[?12l[?25h[?25l[4;49H[K[4;49H[?12l[?25h[?25l[4;48H[K[4;48H[?12l[?25h[?25l[4;47H[K[4;47H[?12l[?25h[?25l[34m^Z[?12l[?25h[?25l^Z[?12l[?25h[?25l^Z[?12l[?25h[?25l[m[4;51H[K[4;51H[?12l[?25h[?25l^[?12l[?25h[?25l[4;51H[K[4;51H[?12l[?25h[?25l[4;49H[K[4;49H[?12l[?25h[?25l[4;47H[K[4;47H[?12l[?25h[?25lH[?12l[?25h[?25l[4;47H[K[4;47H[?12l[?25h[?25lh[?12l[?25h[?25l-[?12l[?25h[?25lo[?12l[?25h[?25lp[?12l[?25h[?25le[?12l[?25h[?25ln[?12l[?25h[?25l.[?12l[?25h[?25lc[?12l[?25h[?25lh[?12l[?25h[?25l[5;23r[5;1H[L[1;24r[5;1H[?12l[?25h[?25l[4;23r[23;1H
[1;24r[4;1HMAINTAINER Marcel mc-b Bernet <marcel.bernet@ch-open.ch[23;1H[94m~                                                                               [4;56H[?12l[?25h
[6;19H[7;35H
[9;23H[10;29H[11;30H[12;36H
[14;48H
[16;10H
[18;21H
[20;56H[musr/sbin/apache2 -DFOREG
OUND[19;1H[18;21H[17;1H[16;10H[15;1H[14;48H[13;1H[12;36H[11;30H[10;29H[9;23H[8;1H[7;35H[6;19H[5;1H[4;56H[3;18H[2;2H[1;33H[?25l[1;32H[K[1;32H[?12l[?25h[?25l[1;31H[K[1;31H[?12l[?25h[?25l[1;30H[K[1;30H[?12l[?25h[?25l[1;29H[K[1;29H[?12l[?25h[?25l[1;28H[K[1;28H[?12l[?25h[?25l[1;27H[K[1;27H[?12l[?25h[?25l[1;26H[K[1;26H[?12l[?25h[?25l[1;25H[K[1;25H[?12l[?25h[?25l[?12l[?25h[?25l[1;23H[K[1;23H[?12l[?25h[?25l[1;22H[K[1;22H[?12l[?25h[?25l[1;21H[K[1;21H[?12l[?25h[?25l[1;20H[K[1;20H[?12l[?25h[?25l[1;19H[K[1;19H[?12l[?25h[?25l[1;18H[K[1;18H[?12l[?25h[?25l[?12l[?25h[?25l[1;16H[K[1;16H[?12l[?25h[?25l[1;15H[K[1;15H[?12l[?25h[?25l[1;14H[K[1;14H[?12l[?25h[?25l[1;13H[K[1;13H[?12l[?25h[?25l[1;12H[K[1;12H[?12l[?25h[?25l[1;11H[K[1;11H[?12l[?25h[?25l[1;10H[K[1;10H[?12l[?25h[?25l[1;9H[K[1;9H[?12l[?25h[?25l##[?12l[?25h[?25l:[?12l[?25h[?25lq[?12l[?25h[?25la[?12l[?25h[?25l![?12l[?25h[?25l[1;6H[K[1;6H[?12l[?25h[?25l[1;5H[K[1;5H[?12l[?25h[?25l[1;4H[K[1;4H[?12l[?25h[?25l[1;3H[K[1;3H[?12l[?25h
#
FR
MA

RU
RU

# 
EN
EN
EN

RU

EX

VO

CM[?25l[24;4H[1m(insert)- --[20;3H[?12l[?25h[?25l[24;4HINSERTt --[m[24;13H[K[20;37H1[42CRR[21;1HO[20;37H[?12l[?25h[?25l[24;1H[K[20;36H[?12l[?25h[?25l[24;1HType  :qa!  and press <Enter> to abandon all changes and exit Vim[20;36H[?12l[?25h[?25l[24;1H[K[24;1H:[?2004h[?12l[?25hqa![?25l[?2004l[24;1H[K[24;1H[?2004l[?1l>[?12l[?25h[?1049lbash-3.2$ vim Dockerfile
[?2004h[?1049h[?1h=[?2004h[1;24r[?12;25h[?12l[?25h[27m[m[H[2J[?25l[24;1H"Dockerfile" [readonly] 0L, 0C[2;1Hâ–½[6n[2;1H  [1;1H[>c]11;?[2;1H[94m~                                                                               [3;1H~                                                                               [4;1H~                                                                               [5;1H~                                                                               [6;1H~                                                                               [7;1H~                                                                               [8;1H~                                                                               [9;1H~                                                                               [10;1H~                                                                               [11;1H~                                                                               [12;1H~                                                                               [13;1H~                                                                               [14;1H~                                                                               [15;1H~                                                                               [16;1H~                                                                               [17;1H~                                                                               [18;1H~                                                                               [19;1H~                                                                               [20;1H~                                                                               [21;1H~                                                                               [22;1H~                                                                               [23;1H~                                                                               [1;1H[?12l[?25h[?25l[m[24;1HType  :qa!  and press <Enter> to abandon all changes and exit Vim[1;1H[?12l[?25h[?25l[24;1H[K[24;1H:[?2004h[?12l[?25hqa![?25l[?2004l[24;1H[K[24;1H[?2004l[?1l>[?12l[?25h[?1049lbash-3.2$ nano dockerfile[K[K[K[K[K[K[K[K[K[Kdo[K[KDockerfile 
[?1049h[1;24r(B[m[4l[?7h[?12l[?25h[?1h=[?1h=[?1h=[39;49m[39;49m(B[m[H[2J(B[0;7m  GNU nano 2.0.6              File: Dockerfile                                  [22;33H[ Read 0 lines ][23d^G(B[m Get Help  (B[0;7m^O(B[m WriteOut  (B[0;7m^R(B[m Read File (B[0;7m^Y(B[m Prev Page (B[0;7m^K(B[m Cut Text  (B[0;7m^C(B[m Cur Pos[24d(B[0;7m^X(B[m Exit[14G(B[0;7m^J(B[m Justify   (B[0;7m^W(B[m Where Is  (B[0;7m^V(B[m Next Page (B[0;7m^U(B[m UnCut Text(B[0;7m^T(B[m To Spell[3d[1;71H(B[0;7mModified[3d(B[mENV APACHE_RUN_USER www-data[4dENV APACHE_RUN_GROUP www-data[5dENV APACHE_LOG_DIR /var/log/apache2[7dRUN mkdir -p /var/lock/apache2 /var/run/apache2[9dEXPOSE 80[11dVOLUME /var/www/html[22d[K[13d$DFOREGROUND"CMD /bin/bash -c "source /etc/apache2/envvars && exec /usr/sbin/apache2 -DFOREG$[12;1H[11;21H[A[9;10H[A[7;48H[A[5;36H[4;30H[A[2;21r[2;1H[9T[1;24r[3;1H#[9GEinfache Apache Umgebung[4d#[5dFROM ubuntu:14.04[6dMAINTAINER Marcel mc-b Bernet <marcel.bernet@ch-open.ch>[8dRUN apt-get update[9dRUN apt-get -q -y install apache2[11d# Konfiguration Apache[A[9;35H[8;19H[A[6;57H[4d#[3;33H[2;22r[2;1HM[1;24r[3;1H#[4;33H[5d#[6;18H[7;57H[8d[7;57H[6;18H[A#[4;33H[A#[4;33H                      #[K[4;22r[22;1H
[1;24r[3;2H[4d[5d[6d[7d[8dR[9d[10d[11d#[12d[13d[14d[15d[16dR[17d[18dE[19d[20dV[21d7[3;22r8[22d[9S[1;24r[13;1HCMD /bin/bash -c "source /etc/apache2/envvars && exec /usr/sbin/apache2 -DFOREG$[13;2H[14d[AC[A[AV[A[AE[A[AR[A[AE[A[A[2;21r[2;1H[9T[1;24r[3;1H#[4d#[5dFROM ubuntu:14.04[6dMAINTAINER Marcel mc-b Bernet <marcel.bernet@ch-open.ch>[8dRUN apt-get update[9dRUN apt-get -q -y install apache2[11d# Konfiguration Apache#[A[AR[A[A[AM[A[A[A[22d(B[0;7mFile Name to Write: Dockerfile                                                  [23;14H(B[m       (B[0;7m^T(B[m To Files         (B[0;7mM-M(B[m Mac Format      (B[0;7mM-P(B[m Prepend[K[24;2H(B[0;7mC(B[m Cancel           (B[0;7mM-D(B[m DOS Format      (B[0;7mM-A(B[m Append          (B[0;7mM-B(B[m Backup File[K[22;31H[22;16H[1K (B[0;7m[ Error writing Dockerfile: Permission denied ](B[m[K[23;14H(B[0;7m^O(B[m WriteOut  (B[0;7m^R(B[m Read File (B[0;7m^Y(B[m Prev Page (B[0;7m^K(B[m Cut Text  (B[0;7m^C(B[m Cur Pos[24;2H(B[0;7mX(B[m Exit      (B[0;7m^J(B[m Justify   (B[0;7m^W(B[m Where Is  (B[0;7m^V(B[m Next Page (B[0;7m^U(B[m UnCut Text(B[0;7m^T(B[m To Spell[3d#[22d(B[0;7mSave modified buffer (ANSWERING "No" WILL DESTROY CHANGES) ?                    [23;1H Y(B[m Yes[K[24d(B[0;7m N(B[m No  [14G   (B[0;7m^C(B[m Cancel[K[22;62H(B[0;7mFile Name to Write: Dockerfile                              [23d^G(B[m Get Help[23;21H(B[0;7m^T(B[m To Files[23;41H(B[0;7mM-M(B[m Mac Format[61G(B[0;7mM-P(B[m Prepend[24d(B[0;7m^C(B[m Cancel[17G    (B[0;7mM-D(B[m DOS Format[41G(B[0;7mM-A(B[m Append[24;61H(B[0;7mM-B(B[m Backup File[22;31H[22;16H[1K (B[0;7m[ Error writing Dockerfile: Permission denied ](B[m[K[23;14H(B[0;7m^O(B[m WriteOut  (B[0;7m^R(B[m Read File (B[0;7m^Y(B[m Prev Page (B[0;7m^K(B[m Cut Text  (B[0;7m^C(B[m Cur Pos[24;2H(B[0;7mX(B[m Exit      (B[0;7m^J(B[m Justify   (B[0;7m^W(B[m Where Is  (B[0;7m^V(B[m Next Page (B[0;7m^U(B[m UnCut Text(B[0;7m^T(B[m To Spell[3d#[22d(B[0;7mSave modified buffer (ANSWERING "No" WILL DESTROY CHANGES) ?                    [23;1H Y(B[m Yes[K[24d(B[0;7m N(B[m No  [14G   (B[0;7m^C(B[m Cancel[K[22;62H[23d[J[24;80H[24;1H[?1049l[?1l>bash-3.2$ 
bash-3.2$ sudo nano Dockerfile 
Password:
[?1049h[1;24r(B[m[4l[?7h[?12l[?25h[?1h=[?1h=[?1h=[39;49m[39;49m(B[m[H[2J(B[0;7m  GNU nano 2.0.6              File: Dockerfile                                  [22;33H[ Read 0 lines ][23d^G(B[m Get Help  (B[0;7m^O(B[m WriteOut  (B[0;7m^R(B[m Read File (B[0;7m^Y(B[m Prev Page (B[0;7m^K(B[m Cut Text  (B[0;7m^C(B[m Cur Pos[24d(B[0;7m^X(B[m Exit[14G(B[0;7m^J(B[m Justify   (B[0;7m^W(B[m Where Is  (B[0;7m^V(B[m Next Page (B[0;7m^U(B[m UnCut Text(B[0;7m^T(B[m To Spell[3d[1;71H(B[0;7mModified[3d(B[mENV APACHE_RUN_USER www-data[4dENV APACHE_RUN_GROUP www-data[5dENV APACHE_LOG_DIR /var/log/apache2[7dRUN mkdir -p /var/lock/apache2 /var/run/apache2[9dEXPOSE 80[11dVOLUME /var/www/html[22d[K[13d$DFOREGROUND"CMD /bin/bash -c "source /etc/apache2/envvars && exec /usr/sbin/apache2 -DFOREG$[12;1H[11;21H[A[9;10H[A[7;48H[A[5;36H[4;30H[A[2;21r[2;1H[9T[1;24r[3;1H#[9GEinfache Apache Umgebung[4d#[5dFROM ubuntu:14.04[6dMAINTAINER Marcel mc-b Bernet <marcel.bernet@ch-open.ch>[8dRUN apt-get update[9dRUN apt-get -q -y install apache2[11d# Konfiguration Apache[A[9;35H[8;19H[A[6;57H[5;18H[A#[3;33H[2;22r[2;1HM[1;24r[3;1H#[4;33H[5d#[4;33H[A#[4;33Hung[5d[4;33H                      #[5d[6d[7d[8d[9dR[10d[11d[12d#[13d[14d[15d[16d[17dR[18d[19dE[20d[21dV7[2;22r8[22d[9S[1;24r[14;1HCMD /bin/bash -c "source /etc/apache2/envvars && exec /usr/sbin/apache2 -DFOREG$[13;1H[14dC[15d[22;12H(B[0;7m[ line 22/22 (100%), col 1/1 (100%), char 424/424 (100%) ][15d(B[m[16d[22d(B[0;7mSave modified buffer (ANSWERING "No" WILL DESTROY CHANGES) ?                    [23;1H Y(B[m Yes[K[24d(B[0;7m N(B[m No  [14G   (B[0;7m^C(B[m Cancel[K[22;62H(B[0;7mFile Name to Write: Dockerfile                              [23d^G(B[m Get Help[23;21H(B[0;7m^T(B[m To Files[23;41H(B[0;7mM-M(B[m Mac Format[61G(B[0;7mM-P(B[m Prepend[24d(B[0;7m^C(B[m Cancel[17G    (B[0;7mM-D(B[m DOS Format[41G(B[0;7mM-A(B[m Append[24;61H(B[0;7mM-B(B[m Backup File[22;31H[23d[39;49m(B[m[J[1;71H(B[0;7m        [22;31H(B[m[1K (B[0;7m[ Wrote 22 lines ](B[m[K[24;80H[24;1H[?1049l[?1l>bash-3.2$ 
bash-3.2$ sudo nano Dockerfile 
[?1049h[1;24r(B[m[4l[?7h[?12l[?25h[?1h=[?1h=[?1h=[39;49m[39;49m(B[m[H[2J(B[0;7m  GNU nano 2.0.6              File: Dockerfile                                  [3;1H(B[m#[4d#[5d#[6dFROM ubuntu:14.04[7dMAINTAINER Marcel mc-b Bernet <marcel.bernet@ch-open.ch>[9dRUN apt-get update[10dRUN apt-get -q -y install apache2[12d# Konfiguration Apache[13dENV APACHE_RUN_USER www-data[14dENV APACHE_RUN_GROUP www-data[15dENV APACHE_LOG_DIR /var/log/apache2[17dRUN mkdir -p /var/lock/apache2 /var/run/apache2[19dEXPOSE 80[21dVOLUME /var/www/html[22;32H(B[0;7m[ Read 22 lines ][23d^G(B[m Get Help  (B[0;7m^O(B[m WriteOut  (B[0;7m^R(B[m Read File (B[0;7m^Y(B[m Prev Page (B[0;7m^K(B[m Cut Text  (B[0;7m^C(B[m Cur Pos[24d(B[0;7m^X(B[m Exit[14G(B[0;7m^J(B[m Justify   (B[0;7m^W(B[m Where Is  (B[0;7m^V(B[m Next Page (B[0;7m^U(B[m UnCut Text(B[0;7m^T(B[m To Spell[3d[1;71H(B[0;7mModified[3d(B[mx#[22d(B[0;7mSave modified buffer (ANSWERING "No" WILL DESTROY CHANGES) ?                    [23;1H Y(B[m Yes[K[24d(B[0;7m N(B[m No  [14G   (B[0;7m^C(B[m Cancel[K[22;62H[22;33H[1K (B[0;7m[ Cancelled ](B[m[K[23d(B[0;7m^G(B[m Get Help  (B[0;7m^O(B[m WriteOut  (B[0;7m^R(B[m Read File (B[0;7m^Y(B[m Prev Page (B[0;7m^K(B[m Cut Text  (B[0;7m^C(B[m Cur Pos[24d(B[0;7m^X(B[m Exit[14G(B[0;7m^J(B[m Justify   (B[0;7m^W(B[m Where Is  (B[0;7m^V(B[m Next Page (B[0;7m^U(B[m UnCut Text(B[0;7m^T(B[m To Spell[3dx[22;16H(B[0;7m[ line 1/23 (4%), col 2/3 (66%), char 1/426 (0%) ][3;2H(B[m#[K[22;38H(B[0;7m1/2 (50[22;54H0/425[3d(B[m[2;21r[2;1HM[1;24r[4;1H[2;21r[21;1H
[1;24r[21;1HVOLUME /var/www/html[3d[4d[5d[6d[7d[8d[9d[22d(B[0;7mFile Name to Write: Dockerfile                                                  [23;14H(B[m       (B[0;7m^T(B[m To Files         (B[0;7mM-M(B[m Mac Format      (B[0;7mM-P(B[m Prepend[K[24;2H(B[0;7mC(B[m Cancel           (B[0;7mM-D(B[m DOS Format      (B[0;7mM-A(B[m Append          (B[0;7mM-B(B[m Backup File[K[22;31H[1;71H[39;49m(B[0;7m        [22;31H(B[m[1K (B[0;7m[ Wrote 22 lines ](B[m[K[23;14H(B[0;7m^O(B[m WriteOut  (B[0;7m^R(B[m Read File (B[0;7m^Y(B[m Prev Page (B[0;7m^K(B[m Cut Text  (B[0;7m^C(B[m Cur Pos[24;2H(B[0;7mX(B[m Exit      (B[0;7m^J(B[m Justify   (B[0;7m^W(B[m Where Is  (B[0;7m^V(B[m Next Page (B[0;7m^U(B[m UnCut Text(B[0;7m^T(B[m To Spell[9d[22;14H(B[0;7m[ line 7/23 (30%), col 1/19 (5%), char 82/425 (19%) ][9d(B[m[23d[J[24;80H[24;1H[?1049l[?1l>bash-3.2$ 
bash-3.2$ $
bash: $: command not found
bash-3.2$ [A[B[1PB[1PB[1PB[K$sudo nano Dockerfile 
[?1049h[1;24r(B[m[4l[?7h[?12l[?25h[?1h=[?1h=[?1h=[39;49m[39;49m(B[m[H[2J(B[0;7m  GNU nano 2.0.6              File: Dockerfile                                  [3;1H(B[m#[4d#[5d#[6dFROM ubuntu:14.04[7dMAINTAINER Marcel mc-b Bernet <marcel.bernet@ch-open.ch>[9dRUN apt-get update[10dRUN apt-get -q -y install apache2[12d# Konfiguration Apache[13dENV APACHE_RUN_USER www-data[14dENV APACHE_RUN_GROUP www-data[15dENV APACHE_LOG_DIR /var/log/apache2[17dRUN mkdir -p /var/lock/apache2 /var/run/apache2[19dEXPOSE 80[21dVOLUME /var/www/html[22;32H(B[0;7m[ Read 22 lines ][23d^G(B[m Get Help  (B[0;7m^O(B[m WriteOut  (B[0;7m^R(B[m Read File (B[0;7m^Y(B[m Prev Page (B[0;7m^K(B[m Cut Text  (B[0;7m^C(B[m Cur Pos[24d(B[0;7m^X(B[m Exit[14G(B[0;7m^J(B[m Justify   (B[0;7m^W(B[m Where Is  (B[0;7m^V(B[m Next Page (B[0;7m^U(B[m UnCut Text(B[0;7m^T(B[m To Spell[3d[4d[5d[6d[7d[8d[9d[23d[J[24;80H[24;1H[?1049l[?1l>bash-3.2$ sudo nano Dockerfile [C[C[C[C[C[C[C[C[C[C$[Ksudo nano Dockerfile [K[K[K[K[K[K[C[C[C[C[C[C[C[C[C[C[Kclear
[H[2Jbash-3.2$ clearsudo nano Dockef[Krfile 
[?1049h[1;24r(B[m[4l[?7h[?12l[?25h[?1h=[?1h=[?1h=[39;49m[39;49m(B[m[H[2J(B[0;7m  GNU nano 2.0.6              File: Dockerfile                                  [22;33H[ Read 0 lines ][23d^G(B[m Get Help  (B[0;7m^O(B[m WriteOut  (B[0;7m^R(B[m Read File (B[0;7m^Y(B[m Prev Page (B[0;7m^K(B[m Cut Text  (B[0;7m^C(B[m Cur Pos[24d(B[0;7m^X(B[m Exit[14G(B[0;7m^J(B[m Justify   (B[0;7m^W(B[m Where Is  (B[0;7m^V(B[m Next Page (B[0;7m^U(B[m UnCut Text(B[0;7m^T(B[m To Spell[3d[1;71H(B[0;7mModified[3d(B[mENV APACHE_RUN_USER www-data[4dENV APACHE_RUN_GROUP www-data[5dENV APACHE_LOG_DIR /var/log/apache2[7dRUN mkdir -p /var/lock/apache2 /var/run/apache2[9dEXPOSE 80[11dVOLUME /var/www/html[22d[K[13d$DFOREGROUND"CMD /bin/bash -c "source /etc/apache2/envvars && exec /usr/sbin/apache2 -DFOREG$[12;1H[11;21H[A[9;10H[A[9;10H[10d[11;21H[12d[13d$DFOREGROUND"[KCMD /bin/bash -c "source /etc/apache2/envvars && exec /usr/sbin/apache2 -DFOREG$[14;1H[A$DFOREGROUND"[KCMD /bin/bash -c "source /etc/apache2/envvars && exec /usr/sbin/apache2 -DFOREG$[14;1H[A$DFOREGROUND"[KCMD /bin/bash -c "source /etc/apache2/envvars && exec /usr/sbin/apache2 -DFOREG$[14;1H[A$DFOREGROUND"[KCMD /bin/bash -c "source /etc/apache2/envvars && exec /usr/sbin/apache2 -DFOREG$[13;79HORE$DFOREGROUND"[K[8GCMD /bin/bash -c "source /etc/apache2/envvars && exec /usr/sbin/apache2 -DFOREG$[13;79H$DFOREGROUND"[K[8GCMD /bin/bash -c "source /etc/apache2/envvars && exec /usr/sbin/apache2 -DFOREG$[13;79H[A[11;21H[A[9;10H[A[7;48H[A[5;36H[4;30H[A[2;21r[2;1H[9T[1;24r[3;1H#[9GEinfache Apache Umgebung[4d#[5dFROM ubuntu:14.04[6dMAINTAINER Marcel mc-b Bernet <marcel.bernet@ch-open.ch>[8dRUN apt-get update[9dRUN apt-get -q -y install apache2[11d# Konfiguration Apache[A[9;35H[8;19H[A[6;57H[5;18H[A#[3;33H[2;22r[2;1HM[1;24r[3;1H#[4;33H                      #[22;25H(B[0;7m[ XOFF ignored, mumble mumble ][4;2H(B[m[22;15H(B[0;7m[ line 2/22 (9%), col 2/2 (100%), char 3/424 (0%) ][4;2H(B[m7[5;21r8[5dM[1;24r[5;1H[5;21r[21;1H
[1;24r[21;1HVOLUME /var/www/html[4d#[22d(B[0;7mSave modified buffer (ANSWERING "No" WILL DESTROY CHANGES) ?                    [23;1H Y(B[m Yes[K[24d(B[0;7m N(B[m No  [14G   (B[0;7m^C(B[m Cancel[K[22;62H(B[0;7mFile Name to Write: Dockerfile                              [23d^G(B[m Get Help[23;21H(B[0;7m^T(B[m To Files[23;41H(B[0;7mM-M(B[m Mac Format[61G(B[0;7mM-P(B[m Prepend[24d(B[0;7m^C(B[m Cancel[17G    (B[0;7mM-D(B[m DOS Format[41G(B[0;7mM-A(B[m Append[24;61H(B[0;7mM-B(B[m Backup File[22;31H[23d[39;49m(B[m[J[1;71H(B[0;7m        [22;31H(B[m[1K (B[0;7m[ Wrote 21 lines ](B[m[K[24;80H[24;1H[?1049l[?1l>bash-3.2$ sudo nano Dockerfile 
[?1049h[1;24r(B[m[4l[?7h[?12l[?25h[?1h=[?1h=[?1h=[39;49m[39;49m(B[m[H[2J(B[0;7m  GNU nano 2.0.6              File: Dockerfile                                  [3;1H(B[m#[4d#[5d#[6dFROM ubuntu:14.04[7dMAINTAINER Marcel mc-b Bernet <marcel.bernet@ch-open.ch>[9dRUN apt-get update[10dRUN apt-get -q -y install apache2[12d# Konfiguration Apache[13dENV APACHE_RUN_USER www-data[14dENV APACHE_RUN_GROUP www-data[15dENV APACHE_LOG_DIR /var/log/apache2[17dRUN mkdir -p /var/lock/apache2 /var/run/apache2[19dEXPOSE 80[21dVOLUME /var/www/html[22;32H(B[0;7m[ Read 21 lines ][23d^G(B[m Get Help  (B[0;7m^O(B[m WriteOut  (B[0;7m^R(B[m Read File (B[0;7m^Y(B[m Prev Page (B[0;7m^K(B[m Cut Text  (B[0;7m^C(B[m Cur Pos[24d(B[0;7m^X(B[m Exit[14G(B[0;7m^J(B[m Justify   (B[0;7m^W(B[m Where Is  (B[0;7m^V(B[m Next Page (B[0;7m^U(B[m UnCut Text(B[0;7m^T(B[m To Spell[3d[23d[J[24;80H[24;1H[?1049l[?1l>bash-3.2$ 