Script started on Tue Mar 13 13:55:36 2018
[?1034hbash-3.2$ exitdocker container lsrun -d -p 4000:80 test[C[C[C[C[C[C[C[C[C[C[C[C[C[C[C[C[C[10Pcontainer lsrun -d -p 4000:80 test[C[C[C[C[C[C[C[C[C[C[C[C[C[C[C[C[C[10Pcontainer ls
CONTAINER ID        IMAGE               COMMAND                  CREATED             STATUS              PORTS                  NAMES
9c2c954ab4e0        test                "/bin/sh -c '/bin/baâ€¦"   12 minutes ago      Up 12 minutes       0.0.0.0:4000->80/tcp   heuristic_allen
bash-3.2$ docker container ls[C[C[C[C[C[C[C[C[C[Cexit[Kdocker container lsrun -d -p 4000:80 test[C[C[C[C[C[C[C[C[C[C[C[C[C[C[C[C[C[10Pcontainer lsrun -d -p 4000:80 test[C[C[C[C[C[C[C[C[C[C[C[C[C[C[C[C[C[10Pcontainer lsstart c65364855c5cls[Kstop c65364855c5cls[Kstop c65364855c5c
c65364855c5c
bash-3.2$ docker container stop c65364855c5c[K[K[K[K[K[K[K[K[K[K[K[K9c2c954ab4e0
9c2c954ab4e0
bash-3.2$ pwd
/Users/jasonnguy/Potatoe/Logs
bash-3.2$ cd
bash-3.2$ cdPotat[K[K[K[K[K Potatoe/
bash-3.2$ cd docker/
bash-3.2$ docker build -t 2[Ktest2
"docker build" requires exactly 1 argument.
See 'docker build --help'.

Usage:  docker build [OPTIONS] PATH | URL | - [flags]

Build an image from a Dockerfile
bash-3.2$ docker build -t test2 .
Sending build context to Docker daemon  14.85kB
Step 1/13 : FROM ubuntu:14.04
 ---> a35e70164dfb
Step 2/13 : RUN apt-get update
 ---> Using cache
 ---> 02c376ad54cc
Step 3/13 : RUN apt-get -q -y install apache2
 ---> Using cache
 ---> 0d0503889489
Step 4/13 : RUN a2enmod ssl
 ---> Running in 552972b00e72
Considering dependency setenvif for ssl:
Module setenvif already enabled
Considering dependency mime for ssl:
Module mime already enabled
Considering dependency socache_shmcb for ssl:
Enabling module socache_shmcb.
Enabling module ssl.
See /usr/share/doc/apache2/README.Debian.gz on how to configure SSL and create self-signed certificates.
To activate the new configuration, you need to run:
  service apache2 restart
Removing intermediate container 552972b00e72
 ---> f15438e6b68b
Step 5/13 : RUN a2ensite default-ssl
 ---> Running in 8f78efc08f74
Enabling site default-ssl.
To activate the new configuration, you need to run:
  service apache2 reload
Removing intermediate container 8f78efc08f74
 ---> e6b6d0cc8318
Step 6/13 : RUN Service apache2 restart
 ---> Running in d9deb33a0b4e
[91m/bin/sh: 1: Service: not found
[0mThe command '/bin/sh -c Service apache2 restart' returned a non-zero code: 127
bash-3.2$ cointainer [K[K[K[K[K[K[K[K[K[K[Kdocker coi[Kntainer lw[Ks
CONTAINER ID        IMAGE               COMMAND             CREATED             STATUS              PORTS               NAMES
bash-3.2$ docker container lsbuild -t test2 .[K .
Sending build context to Docker daemon  14.85kB
Step 1/13 : FROM ubuntu:14.04
 ---> a35e70164dfb
Step 2/13 : RUN apt-get update
 ---> Using cache
 ---> 02c376ad54cc
Step 3/13 : RUN apt-get -q -y install apache2
 ---> Using cache
 ---> 0d0503889489
Step 4/13 : RUN a2enmod ssl
 ---> Using cache
 ---> f15438e6b68b
Step 5/13 : RUN a2ensite default-ssl
 ---> Using cache
 ---> e6b6d0cc8318
Step 6/13 : RUN Service apache2 restart
 ---> Running in d0b848098a34
[91m/bin/sh: 1: Service: not found
[0mThe command '/bin/sh -c Service apache2 restart' returned a non-zero code: 127
bash-3.2$ docker build -t test2 .[4Pcontainer lsbuild -t test2 .[K[C[C[C[C[C[C[C[C[C[C[11Pcd docker/Potatoe/[Kpwddocker container stop 9c2c954ab4e0c65364855c5c9c2c954ab4e0c65364855c5cls[K[C[C[C[C[C[C[C[C[C[Cexit[Kdocker container lsrun -d -p 4000:80 test
9c46148b2d5116e5e6c28c3eef819b97984bce8c2c82eec0acc27e278c5c0c54
bash-3.2$ con[K[K[Kdocker ca[Kontainer stop [K[K[K[K[Kls
CONTAINER ID        IMAGE               COMMAND                  CREATED             STATUS              PORTS                  NAMES
9c46148b2d51        test                "/bin/sh -c '/bin/baâ€¦"   3 minutes ago       Up 3 minutes        0.0.0.0:4000->80/tcp   eager_northcutt
bash-3.2$ docker container ls[K[Kstop 9c46148b2d51
9c46148b2d51
bash-3.2$ pwd
/Users/jasonnguy/Potatoe/docker
bash-3.2$ cd
bash-3.2$ cdPo[K[K PO[Kotatoe/
bash-3.2$ pwd
/Users/jasonnguy/Potatoe
bash-3.2$ cd 
.DS_Store      .git/          Apache_mysql/  Dokumentation/ Logs/          README.md      docker/        upload.sh
bash-3.2$ cd 
.DS_Store      .git/          Apache_mysql/  Dokumentation/ Logs/          README.md      docker/        upload.sh
bash-3.2$ cd ap[K[KApache_mysql/
bash-3.2$ docker build -r[K[Kt[K.t [K[K[K-t dock[K[K[K[Kapacke[K[Khe[K[K[K[K[K[Kapsql
"docker build" requires exactly 1 argument.
See 'docker build --help'.

Usage:  docker build [OPTIONS] PATH | URL | - [flags]

Build an image from a Dockerfile
bash-3.2$ docker build -t apsql .
Sending build context to Docker daemon  3.072kB
Step 1/23 : FROM ubuntu:14.04
 ---> a35e70164dfb
Step 2/23 : RUN apt-get update
 ---> Using cache
 ---> 02c376ad54cc
Step 3/23 : RUN apt-get -q -y install apache2
 ---> Using cache
 ---> 0d0503889489
Step 4/23 : RUN apt-get install mysql-server mysql-client
 ---> Running in 2e3bdf5863af
Reading package lists...
Building dependency tree...
Reading state information...
The following extra packages will be installed:
  libaio1 libdbd-mysql-perl libdbi-perl libhtml-template-perl libmysqlclient18
  libterm-readkey-perl libwrap0 mysql-client-5.5 mysql-client-core-5.5
  mysql-common mysql-server-5.5 mysql-server-core-5.5 psmisc tcpd
Suggested packages:
  libclone-perl libmldbm-perl libnet-daemon-perl libplrpc-perl
  libsql-statement-perl libipc-sharedcache-perl tinyca mailx
The following NEW packages will be installed:
  libaio1 libdbd-mysql-perl libdbi-perl libhtml-template-perl libmysqlclient18
  libterm-readkey-perl libwrap0 mysql-client mysql-client-5.5
  mysql-client-core-5.5 mysql-common mysql-server mysql-server-5.5
  mysql-server-core-5.5 psmisc tcpd
0 upgraded, 16 newly installed, 0 to remove and 0 not upgraded.
Need to get 9605 kB of archives.
After this operation, 97.8 MB of additional disk space will be used.
Do you want to continue? [Y/n] Abort.
The command '/bin/sh -c apt-get install mysql-server mysql-client' returned a non-zero code: 1
bash-3.2$ docker build -t apsql .
Sending build context to Docker daemon  3.072kB
Step 1/23 : FROM ubuntu:14.04
 ---> a35e70164dfb
Step 2/23 : RUN apt-get update
 ---> Using cache
 ---> 02c376ad54cc
Step 3/23 : RUN apt-get -q -y install apache2
 ---> Using cache
 ---> 0d0503889489
Step 4/23 : RUN apt-get install mysql-server mysql-client -y
 ---> Running in 5b004e4d01c6
Reading package lists...
Building dependency tree...
Reading state information...
The following extra packages will be installed:
  libaio1 libdbd-mysql-perl libdbi-perl libhtml-template-perl libmysqlclient18
  libterm-readkey-perl libwrap0 mysql-client-5.5 mysql-client-core-5.5
  mysql-common mysql-server-5.5 mysql-server-core-5.5 psmisc tcpd
Suggested packages:
  libclone-perl libmldbm-perl libnet-daemon-perl libplrpc-perl
  libsql-statement-perl libipc-sharedcache-perl tinyca mailx
The following NEW packages will be installed:
  libaio1 libdbd-mysql-perl libdbi-perl libhtml-template-perl libmysqlclient18
  libterm-readkey-perl libwrap0 mysql-client mysql-client-5.5
  mysql-client-core-5.5 mysql-common mysql-server mysql-server-5.5
  mysql-server-core-5.5 psmisc tcpd
0 upgraded, 16 newly installed, 0 to remove and 0 not upgraded.
Need to get 9605 kB of archives.
After this operation, 97.8 MB of additional disk space will be used.
Get:1 http://archive.ubuntu.com/ubuntu/ trusty/main libaio1 amd64 0.3.109-4 [6364 B]
Get:2 http://archive.ubuntu.com/ubuntu/ trusty-updates/main mysql-common all 5.5.59-0ubuntu0.14.04.1 [12.8 kB]
Get:3 http://archive.ubuntu.com/ubuntu/ trusty-updates/main libmysqlclient18 amd64 5.5.59-0ubuntu0.14.04.1 [597 kB]
Get:4 http://archive.ubuntu.com/ubuntu/ trusty/main libwrap0 amd64 7.6.q-25 [46.2 kB]
Get:5 http://archive.ubuntu.com/ubuntu/ trusty/main libdbi-perl amd64 1.630-1 [879 kB]
Get:6 http://archive.ubuntu.com/ubuntu/ trusty-updates/main libdbd-mysql-perl amd64 4.025-1ubuntu0.1 [87.6 kB]
Get:7 http://archive.ubuntu.com/ubuntu/ trusty/main libterm-readkey-perl amd64 2.31-1 [27.4 kB]
Get:8 http://archive.ubuntu.com/ubuntu/ trusty-updates/main mysql-client-core-5.5 amd64 5.5.59-0ubuntu0.14.04.1 [711 kB]
Get:9 http://archive.ubuntu.com/ubuntu/ trusty-updates/main mysql-client-5.5 amd64 5.5.59-0ubuntu0.14.04.1 [1480 kB]
Get:10 http://archive.ubuntu.com/ubuntu/ trusty-updates/main mysql-server-core-5.5 amd64 5.5.59-0ubuntu0.14.04.1 [3738 kB]
Get:11 http://archive.ubuntu.com/ubuntu/ trusty/main psmisc amd64 22.20-1ubuntu2 [53.2 kB]
Get:12 http://archive.ubuntu.com/ubuntu/ trusty-updates/main mysql-server-5.5 amd64 5.5.59-0ubuntu0.14.04.1 [1856 kB]
Get:13 http://archive.ubuntu.com/ubuntu/ trusty/main libhtml-template-perl all 2.95-1 [65.5 kB]
Get:14 http://archive.ubuntu.com/ubuntu/ trusty-updates/main mysql-client all 5.5.59-0ubuntu0.14.04.1 [10.9 kB]
Get:15 http://archive.ubuntu.com/ubuntu/ trusty-updates/main mysql-server all 5.5.59-0ubuntu0.14.04.1 [11.1 kB]
Get:16 http://archive.ubuntu.com/ubuntu/ trusty/main tcpd amd64 7.6.q-25 [23.0 kB]
[91mdebconf: unable to initialize frontend: Dialog
debconf: (TERM is not set, so the dialog frontend is not usable.)
debconf: falling back to frontend: Readline
[0m[91mdebconf: unable to initialize frontend: Readline
debconf: (This frontend requires a controlling tty.)
debconf: falling back to frontend: Teletype
[0m[91mdpkg-preconfigure: unable to re-open stdin: 
[0mFetched 9605 kB in 2s (4463 kB/s)
Selecting previously unselected package libaio1:amd64.
(Reading database ... 12488 files and directories currently installed.)
Preparing to unpack .../libaio1_0.3.109-4_amd64.deb ...
Unpacking libaio1:amd64 (0.3.109-4) ...
Selecting previously unselected package mysql-common.
Preparing to unpack .../mysql-common_5.5.59-0ubuntu0.14.04.1_all.deb ...
Unpacking mysql-common (5.5.59-0ubuntu0.14.04.1) ...
Selecting previously unselected package libmysqlclient18:amd64.
Preparing to unpack .../libmysqlclient18_5.5.59-0ubuntu0.14.04.1_amd64.deb ...
Unpacking libmysqlclient18:amd64 (5.5.59-0ubuntu0.14.04.1) ...
Selecting previously unselected package libwrap0:amd64.
Preparing to unpack .../libwrap0_7.6.q-25_amd64.deb ...
Unpacking libwrap0:amd64 (7.6.q-25) ...
Selecting previously unselected package libdbi-perl.
Preparing to unpack .../libdbi-perl_1.630-1_amd64.deb ...
Unpacking libdbi-perl (1.630-1) ...
Selecting previously unselected package libdbd-mysql-perl.
Preparing to unpack .../libdbd-mysql-perl_4.025-1ubuntu0.1_amd64.deb ...
Unpacking libdbd-mysql-perl (4.025-1ubuntu0.1) ...
Selecting previously unselected package libterm-readkey-perl.
Preparing to unpack .../libterm-readkey-perl_2.31-1_amd64.deb ...
Unpacking libterm-readkey-perl (2.31-1) ...
Selecting previously unselected package mysql-client-core-5.5.
Preparing to unpack .../mysql-client-core-5.5_5.5.59-0ubuntu0.14.04.1_amd64.deb ...
Unpacking mysql-client-core-5.5 (5.5.59-0ubuntu0.14.04.1) ...
Selecting previously unselected package mysql-client-5.5.
Preparing to unpack .../mysql-client-5.5_5.5.59-0ubuntu0.14.04.1_amd64.deb ...
Unpacking mysql-client-5.5 (5.5.59-0ubuntu0.14.04.1) ...
Selecting previously unselected package mysql-server-core-5.5.
Preparing to unpack .../mysql-server-core-5.5_5.5.59-0ubuntu0.14.04.1_amd64.deb ...
Unpacking mysql-server-core-5.5 (5.5.59-0ubuntu0.14.04.1) ...
Selecting previously unselected package psmisc.
Preparing to unpack .../psmisc_22.20-1ubuntu2_amd64.deb ...
Unpacking psmisc (22.20-1ubuntu2) ...
Setting up mysql-common (5.5.59-0ubuntu0.14.04.1) ...
Selecting previously unselected package mysql-server-5.5.
(Reading database ... 12882 files and directories currently installed.)
Preparing to unpack .../mysql-server-5.5_5.5.59-0ubuntu0.14.04.1_amd64.deb ...
[91mdebconf: unable to initialize frontend: Dialog
debconf: (TERM is not set, so the dialog frontend is not usable.)
debconf: falling back to frontend: Readline
[0m[91mdebconf: unable to initialize frontend: Readline
debconf: (This frontend requires a controlling tty.)
debconf: falling back to frontend: Teletype
[0mConfiguring mysql-server-5.5
----------------------------

While not mandatory, it is highly recommended that you set a password for the 
MySQL administrative "root" user.

If this field is left blank, the password will not be changed.

New password for the MySQL "root" user: 
[91mUse of uninitialized value $_[1] in join or string at /usr/share/perl5/Debconf/DbDriver/Stack.pm line 111.
[0m[91mUse of uninitialized value $val in substitution (s///) at /usr/share/perl5/Debconf/Format/822.pm line 83, <GEN6> line 1.
Use of uninitialized value $val in concatenation (.) or string at /usr/share/perl5/Debconf/Format/822.pm line 84, <GEN6> line 1.
[0mUnpacking mysql-server-5.5 (5.5.59-0ubuntu0.14.04.1) ...
Selecting previously unselected package libhtml-template-perl.
Preparing to unpack .../libhtml-template-perl_2.95-1_all.deb ...
Unpacking libhtml-template-perl (2.95-1) ...
Selecting previously unselected package mysql-client.
Preparing to unpack .../mysql-client_5.5.59-0ubuntu0.14.04.1_all.deb ...
Unpacking mysql-client (5.5.59-0ubuntu0.14.04.1) ...
Selecting previously unselected package mysql-server.
Preparing to unpack .../mysql-server_5.5.59-0ubuntu0.14.04.1_all.deb ...
Unpacking mysql-server (5.5.59-0ubuntu0.14.04.1) ...
Selecting previously unselected package tcpd.
Preparing to unpack .../tcpd_7.6.q-25_amd64.deb ...
Unpacking tcpd (7.6.q-25) ...
Processing triggers for ureadahead (0.100.0-16) ...
Setting up libaio1:amd64 (0.3.109-4) ...
Setting up libmysqlclient18:amd64 (5.5.59-0ubuntu0.14.04.1) ...
Setting up libwrap0:amd64 (7.6.q-25) ...
Setting up libdbi-perl (1.630-1) ...
Setting up libdbd-mysql-perl (4.025-1ubuntu0.1) ...
Setting up libterm-readkey-perl (2.31-1) ...
Setting up mysql-client-core-5.5 (5.5.59-0ubuntu0.14.04.1) ...
Setting up mysql-client-5.5 (5.5.59-0ubuntu0.14.04.1) ...
Setting up mysql-server-core-5.5 (5.5.59-0ubuntu0.14.04.1) ...
Setting up psmisc (22.20-1ubuntu2) ...
Setting up mysql-server-5.5 (5.5.59-0ubuntu0.14.04.1) ...
[91mdebconf: unable to initialize frontend: Dialog
[0m[91mdebconf: (TERM is not set, so the dialog frontend is not usable.)
debconf: falling back to frontend: Readline
[0m[91mdebconf: unable to initialize frontend: Readline
[0m[91mdebconf: (This frontend requires a controlling tty.)
debconf: falling back to frontend: Teletype
[0mConfiguring mysql-server-5.5
----------------------------

While not mandatory, it is highly recommended that you set a password for the 
MySQL administrative "root" user.

If this field is left blank, the password will not be changed.

New password for the MySQL "root" user: 
[91mUse of uninitialized value $_[1] in join or string at /usr/share/perl5/Debconf/DbDriver/Stack.pm line 111.
[0m[91minvoke-rc.d: policy-rc.d denied execution of stop.
[0m[91minvoke-rc.d: policy-rc.d denied execution of start.
[0mSetting up libhtml-template-perl (2.95-1) ...
Setting up mysql-client (5.5.59-0ubuntu0.14.04.1) ...
Setting up tcpd (7.6.q-25) ...
Processing triggers for ureadahead (0.100.0-16) ...
Setting up mysql-server (5.5.59-0ubuntu0.14.04.1) ...
Processing triggers for libc-bin (2.19-0ubuntu6.14) ...
Removing intermediate container 5b004e4d01c6
 ---> 0d215da65600
Step 5/23 : RUN mysql -u root -p
 ---> Running in e9fdea47103a
[91mEnter password: [0m[91mERROR 2002 (HY000): Can't connect to local MySQL server through socket '/var/run/mysqld/mysqld.sock' (2)
[0mThe command '/bin/sh -c mysql -u root -p' returned a non-zero code: 1
bash-3.2$ docker build -t apsql .
Sending build context to Docker daemon  3.072kB
Step 1/24 : FROM ubuntu:14.04
 ---> a35e70164dfb
Step 2/24 : RUN echo "root:Docker!" | chpasswd
 ---> Running in d2b58fee04e2
Removing intermediate container d2b58fee04e2
 ---> ea6272993fca
Step 3/24 : RUN apt-get update
 ---> Running in d930c35ea25f
Ign http://archive.ubuntu.com trusty InRelease
Get:1 http://security.ubuntu.com trusty-security InRelease [65.9 kB]
Get:2 http://archive.ubuntu.com trusty-updates InRelease [65.9 kB]
Get:3 http://archive.ubuntu.com trusty-backports InRelease [65.9 kB]
Get:4 http://archive.ubuntu.com trusty Release.gpg [933 B]
Get:5 http://archive.ubuntu.com trusty Release [58.5 kB]
Get:6 http://archive.ubuntu.com trusty-updates/universe Sources [248 kB]
Get:7 http://archive.ubuntu.com trusty-updates/main amd64 Packages [1323 kB]
Get:8 http://archive.ubuntu.com trusty-updates/restricted amd64 Packages [21.4 kB]
Get:9 http://archive.ubuntu.com trusty-updates/universe amd64 Packages [576 kB]
Get:10 http://archive.ubuntu.com trusty-updates/multiverse amd64 Packages [16.0 kB]
Get:11 http://archive.ubuntu.com trusty-backports/main amd64 Packages [14.7 kB]
Get:12 http://archive.ubuntu.com trusty-backports/restricted amd64 Packages [40 B]
Get:13 http://archive.ubuntu.com trusty-backports/universe amd64 Packages [52.5 kB]
Get:14 http://archive.ubuntu.com trusty-backports/multiverse amd64 Packages [1392 B]
Get:15 http://archive.ubuntu.com trusty/universe Sources [7926 kB]
Get:16 http://security.ubuntu.com trusty-security/universe Sources [83.2 kB]
Get:17 http://security.ubuntu.com trusty-security/main amd64 Packages [899 kB]
Get:18 http://archive.ubuntu.com trusty/main amd64 Packages [1743 kB]
Get:19 http://archive.ubuntu.com trusty/restricted amd64 Packages [16.0 kB]
Get:20 http://archive.ubuntu.com trusty/universe amd64 Packages [7589 kB]
Get:21 http://security.ubuntu.com trusty-security/restricted amd64 Packages [18.1 kB]
Get:22 http://security.ubuntu.com trusty-security/universe amd64 Packages [267 kB]
Get:23 http://security.ubuntu.com trusty-security/multiverse amd64 Packages [4723 B]
Get:24 http://archive.ubuntu.com trusty/multiverse amd64 Packages [169 kB]
Fetched 21.2 MB in 5s (4097 kB/s)
Reading package lists...
Removing intermediate container d930c35ea25f
 ---> 3d1e79a63ece
Step 4/24 : RUN apt-get -q -y install apache2
 ---> Running in 6fe5c6a52013
Reading package lists...
Building dependency tree...
Reading state information...
The following extra packages will be installed:
  apache2-bin apache2-data libapr1 libaprutil1 libaprutil1-dbd-sqlite3
  libaprutil1-ldap libasn1-8-heimdal libgssapi3-heimdal libhcrypto4-heimdal
  libheimbase1-heimdal libheimntlm0-heimdal libhx509-5-heimdal
  libkrb5-26-heimdal libldap-2.4-2 libroken18-heimdal libsasl2-2
  libsasl2-modules libsasl2-modules-db libwind0-heimdal libxml2 openssl
  sgml-base ssl-cert xml-core
Suggested packages:
  www-browser apache2-doc apache2-suexec-pristine apache2-suexec-custom ufw
  apache2-utils libsasl2-modules-otp libsasl2-modules-ldap
  libsasl2-modules-sql libsasl2-modules-gssapi-mit
  libsasl2-modules-gssapi-heimdal ca-certificates sgml-base-doc
  openssl-blacklist debhelper
The following NEW packages will be installed:
  apache2 apache2-bin apache2-data libapr1 libaprutil1 libaprutil1-dbd-sqlite3
  libaprutil1-ldap libasn1-8-heimdal libgssapi3-heimdal libhcrypto4-heimdal
  libheimbase1-heimdal libheimntlm0-heimdal libhx509-5-heimdal
  libkrb5-26-heimdal libldap-2.4-2 libroken18-heimdal libsasl2-2
  libsasl2-modules libsasl2-modules-db libwind0-heimdal libxml2 openssl
  sgml-base ssl-cert xml-core
0 upgraded, 25 newly installed, 0 to remove and 0 not upgraded.
Need to get 3442 kB of archives.
After this operation, 12.6 MB of additional disk space will be used.
Get:1 http://archive.ubuntu.com/ubuntu/ trusty-updates/main libroken18-heimdal amd64 1.6~git20131207+dfsg-1ubuntu1.2 [39.9 kB]
Get:2 http://archive.ubuntu.com/ubuntu/ trusty-updates/main libasn1-8-heimdal amd64 1.6~git20131207+dfsg-1ubuntu1.2 [160 kB]
Get:3 http://archive.ubuntu.com/ubuntu/ trusty-updates/main libhcrypto4-heimdal amd64 1.6~git20131207+dfsg-1ubuntu1.2 [84.1 kB]
Get:4 http://archive.ubuntu.com/ubuntu/ trusty-updates/main libheimbase1-heimdal amd64 1.6~git20131207+dfsg-1ubuntu1.2 [29.0 kB]
Get:5 http://archive.ubuntu.com/ubuntu/ trusty-updates/main libwind0-heimdal amd64 1.6~git20131207+dfsg-1ubuntu1.2 [47.9 kB]
Get:6 http://archive.ubuntu.com/ubuntu/ trusty-updates/main libhx509-5-heimdal amd64 1.6~git20131207+dfsg-1ubuntu1.2 [104 kB]
Get:7 http://archive.ubuntu.com/ubuntu/ trusty-updates/main libkrb5-26-heimdal amd64 1.6~git20131207+dfsg-1ubuntu1.2 [196 kB]
Get:8 http://archive.ubuntu.com/ubuntu/ trusty-updates/main libheimntlm0-heimdal amd64 1.6~git20131207+dfsg-1ubuntu1.2 [15.2 kB]
Get:9 http://archive.ubuntu.com/ubuntu/ trusty-updates/main libgssapi3-heimdal amd64 1.6~git20131207+dfsg-1ubuntu1.2 [89.7 kB]
Get:10 http://archive.ubuntu.com/ubuntu/ trusty/main libsasl2-modules-db amd64 2.1.25.dfsg1-17build1 [14.9 kB]
Get:11 http://archive.ubuntu.com/ubuntu/ trusty/main libsasl2-2 amd64 2.1.25.dfsg1-17build1 [56.5 kB]
Get:12 http://archive.ubuntu.com/ubuntu/ trusty-updates/main libldap-2.4-2 amd64 2.4.31-1+nmu2ubuntu8.4 [153 kB]
Get:13 http://archive.ubuntu.com/ubuntu/ trusty-updates/main libxml2 amd64 2.9.1+dfsg1-3ubuntu4.12 [573 kB]
Get:14 http://archive.ubuntu.com/ubuntu/ trusty/main sgml-base all 1.26+nmu4ubuntu1 [12.5 kB]
Get:15 http://archive.ubuntu.com/ubuntu/ trusty/main libapr1 amd64 1.5.0-1 [85.1 kB]
Get:16 http://archive.ubuntu.com/ubuntu/ trusty/main libaprutil1 amd64 1.5.3-1 [76.4 kB]
Get:17 http://archive.ubuntu.com/ubuntu/ trusty/main libsasl2-modules amd64 2.1.25.dfsg1-17build1 [64.3 kB]
Get:18 http://archive.ubuntu.com/ubuntu/ trusty-updates/main openssl amd64 1.0.1f-1ubuntu2.23 [490 kB]
Get:19 http://archive.ubuntu.com/ubuntu/ trusty/main xml-core all 0.13+nmu2 [23.3 kB]
Get:20 http://archive.ubuntu.com/ubuntu/ trusty/main libaprutil1-dbd-sqlite3 amd64 1.5.3-1 [10.5 kB]
Get:21 http://archive.ubuntu.com/ubuntu/ trusty/main libaprutil1-ldap amd64 1.5.3-1 [8634 B]
Get:22 http://archive.ubuntu.com/ubuntu/ trusty-updates/main apache2-bin amd64 2.4.7-1ubuntu4.18 [844 kB]
Get:23 http://archive.ubuntu.com/ubuntu/ trusty-updates/main apache2-data all 2.4.7-1ubuntu4.18 [160 kB]
Get:24 http://archive.ubuntu.com/ubuntu/ trusty-updates/main apache2 amd64 2.4.7-1ubuntu4.18 [87.5 kB]
Get:25 http://archive.ubuntu.com/ubuntu/ trusty/main ssl-cert all 1.0.33 [16.6 kB]
[91mdebconf: unable to initialize frontend: Dialog
[0m[91mdebconf: (TERM is not set, so the dialog frontend is not usable.)
[0m[91mdebconf: falling back to frontend: Readline
[0m[91mdebconf: unable to initialize frontend: Readline
debconf: (This frontend requires a controlling tty.)
debconf: falling back to frontend: Teletype
[0m[91mdpkg-preconfigure: unable to re-open stdin: 
[0mFetched 3442 kB in 1s (3004 kB/s)
Selecting previously unselected package libroken18-heimdal:amd64.
(Reading database ... 11571 files and directories currently installed.)
Preparing to unpack .../libroken18-heimdal_1.6~git20131207+dfsg-1ubuntu1.2_amd64.deb ...
Unpacking libroken18-heimdal:amd64 (1.6~git20131207+dfsg-1ubuntu1.2) ...
Selecting previously unselected package libasn1-8-heimdal:amd64.
Preparing to unpack .../libasn1-8-heimdal_1.6~git20131207+dfsg-1ubuntu1.2_amd64.deb ...
Unpacking libasn1-8-heimdal:amd64 (1.6~git20131207+dfsg-1ubuntu1.2) ...
Selecting previously unselected package libhcrypto4-heimdal:amd64.
Preparing to unpack .../libhcrypto4-heimdal_1.6~git20131207+dfsg-1ubuntu1.2_amd64.deb ...
Unpacking libhcrypto4-heimdal:amd64 (1.6~git20131207+dfsg-1ubuntu1.2) ...
Selecting previously unselected package libheimbase1-heimdal:amd64.
Preparing to unpack .../libheimbase1-heimdal_1.6~git20131207+dfsg-1ubuntu1.2_amd64.deb ...
Unpacking libheimbase1-heimdal:amd64 (1.6~git20131207+dfsg-1ubuntu1.2) ...
Selecting previously unselected package libwind0-heimdal:amd64.
Preparing to unpack .../libwind0-heimdal_1.6~git20131207+dfsg-1ubuntu1.2_amd64.deb ...
Unpacking libwind0-heimdal:amd64 (1.6~git20131207+dfsg-1ubuntu1.2) ...
Selecting previously unselected package libhx509-5-heimdal:amd64.
Preparing to unpack .../libhx509-5-heimdal_1.6~git20131207+dfsg-1ubuntu1.2_amd64.deb ...
Unpacking libhx509-5-heimdal:amd64 (1.6~git20131207+dfsg-1ubuntu1.2) ...
Selecting previously unselected package libkrb5-26-heimdal:amd64.
Preparing to unpack .../libkrb5-26-heimdal_1.6~git20131207+dfsg-1ubuntu1.2_amd64.deb ...
Unpacking libkrb5-26-heimdal:amd64 (1.6~git20131207+dfsg-1ubuntu1.2) ...
Selecting previously unselected package libheimntlm0-heimdal:amd64.
Preparing to unpack .../libheimntlm0-heimdal_1.6~git20131207+dfsg-1ubuntu1.2_amd64.deb ...
Unpacking libheimntlm0-heimdal:amd64 (1.6~git20131207+dfsg-1ubuntu1.2) ...
Selecting previously unselected package libgssapi3-heimdal:amd64.
Preparing to unpack .../libgssapi3-heimdal_1.6~git20131207+dfsg-1ubuntu1.2_amd64.deb ...
Unpacking libgssapi3-heimdal:amd64 (1.6~git20131207+dfsg-1ubuntu1.2) ...
Selecting previously unselected package libsasl2-modules-db:amd64.
Preparing to unpack .../libsasl2-modules-db_2.1.25.dfsg1-17build1_amd64.deb ...
Unpacking libsasl2-modules-db:amd64 (2.1.25.dfsg1-17build1) ...
Selecting previously unselected package libsasl2-2:amd64.
Preparing to unpack .../libsasl2-2_2.1.25.dfsg1-17build1_amd64.deb ...
Unpacking libsasl2-2:amd64 (2.1.25.dfsg1-17build1) ...
Selecting previously unselected package libldap-2.4-2:amd64.
Preparing to unpack .../libldap-2.4-2_2.4.31-1+nmu2ubuntu8.4_amd64.deb ...
Unpacking libldap-2.4-2:amd64 (2.4.31-1+nmu2ubuntu8.4) ...
Selecting previously unselected package libxml2:amd64.
Preparing to unpack .../libxml2_2.9.1+dfsg1-3ubuntu4.12_amd64.deb ...
Unpacking libxml2:amd64 (2.9.1+dfsg1-3ubuntu4.12) ...
Selecting previously unselected package sgml-base.
Preparing to unpack .../sgml-base_1.26+nmu4ubuntu1_all.deb ...
Unpacking sgml-base (1.26+nmu4ubuntu1) ...
Selecting previously unselected package libapr1:amd64.
Preparing to unpack .../libapr1_1.5.0-1_amd64.deb ...
Unpacking libapr1:amd64 (1.5.0-1) ...
Selecting previously unselected package libaprutil1:amd64.
Preparing to unpack .../libaprutil1_1.5.3-1_amd64.deb ...
Unpacking libaprutil1:amd64 (1.5.3-1) ...
Selecting previously unselected package libsasl2-modules:amd64.
Preparing to unpack .../libsasl2-modules_2.1.25.dfsg1-17build1_amd64.deb ...
Unpacking libsasl2-modules:amd64 (2.1.25.dfsg1-17build1) ...
Selecting previously unselected package openssl.
Preparing to unpack .../openssl_1.0.1f-1ubuntu2.23_amd64.deb ...
Unpacking openssl (1.0.1f-1ubuntu2.23) ...
Selecting previously unselected package xml-core.
Preparing to unpack .../xml-core_0.13+nmu2_all.deb ...
Unpacking xml-core (0.13+nmu2) ...
Selecting previously unselected package libaprutil1-dbd-sqlite3:amd64.
Preparing to unpack .../libaprutil1-dbd-sqlite3_1.5.3-1_amd64.deb ...
Unpacking libaprutil1-dbd-sqlite3:amd64 (1.5.3-1) ...
Selecting previously unselected package libaprutil1-ldap:amd64.
Preparing to unpack .../libaprutil1-ldap_1.5.3-1_amd64.deb ...
Unpacking libaprutil1-ldap:amd64 (1.5.3-1) ...
Selecting previously unselected package apache2-bin.
Preparing to unpack .../apache2-bin_2.4.7-1ubuntu4.18_amd64.deb ...
Unpacking apache2-bin (2.4.7-1ubuntu4.18) ...
Selecting previously unselected package apache2-data.
Preparing to unpack .../apache2-data_2.4.7-1ubuntu4.18_all.deb ...
Unpacking apache2-data (2.4.7-1ubuntu4.18) ...
Selecting previously unselected package apache2.
Preparing to unpack .../apache2_2.4.7-1ubuntu4.18_amd64.deb ...
Unpacking apache2 (2.4.7-1ubuntu4.18) ...
Selecting previously unselected package ssl-cert.
Preparing to unpack .../ssl-cert_1.0.33_all.deb ...
Unpacking ssl-cert (1.0.33) ...
Processing triggers for ureadahead (0.100.0-16) ...
Setting up libroken18-heimdal:amd64 (1.6~git20131207+dfsg-1ubuntu1.2) ...
Setting up libasn1-8-heimdal:amd64 (1.6~git20131207+dfsg-1ubuntu1.2) ...
Setting up libhcrypto4-heimdal:amd64 (1.6~git20131207+dfsg-1ubuntu1.2) ...
Setting up libheimbase1-heimdal:amd64 (1.6~git20131207+dfsg-1ubuntu1.2) ...
Setting up libwind0-heimdal:amd64 (1.6~git20131207+dfsg-1ubuntu1.2) ...
Setting up libhx509-5-heimdal:amd64 (1.6~git20131207+dfsg-1ubuntu1.2) ...
Setting up libkrb5-26-heimdal:amd64 (1.6~git20131207+dfsg-1ubuntu1.2) ...
Setting up libheimntlm0-heimdal:amd64 (1.6~git20131207+dfsg-1ubuntu1.2) ...
Setting up libgssapi3-heimdal:amd64 (1.6~git20131207+dfsg-1ubuntu1.2) ...
Setting up libsasl2-modules-db:amd64 (2.1.25.dfsg1-17build1) ...
Setting up libsasl2-2:amd64 (2.1.25.dfsg1-17build1) ...
Setting up libldap-2.4-2:amd64 (2.4.31-1+nmu2ubuntu8.4) ...
Setting up libxml2:amd64 (2.9.1+dfsg1-3ubuntu4.12) ...
Setting up sgml-base (1.26+nmu4ubuntu1) ...
Setting up libapr1:amd64 (1.5.0-1) ...
Setting up libaprutil1:amd64 (1.5.3-1) ...
Setting up libsasl2-modules:amd64 (2.1.25.dfsg1-17build1) ...
Setting up openssl (1.0.1f-1ubuntu2.23) ...
Setting up xml-core (0.13+nmu2) ...
Setting up libaprutil1-dbd-sqlite3:amd64 (1.5.3-1) ...
Setting up libaprutil1-ldap:amd64 (1.5.3-1) ...
Setting up apache2-bin (2.4.7-1ubuntu4.18) ...
Setting up apache2-data (2.4.7-1ubuntu4.18) ...
Setting up apache2 (2.4.7-1ubuntu4.18) ...
Enabling module mpm_event.
Enabling module authz_core.
Enabling module authz_host.
Enabling module authn_core.
Enabling module auth_basic.
Enabling module access_compat.
Enabling module authn_file.
Enabling module authz_user.
Enabling module alias.
Enabling module dir.
Enabling module autoindex.
Enabling module env.
Enabling module mime.
Enabling module negotiation.
Enabling module setenvif.
Enabling module filter.
Enabling module deflate.
Enabling module status.
Enabling conf charset.
Enabling conf localized-error-pages.
Enabling conf other-vhosts-access-log.
Enabling conf security.
Enabling conf serve-cgi-bin.
Enabling site 000-default.
[91minvoke-rc.d: policy-rc.d denied execution of start.
[0mSetting up ssl-cert (1.0.33) ...
[91mdebconf: unable to initialize frontend: Dialog
debconf: (TERM is not set, so the dialog frontend is not usable.)
debconf: falling back to frontend: Readline
[0m[91mdebconf: unable to initialize frontend: Readline
debconf: (This frontend requires a controlling tty.)
debconf: falling back to frontend: Teletype
[0mProcessing triggers for libc-bin (2.19-0ubuntu6.14) ...
Processing triggers for sgml-base (1.26+nmu4ubuntu1) ...
Processing triggers for ureadahead (0.100.0-16) ...
Removing intermediate container 6fe5c6a52013
 ---> 48ad447a7164
Step 5/24 : RUN apt-get install mysql-server mysql-client -y
 ---> Running in fb18e33e8228
Reading package lists...
Building dependency tree...
Reading state information...
The following extra packages will be installed:
  libaio1 libdbd-mysql-perl libdbi-perl libhtml-template-perl libmysqlclient18
  libterm-readkey-perl libwrap0 mysql-client-5.5 mysql-client-core-5.5
  mysql-common mysql-server-5.5 mysql-server-core-5.5 psmisc tcpd
Suggested packages:
  libclone-perl libmldbm-perl libnet-daemon-perl libplrpc-perl
  libsql-statement-perl libipc-sharedcache-perl tinyca mailx
The following NEW packages will be installed:
  libaio1 libdbd-mysql-perl libdbi-perl libhtml-template-perl libmysqlclient18
  libterm-readkey-perl libwrap0 mysql-client mysql-client-5.5
  mysql-client-core-5.5 mysql-common mysql-server mysql-server-5.5
  mysql-server-core-5.5 psmisc tcpd
0 upgraded, 16 newly installed, 0 to remove and 0 not upgraded.
Need to get 9605 kB of archives.
After this operation, 97.8 MB of additional disk space will be used.
Get:1 http://archive.ubuntu.com/ubuntu/ trusty/main libaio1 amd64 0.3.109-4 [6364 B]
Get:2 http://archive.ubuntu.com/ubuntu/ trusty-updates/main mysql-common all 5.5.59-0ubuntu0.14.04.1 [12.8 kB]
Get:3 http://archive.ubuntu.com/ubuntu/ trusty-updates/main libmysqlclient18 amd64 5.5.59-0ubuntu0.14.04.1 [597 kB]
Get:4 http://archive.ubuntu.com/ubuntu/ trusty/main libwrap0 amd64 7.6.q-25 [46.2 kB]
Get:5 http://archive.ubuntu.com/ubuntu/ trusty/main libdbi-perl amd64 1.630-1 [879 kB]
Get:6 http://archive.ubuntu.com/ubuntu/ trusty-updates/main libdbd-mysql-perl amd64 4.025-1ubuntu0.1 [87.6 kB]
Get:7 http://archive.ubuntu.com/ubuntu/ trusty/main libterm-readkey-perl amd64 2.31-1 [27.4 kB]
Get:8 http://archive.ubuntu.com/ubuntu/ trusty-updates/main mysql-client-core-5.5 amd64 5.5.59-0ubuntu0.14.04.1 [711 kB]
Get:9 http://archive.ubuntu.com/ubuntu/ trusty-updates/main mysql-client-5.5 amd64 5.5.59-0ubuntu0.14.04.1 [1480 kB]
Get:10 http://archive.ubuntu.com/ubuntu/ trusty-updates/main mysql-server-core-5.5 amd64 5.5.59-0ubuntu0.14.04.1 [3738 kB]
Get:11 http://archive.ubuntu.com/ubuntu/ trusty/main psmisc amd64 22.20-1ubuntu2 [53.2 kB]
Get:12 http://archive.ubuntu.com/ubuntu/ trusty-updates/main mysql-server-5.5 amd64 5.5.59-0ubuntu0.14.04.1 [1856 kB]
Get:13 http://archive.ubuntu.com/ubuntu/ trusty/main libhtml-template-perl all 2.95-1 [65.5 kB]
Get:14 http://archive.ubuntu.com/ubuntu/ trusty-updates/main mysql-client all 5.5.59-0ubuntu0.14.04.1 [10.9 kB]
Get:15 http://archive.ubuntu.com/ubuntu/ trusty-updates/main mysql-server all 5.5.59-0ubuntu0.14.04.1 [11.1 kB]
Get:16 http://archive.ubuntu.com/ubuntu/ trusty/main tcpd amd64 7.6.q-25 [23.0 kB]
[91mdebconf: unable to initialize frontend: Dialog
debconf: (TERM is not set, so the dialog frontend is not usable.)
debconf: falling back to frontend: Readline
[0m[91mdebconf: unable to initialize frontend: Readline
debconf: (This frontend requires a controlling tty.)
debconf: falling back to frontend: Teletype
[0m[91mdpkg-preconfigure: unable to re-open stdin: 
[0mFetched 9605 kB in 1s (5371 kB/s)
Selecting previously unselected package libaio1:amd64.
(Reading database ... 12488 files and directories currently installed.)
Preparing to unpack .../libaio1_0.3.109-4_amd64.deb ...
Unpacking libaio1:amd64 (0.3.109-4) ...
Selecting previously unselected package mysql-common.
Preparing to unpack .../mysql-common_5.5.59-0ubuntu0.14.04.1_all.deb ...
Unpacking mysql-common (5.5.59-0ubuntu0.14.04.1) ...
Selecting previously unselected package libmysqlclient18:amd64.
Preparing to unpack .../libmysqlclient18_5.5.59-0ubuntu0.14.04.1_amd64.deb ...
Unpacking libmysqlclient18:amd64 (5.5.59-0ubuntu0.14.04.1) ...
Selecting previously unselected package libwrap0:amd64.
Preparing to unpack .../libwrap0_7.6.q-25_amd64.deb ...
Unpacking libwrap0:amd64 (7.6.q-25) ...
Selecting previously unselected package libdbi-perl.
Preparing to unpack .../libdbi-perl_1.630-1_amd64.deb ...
Unpacking libdbi-perl (1.630-1) ...
Selecting previously unselected package libdbd-mysql-perl.
Preparing to unpack .../libdbd-mysql-perl_4.025-1ubuntu0.1_amd64.deb ...
Unpacking libdbd-mysql-perl (4.025-1ubuntu0.1) ...
Selecting previously unselected package libterm-readkey-perl.
Preparing to unpack .../libterm-readkey-perl_2.31-1_amd64.deb ...
Unpacking libterm-readkey-perl (2.31-1) ...
Selecting previously unselected package mysql-client-core-5.5.
Preparing to unpack .../mysql-client-core-5.5_5.5.59-0ubuntu0.14.04.1_amd64.deb ...
Unpacking mysql-client-core-5.5 (5.5.59-0ubuntu0.14.04.1) ...
Selecting previously unselected package mysql-client-5.5.
Preparing to unpack .../mysql-client-5.5_5.5.59-0ubuntu0.14.04.1_amd64.deb ...
Unpacking mysql-client-5.5 (5.5.59-0ubuntu0.14.04.1) ...
Selecting previously unselected package mysql-server-core-5.5.
Preparing to unpack .../mysql-server-core-5.5_5.5.59-0ubuntu0.14.04.1_amd64.deb ...
Unpacking mysql-server-core-5.5 (5.5.59-0ubuntu0.14.04.1) ...
Selecting previously unselected package psmisc.
Preparing to unpack .../psmisc_22.20-1ubuntu2_amd64.deb ...
Unpacking psmisc (22.20-1ubuntu2) ...
Setting up mysql-common (5.5.59-0ubuntu0.14.04.1) ...
Selecting previously unselected package mysql-server-5.5.
(Reading database ... 12882 files and directories currently installed.)
Preparing to unpack .../mysql-server-5.5_5.5.59-0ubuntu0.14.04.1_amd64.deb ...
[91mdebconf: unable to initialize frontend: Dialog
debconf: (TERM is not set, so the dialog frontend is not usable.)
debconf: falling back to frontend: Readline
[0m[91mdebconf: unable to initialize frontend: Readline
debconf: (This frontend requires a controlling tty.)
debconf: falling back to frontend: Teletype
[0mConfiguring mysql-server-5.5
----------------------------

While not mandatory, it is highly recommended that you set a password for the 
MySQL administrative "root" user.

If this field is left blank, the password will not be changed.

New password for the MySQL "root" user: 
[91mUse of uninitialized value $_[1] in join or string at /usr/share/perl5/Debconf/DbDriver/Stack.pm line 111.
[0m[91mUse of uninitialized value $val in substitution (s///) at /usr/share/perl5/Debconf/Format/822.pm line 83, <GEN6> line 1.
Use of uninitialized value $val in concatenation (.) or string at /usr/share/perl5/Debconf/Format/822.pm line 84, <GEN6> line 1.
[0mUnpacking mysql-server-5.5 (5.5.59-0ubuntu0.14.04.1) ...
Selecting previously unselected package libhtml-template-perl.
Preparing to unpack .../libhtml-template-perl_2.95-1_all.deb ...
Unpacking libhtml-template-perl (2.95-1) ...
Selecting previously unselected package mysql-client.
Preparing to unpack .../mysql-client_5.5.59-0ubuntu0.14.04.1_all.deb ...
Unpacking mysql-client (5.5.59-0ubuntu0.14.04.1) ...
Selecting previously unselected package mysql-server.
Preparing to unpack .../mysql-server_5.5.59-0ubuntu0.14.04.1_all.deb ...
Unpacking mysql-server (5.5.59-0ubuntu0.14.04.1) ...
Selecting previously unselected package tcpd.
Preparing to unpack .../tcpd_7.6.q-25_amd64.deb ...
Unpacking tcpd (7.6.q-25) ...
Processing triggers for ureadahead (0.100.0-16) ...
Setting up libaio1:amd64 (0.3.109-4) ...
Setting up libmysqlclient18:amd64 (5.5.59-0ubuntu0.14.04.1) ...
Setting up libwrap0:amd64 (7.6.q-25) ...
Setting up libdbi-perl (1.630-1) ...
Setting up libdbd-mysql-perl (4.025-1ubuntu0.1) ...
Setting up libterm-readkey-perl (2.31-1) ...
Setting up mysql-client-core-5.5 (5.5.59-0ubuntu0.14.04.1) ...
Setting up mysql-client-5.5 (5.5.59-0ubuntu0.14.04.1) ...
Setting up mysql-server-core-5.5 (5.5.59-0ubuntu0.14.04.1) ...
Setting up psmisc (22.20-1ubuntu2) ...
Setting up mysql-server-5.5 (5.5.59-0ubuntu0.14.04.1) ...
[91mdebconf: unable to initialize frontend: Dialog
debconf: (TERM is not set, so the dialog frontend is not usable.)
debconf: falling back to frontend: Readline
[0m[91mdebconf: unable to initialize frontend: Readline
debconf: (This frontend requires a controlling tty.)
debconf: falling back to frontend: Teletype
[0mConfiguring mysql-server-5.5
----------------------------

While not mandatory, it is highly recommended that you set a password for the 
MySQL administrative "root" user.

If this field is left blank, the password will not be changed.

New password for the MySQL "root" user: 
[91mUse of uninitialized value $_[1] in join or string at /usr/share/perl5/Debconf/DbDriver/Stack.pm line 111.
[0m[91minvoke-rc.d: policy-rc.d denied execution of stop.
[0m[91minvoke-rc.d: policy-rc.d denied execution of start.
[0mSetting up libhtml-template-perl (2.95-1) ...
Setting up mysql-client (5.5.59-0ubuntu0.14.04.1) ...
Setting up tcpd (7.6.q-25) ...
Processing triggers for ureadahead (0.100.0-16) ...
Setting up mysql-server (5.5.59-0ubuntu0.14.04.1) ...
Processing triggers for libc-bin (2.19-0ubuntu6.14) ...
Removing intermediate container fb18e33e8228
 ---> 2987f7a83e93
Step 6/24 : RUN mysql -u root -p
 ---> Running in 732e28b0a94c
[91mEnter password: [0m[91mERROR 2002 (HY000): Can't connect to local MySQL server through socket '/var/run/mysqld/mysqld.sock' (2)
[0mThe command '/bin/sh -c mysql -u root -p' returned a non-zero code: 1
bash-3.2$ docker build -t apsql .
Sending build context to Docker daemon  3.072kB
Step 1/24 : FROM ubuntu:14.04
 ---> a35e70164dfb
Step 2/24 : RUN echo "root:test123" | chpasswd
 ---> Running in 8e4f21d21dda
Removing intermediate container 8e4f21d21dda
 ---> 616ab9a6bb04
Step 3/24 : RUN apt-get update
 ---> Running in 76c94ff1e18a
Ign http://archive.ubuntu.com trusty InRelease
Get:1 http://archive.ubuntu.com trusty-updates InRelease [65.9 kB]
Get:2 http://archive.ubuntu.com trusty-backports InRelease [65.9 kB]
Get:3 http://security.ubuntu.com trusty-security InRelease [65.9 kB]
Get:4 http://archive.ubuntu.com trusty Release.gpg [933 B]
Get:5 http://archive.ubuntu.com trusty Release [58.5 kB]
Get:6 http://archive.ubuntu.com trusty-updates/universe Sources [248 kB]
Get:7 http://archive.ubuntu.com trusty-updates/main amd64 Packages [1323 kB]
Get:8 http://archive.ubuntu.com trusty-updates/restricted amd64 Packages [21.4 kB]
Get:9 http://archive.ubuntu.com trusty-updates/universe amd64 Packages [576 kB]
Get:10 http://archive.ubuntu.com trusty-updates/multiverse amd64 Packages [16.0 kB]
Get:11 http://archive.ubuntu.com trusty-backports/main amd64 Packages [14.7 kB]
Get:12 http://archive.ubuntu.com trusty-backports/restricted amd64 Packages [40 B]
Get:13 http://archive.ubuntu.com trusty-backports/universe amd64 Packages [52.5 kB]
Get:14 http://security.ubuntu.com trusty-security/universe Sources [83.2 kB]
Get:15 http://archive.ubuntu.com trusty-backports/multiverse amd64 Packages [1392 B]
Get:16 http://archive.ubuntu.com trusty/universe Sources [7926 kB]
Get:17 http://security.ubuntu.com trusty-security/main amd64 Packages [899 kB]
Get:18 http://security.ubuntu.com trusty-security/restricted amd64 Packages [18.1 kB]
Get:19 http://archive.ubuntu.com trusty/main amd64 Packages [1743 kB]
Get:20 http://security.ubuntu.com trusty-security/universe amd64 Packages [267 kB]
Get:21 http://security.ubuntu.com trusty-security/multiverse amd64 Packages [4723 B]
Get:22 http://archive.ubuntu.com trusty/restricted amd64 Packages [16.0 kB]
Get:23 http://archive.ubuntu.com trusty/universe amd64 Packages [7589 kB]
Get:24 http://archive.ubuntu.com trusty/multiverse amd64 Packages [169 kB]
Fetched 21.2 MB in 5s (3766 kB/s)
Reading package lists...
Removing intermediate container 76c94ff1e18a
 ---> be7d16d4dac2
Step 4/24 : RUN apt-get -q -y install apache2
 ---> Running in 5d21099245ea
Reading package lists...
Building dependency tree...
Reading state information...
The following extra packages will be installed:
  apache2-bin apache2-data libapr1 libaprutil1 libaprutil1-dbd-sqlite3
  libaprutil1-ldap libasn1-8-heimdal libgssapi3-heimdal libhcrypto4-heimdal
  libheimbase1-heimdal libheimntlm0-heimdal libhx509-5-heimdal
  libkrb5-26-heimdal libldap-2.4-2 libroken18-heimdal libsasl2-2
  libsasl2-modules libsasl2-modules-db libwind0-heimdal libxml2 openssl
  sgml-base ssl-cert xml-core
Suggested packages:
  www-browser apache2-doc apache2-suexec-pristine apache2-suexec-custom ufw
  apache2-utils libsasl2-modules-otp libsasl2-modules-ldap
  libsasl2-modules-sql libsasl2-modules-gssapi-mit
  libsasl2-modules-gssapi-heimdal ca-certificates sgml-base-doc
  openssl-blacklist debhelper
The following NEW packages will be installed:
  apache2 apache2-bin apache2-data libapr1 libaprutil1 libaprutil1-dbd-sqlite3
  libaprutil1-ldap libasn1-8-heimdal libgssapi3-heimdal libhcrypto4-heimdal
  libheimbase1-heimdal libheimntlm0-heimdal libhx509-5-heimdal
  libkrb5-26-heimdal libldap-2.4-2 libroken18-heimdal libsasl2-2
  libsasl2-modules libsasl2-modules-db libwind0-heimdal libxml2 openssl
  sgml-base ssl-cert xml-core
0 upgraded, 25 newly installed, 0 to remove and 0 not upgraded.
Need to get 3442 kB of archives.
After this operation, 12.6 MB of additional disk space will be used.
Get:1 http://archive.ubuntu.com/ubuntu/ trusty-updates/main libroken18-heimdal amd64 1.6~git20131207+dfsg-1ubuntu1.2 [39.9 kB]
Get:2 http://archive.ubuntu.com/ubuntu/ trusty-updates/main libasn1-8-heimdal amd64 1.6~git20131207+dfsg-1ubuntu1.2 [160 kB]
Get:3 http://archive.ubuntu.com/ubuntu/ trusty-updates/main libhcrypto4-heimdal amd64 1.6~git20131207+dfsg-1ubuntu1.2 [84.1 kB]
Get:4 http://archive.ubuntu.com/ubuntu/ trusty-updates/main libheimbase1-heimdal amd64 1.6~git20131207+dfsg-1ubuntu1.2 [29.0 kB]
Get:5 http://archive.ubuntu.com/ubuntu/ trusty-updates/main libwind0-heimdal amd64 1.6~git20131207+dfsg-1ubuntu1.2 [47.9 kB]
Get:6 http://archive.ubuntu.com/ubuntu/ trusty-updates/main libhx509-5-heimdal amd64 1.6~git20131207+dfsg-1ubuntu1.2 [104 kB]
Get:7 http://archive.ubuntu.com/ubuntu/ trusty-updates/main libkrb5-26-heimdal amd64 1.6~git20131207+dfsg-1ubuntu1.2 [196 kB]
Get:8 http://archive.ubuntu.com/ubuntu/ trusty-updates/main libheimntlm0-heimdal amd64 1.6~git20131207+dfsg-1ubuntu1.2 [15.2 kB]
Get:9 http://archive.ubuntu.com/ubuntu/ trusty-updates/main libgssapi3-heimdal amd64 1.6~git20131207+dfsg-1ubuntu1.2 [89.7 kB]
Get:10 http://archive.ubuntu.com/ubuntu/ trusty/main libsasl2-modules-db amd64 2.1.25.dfsg1-17build1 [14.9 kB]
Get:11 http://archive.ubuntu.com/ubuntu/ trusty/main libsasl2-2 amd64 2.1.25.dfsg1-17build1 [56.5 kB]
Get:12 http://archive.ubuntu.com/ubuntu/ trusty-updates/main libldap-2.4-2 amd64 2.4.31-1+nmu2ubuntu8.4 [153 kB]
Get:13 http://archive.ubuntu.com/ubuntu/ trusty-updates/main libxml2 amd64 2.9.1+dfsg1-3ubuntu4.12 [573 kB]
Get:14 http://archive.ubuntu.com/ubuntu/ trusty/main sgml-base all 1.26+nmu4ubuntu1 [12.5 kB]
Get:15 http://archive.ubuntu.com/ubuntu/ trusty/main libapr1 amd64 1.5.0-1 [85.1 kB]
Get:16 http://archive.ubuntu.com/ubuntu/ trusty/main libaprutil1 amd64 1.5.3-1 [76.4 kB]
Get:17 http://archive.ubuntu.com/ubuntu/ trusty/main libsasl2-modules amd64 2.1.25.dfsg1-17build1 [64.3 kB]
Get:18 http://archive.ubuntu.com/ubuntu/ trusty-updates/main openssl amd64 1.0.1f-1ubuntu2.23 [490 kB]
Get:19 http://archive.ubuntu.com/ubuntu/ trusty/main xml-core all 0.13+nmu2 [23.3 kB]
Get:20 http://archive.ubuntu.com/ubuntu/ trusty/main libaprutil1-dbd-sqlite3 amd64 1.5.3-1 [10.5 kB]
Get:21 http://archive.ubuntu.com/ubuntu/ trusty/main libaprutil1-ldap amd64 1.5.3-1 [8634 B]
Get:22 http://archive.ubuntu.com/ubuntu/ trusty-updates/main apache2-bin amd64 2.4.7-1ubuntu4.18 [844 kB]
Get:23 http://archive.ubuntu.com/ubuntu/ trusty-updates/main apache2-data all 2.4.7-1ubuntu4.18 [160 kB]
Get:24 http://archive.ubuntu.com/ubuntu/ trusty-updates/main apache2 amd64 2.4.7-1ubuntu4.18 [87.5 kB]
Get:25 http://archive.ubuntu.com/ubuntu/ trusty/main ssl-cert all 1.0.33 [16.6 kB]
[91mdebconf: unable to initialize frontend: Dialog
debconf: (TERM is not set, so the dialog frontend is not usable.)
debconf: falling back to frontend: Readline
[0m[91mdebconf: unable to initialize frontend: Readline
debconf: (This frontend requires a controlling tty.)
debconf: falling back to frontend: Teletype
[0m[91mdpkg-preconfigure: unable to re-open stdin: 
[0mFetched 3442 kB in 1s (2093 kB/s)
Selecting previously unselected package libroken18-heimdal:amd64.
(Reading database ... 11571 files and directories currently installed.)
Preparing to unpack .../libroken18-heimdal_1.6~git20131207+dfsg-1ubuntu1.2_amd64.deb ...
Unpacking libroken18-heimdal:amd64 (1.6~git20131207+dfsg-1ubuntu1.2) ...
Selecting previously unselected package libasn1-8-heimdal:amd64.
Preparing to unpack .../libasn1-8-heimdal_1.6~git20131207+dfsg-1ubuntu1.2_amd64.deb ...
Unpacking libasn1-8-heimdal:amd64 (1.6~git20131207+dfsg-1ubuntu1.2) ...
Selecting previously unselected package libhcrypto4-heimdal:amd64.
Preparing to unpack .../libhcrypto4-heimdal_1.6~git20131207+dfsg-1ubuntu1.2_amd64.deb ...
Unpacking libhcrypto4-heimdal:amd64 (1.6~git20131207+dfsg-1ubuntu1.2) ...
Selecting previously unselected package libheimbase1-heimdal:amd64.
Preparing to unpack .../libheimbase1-heimdal_1.6~git20131207+dfsg-1ubuntu1.2_amd64.deb ...
Unpacking libheimbase1-heimdal:amd64 (1.6~git20131207+dfsg-1ubuntu1.2) ...
Selecting previously unselected package libwind0-heimdal:amd64.
Preparing to unpack .../libwind0-heimdal_1.6~git20131207+dfsg-1ubuntu1.2_amd64.deb ...
Unpacking libwind0-heimdal:amd64 (1.6~git20131207+dfsg-1ubuntu1.2) ...
Selecting previously unselected package libhx509-5-heimdal:amd64.
Preparing to unpack .../libhx509-5-heimdal_1.6~git20131207+dfsg-1ubuntu1.2_amd64.deb ...
Unpacking libhx509-5-heimdal:amd64 (1.6~git20131207+dfsg-1ubuntu1.2) ...
Selecting previously unselected package libkrb5-26-heimdal:amd64.
Preparing to unpack .../libkrb5-26-heimdal_1.6~git20131207+dfsg-1ubuntu1.2_amd64.deb ...
Unpacking libkrb5-26-heimdal:amd64 (1.6~git20131207+dfsg-1ubuntu1.2) ...
Selecting previously unselected package libheimntlm0-heimdal:amd64.
Preparing to unpack .../libheimntlm0-heimdal_1.6~git20131207+dfsg-1ubuntu1.2_amd64.deb ...
Unpacking libheimntlm0-heimdal:amd64 (1.6~git20131207+dfsg-1ubuntu1.2) ...
Selecting previously unselected package libgssapi3-heimdal:amd64.
Preparing to unpack .../libgssapi3-heimdal_1.6~git20131207+dfsg-1ubuntu1.2_amd64.deb ...
Unpacking libgssapi3-heimdal:amd64 (1.6~git20131207+dfsg-1ubuntu1.2) ...
Selecting previously unselected package libsasl2-modules-db:amd64.
Preparing to unpack .../libsasl2-modules-db_2.1.25.dfsg1-17build1_amd64.deb ...
Unpacking libsasl2-modules-db:amd64 (2.1.25.dfsg1-17build1) ...
Selecting previously unselected package libsasl2-2:amd64.
Preparing to unpack .../libsasl2-2_2.1.25.dfsg1-17build1_amd64.deb ...
Unpacking libsasl2-2:amd64 (2.1.25.dfsg1-17build1) ...
Selecting previously unselected package libldap-2.4-2:amd64.
Preparing to unpack .../libldap-2.4-2_2.4.31-1+nmu2ubuntu8.4_amd64.deb ...
Unpacking libldap-2.4-2:amd64 (2.4.31-1+nmu2ubuntu8.4) ...
Selecting previously unselected package libxml2:amd64.
Preparing to unpack .../libxml2_2.9.1+dfsg1-3ubuntu4.12_amd64.deb ...
Unpacking libxml2:amd64 (2.9.1+dfsg1-3ubuntu4.12) ...
Selecting previously unselected package sgml-base.
Preparing to unpack .../sgml-base_1.26+nmu4ubuntu1_all.deb ...
Unpacking sgml-base (1.26+nmu4ubuntu1) ...
Selecting previously unselected package libapr1:amd64.
Preparing to unpack .../libapr1_1.5.0-1_amd64.deb ...
Unpacking libapr1:amd64 (1.5.0-1) ...
Selecting previously unselected package libaprutil1:amd64.
Preparing to unpack .../libaprutil1_1.5.3-1_amd64.deb ...
Unpacking libaprutil1:amd64 (1.5.3-1) ...
Selecting previously unselected package libsasl2-modules:amd64.
Preparing to unpack .../libsasl2-modules_2.1.25.dfsg1-17build1_amd64.deb ...
Unpacking libsasl2-modules:amd64 (2.1.25.dfsg1-17build1) ...
Selecting previously unselected package openssl.
Preparing to unpack .../openssl_1.0.1f-1ubuntu2.23_amd64.deb ...
Unpacking openssl (1.0.1f-1ubuntu2.23) ...
Selecting previously unselected package xml-core.
Preparing to unpack .../xml-core_0.13+nmu2_all.deb ...
Unpacking xml-core (0.13+nmu2) ...
Selecting previously unselected package libaprutil1-dbd-sqlite3:amd64.
Preparing to unpack .../libaprutil1-dbd-sqlite3_1.5.3-1_amd64.deb ...
Unpacking libaprutil1-dbd-sqlite3:amd64 (1.5.3-1) ...
Selecting previously unselected package libaprutil1-ldap:amd64.
Preparing to unpack .../libaprutil1-ldap_1.5.3-1_amd64.deb ...
Unpacking libaprutil1-ldap:amd64 (1.5.3-1) ...
Selecting previously unselected package apache2-bin.
Preparing to unpack .../apache2-bin_2.4.7-1ubuntu4.18_amd64.deb ...
Unpacking apache2-bin (2.4.7-1ubuntu4.18) ...
Selecting previously unselected package apache2-data.
Preparing to unpack .../apache2-data_2.4.7-1ubuntu4.18_all.deb ...
Unpacking apache2-data (2.4.7-1ubuntu4.18) ...
Selecting previously unselected package apache2.
Preparing to unpack .../apache2_2.4.7-1ubuntu4.18_amd64.deb ...
Unpacking apache2 (2.4.7-1ubuntu4.18) ...
Selecting previously unselected package ssl-cert.
Preparing to unpack .../ssl-cert_1.0.33_all.deb ...
Unpacking ssl-cert (1.0.33) ...
Processing triggers for ureadahead (0.100.0-16) ...
Setting up libroken18-heimdal:amd64 (1.6~git20131207+dfsg-1ubuntu1.2) ...
Setting up libasn1-8-heimdal:amd64 (1.6~git20131207+dfsg-1ubuntu1.2) ...
Setting up libhcrypto4-heimdal:amd64 (1.6~git20131207+dfsg-1ubuntu1.2) ...
Setting up libheimbase1-heimdal:amd64 (1.6~git20131207+dfsg-1ubuntu1.2) ...
Setting up libwind0-heimdal:amd64 (1.6~git20131207+dfsg-1ubuntu1.2) ...
Setting up libhx509-5-heimdal:amd64 (1.6~git20131207+dfsg-1ubuntu1.2) ...
Setting up libkrb5-26-heimdal:amd64 (1.6~git20131207+dfsg-1ubuntu1.2) ...
Setting up libheimntlm0-heimdal:amd64 (1.6~git20131207+dfsg-1ubuntu1.2) ...
Setting up libgssapi3-heimdal:amd64 (1.6~git20131207+dfsg-1ubuntu1.2) ...
Setting up libsasl2-modules-db:amd64 (2.1.25.dfsg1-17build1) ...
Setting up libsasl2-2:amd64 (2.1.25.dfsg1-17build1) ...
Setting up libldap-2.4-2:amd64 (2.4.31-1+nmu2ubuntu8.4) ...
Setting up libxml2:amd64 (2.9.1+dfsg1-3ubuntu4.12) ...
Setting up sgml-base (1.26+nmu4ubuntu1) ...
Setting up libapr1:amd64 (1.5.0-1) ...
Setting up libaprutil1:amd64 (1.5.3-1) ...
Setting up libsasl2-modules:amd64 (2.1.25.dfsg1-17build1) ...
Setting up openssl (1.0.1f-1ubuntu2.23) ...
Setting up xml-core (0.13+nmu2) ...
Setting up libaprutil1-dbd-sqlite3:amd64 (1.5.3-1) ...
Setting up libaprutil1-ldap:amd64 (1.5.3-1) ...
Setting up apache2-bin (2.4.7-1ubuntu4.18) ...
Setting up apache2-data (2.4.7-1ubuntu4.18) ...
Setting up apache2 (2.4.7-1ubuntu4.18) ...
Enabling module mpm_event.
Enabling module authz_core.
Enabling module authz_host.
Enabling module authn_core.
Enabling module auth_basic.
Enabling module access_compat.
Enabling module authn_file.
Enabling module authz_user.
Enabling module alias.
Enabling module dir.
Enabling module autoindex.
Enabling module env.
Enabling module mime.
Enabling module negotiation.
Enabling module setenvif.
Enabling module filter.
Enabling module deflate.
Enabling module status.
Enabling conf charset.
Enabling conf localized-error-pages.
Enabling conf other-vhosts-access-log.
Enabling conf security.
Enabling conf serve-cgi-bin.
Enabling site 000-default.
[91minvoke-rc.d: policy-rc.d denied execution of start.
[0mSetting up ssl-cert (1.0.33) ...
[91mdebconf: unable to initialize frontend: Dialog
debconf: (TERM is not set, so the dialog frontend is not usable.)
debconf: falling back to frontend: Readline
[0m[91mdebconf: unable to initialize frontend: Readline
debconf: (This frontend requires a controlling tty.)
debconf: falling back to frontend: Teletype
[0mProcessing triggers for libc-bin (2.19-0ubuntu6.14) ...
Processing triggers for sgml-base (1.26+nmu4ubuntu1) ...
Processing triggers for ureadahead (0.100.0-16) ...
Removing intermediate container 5d21099245ea
 ---> dbf378a3c498
Step 5/24 : RUN apt-get install mysql-server mysql-client -y
 ---> Running in 3bc1dc60ab0a
Reading package lists...
Building dependency tree...
Reading state information...
The following extra packages will be installed:
  libaio1 libdbd-mysql-perl libdbi-perl libhtml-template-perl libmysqlclient18
  libterm-readkey-perl libwrap0 mysql-client-5.5 mysql-client-core-5.5
  mysql-common mysql-server-5.5 mysql-server-core-5.5 psmisc tcpd
Suggested packages:
  libclone-perl libmldbm-perl libnet-daemon-perl libplrpc-perl
  libsql-statement-perl libipc-sharedcache-perl tinyca mailx
The following NEW packages will be installed:
  libaio1 libdbd-mysql-perl libdbi-perl libhtml-template-perl libmysqlclient18
  libterm-readkey-perl libwrap0 mysql-client mysql-client-5.5
  mysql-client-core-5.5 mysql-common mysql-server mysql-server-5.5
  mysql-server-core-5.5 psmisc tcpd
0 upgraded, 16 newly installed, 0 to remove and 0 not upgraded.
Need to get 9605 kB of archives.
After this operation, 97.8 MB of additional disk space will be used.
Get:1 http://archive.ubuntu.com/ubuntu/ trusty/main libaio1 amd64 0.3.109-4 [6364 B]
Get:2 http://archive.ubuntu.com/ubuntu/ trusty-updates/main mysql-common all 5.5.59-0ubuntu0.14.04.1 [12.8 kB]
Get:3 http://archive.ubuntu.com/ubuntu/ trusty-updates/main libmysqlclient18 amd64 5.5.59-0ubuntu0.14.04.1 [597 kB]
Get:4 http://archive.ubuntu.com/ubuntu/ trusty/main libwrap0 amd64 7.6.q-25 [46.2 kB]
Get:5 http://archive.ubuntu.com/ubuntu/ trusty/main libdbi-perl amd64 1.630-1 [879 kB]
Get:6 http://archive.ubuntu.com/ubuntu/ trusty-updates/main libdbd-mysql-perl amd64 4.025-1ubuntu0.1 [87.6 kB]
Get:7 http://archive.ubuntu.com/ubuntu/ trusty/main libterm-readkey-perl amd64 2.31-1 [27.4 kB]
Get:8 http://archive.ubuntu.com/ubuntu/ trusty-updates/main mysql-client-core-5.5 amd64 5.5.59-0ubuntu0.14.04.1 [711 kB]
Get:9 http://archive.ubuntu.com/ubuntu/ trusty-updates/main mysql-client-5.5 amd64 5.5.59-0ubuntu0.14.04.1 [1480 kB]
Get:10 http://archive.ubuntu.com/ubuntu/ trusty-updates/main mysql-server-core-5.5 amd64 5.5.59-0ubuntu0.14.04.1 [3738 kB]
Get:11 http://archive.ubuntu.com/ubuntu/ trusty/main psmisc amd64 22.20-1ubuntu2 [53.2 kB]
Get:12 http://archive.ubuntu.com/ubuntu/ trusty-updates/main mysql-server-5.5 amd64 5.5.59-0ubuntu0.14.04.1 [1856 kB]
Get:13 http://archive.ubuntu.com/ubuntu/ trusty/main libhtml-template-perl all 2.95-1 [65.5 kB]
Get:14 http://archive.ubuntu.com/ubuntu/ trusty-updates/main mysql-client all 5.5.59-0ubuntu0.14.04.1 [10.9 kB]
Get:15 http://archive.ubuntu.com/ubuntu/ trusty-updates/main mysql-server all 5.5.59-0ubuntu0.14.04.1 [11.1 kB]
Get:16 http://archive.ubuntu.com/ubuntu/ trusty/main tcpd amd64 7.6.q-25 [23.0 kB]
[91mdebconf: unable to initialize frontend: Dialog
debconf: (TERM is not set, so the dialog frontend is not usable.)
debconf: falling back to frontend: Readline
[0m[91mdebconf: unable to initialize frontend: Readline
debconf: (This frontend requires a controlling tty.)
debconf: falling back to frontend: Teletype
[0m[91mdpkg-preconfigure: unable to re-open stdin: 
[0mFetched 9605 kB in 2s (3257 kB/s)
Selecting previously unselected package libaio1:amd64.
(Reading database ... 12488 files and directories currently installed.)
Preparing to unpack .../libaio1_0.3.109-4_amd64.deb ...
Unpacking libaio1:amd64 (0.3.109-4) ...
Selecting previously unselected package mysql-common.
Preparing to unpack .../mysql-common_5.5.59-0ubuntu0.14.04.1_all.deb ...
Unpacking mysql-common (5.5.59-0ubuntu0.14.04.1) ...
Selecting previously unselected package libmysqlclient18:amd64.
Preparing to unpack .../libmysqlclient18_5.5.59-0ubuntu0.14.04.1_amd64.deb ...
Unpacking libmysqlclient18:amd64 (5.5.59-0ubuntu0.14.04.1) ...
Selecting previously unselected package libwrap0:amd64.
Preparing to unpack .../libwrap0_7.6.q-25_amd64.deb ...
Unpacking libwrap0:amd64 (7.6.q-25) ...
Selecting previously unselected package libdbi-perl.
Preparing to unpack .../libdbi-perl_1.630-1_amd64.deb ...
Unpacking libdbi-perl (1.630-1) ...
Selecting previously unselected package libdbd-mysql-perl.
Preparing to unpack .../libdbd-mysql-perl_4.025-1ubuntu0.1_amd64.deb ...
Unpacking libdbd-mysql-perl (4.025-1ubuntu0.1) ...
Selecting previously unselected package libterm-readkey-perl.
Preparing to unpack .../libterm-readkey-perl_2.31-1_amd64.deb ...
Unpacking libterm-readkey-perl (2.31-1) ...
Selecting previously unselected package mysql-client-core-5.5.
Preparing to unpack .../mysql-client-core-5.5_5.5.59-0ubuntu0.14.04.1_amd64.deb ...
Unpacking mysql-client-core-5.5 (5.5.59-0ubuntu0.14.04.1) ...
Selecting previously unselected package mysql-client-5.5.
Preparing to unpack .../mysql-client-5.5_5.5.59-0ubuntu0.14.04.1_amd64.deb ...
Unpacking mysql-client-5.5 (5.5.59-0ubuntu0.14.04.1) ...
Selecting previously unselected package mysql-server-core-5.5.
Preparing to unpack .../mysql-server-core-5.5_5.5.59-0ubuntu0.14.04.1_amd64.deb ...
Unpacking mysql-server-core-5.5 (5.5.59-0ubuntu0.14.04.1) ...
Selecting previously unselected package psmisc.
Preparing to unpack .../psmisc_22.20-1ubuntu2_amd64.deb ...
Unpacking psmisc (22.20-1ubuntu2) ...
Setting up mysql-common (5.5.59-0ubuntu0.14.04.1) ...
Selecting previously unselected package mysql-server-5.5.
(Reading database ... 12882 files and directories currently installed.)
Preparing to unpack .../mysql-server-5.5_5.5.59-0ubuntu0.14.04.1_amd64.deb ...
[91mdebconf: unable to initialize frontend: Dialog
debconf: (TERM is not set, so the dialog frontend is not usable.)
debconf: falling back to frontend: Readline
[0m[91mdebconf: unable to initialize frontend: Readline
debconf: (This frontend requires a controlling tty.)
debconf: falling back to frontend: Teletype
[0mConfiguring mysql-server-5.5
----------------------------

While not mandatory, it is highly recommended that you set a password for the 
MySQL administrative "root" user.

If this field is left blank, the password will not be changed.

New password for the MySQL "root" user: 
[91mUse of uninitialized value $_[1] in join or string at /usr/share/perl5/Debconf/DbDriver/Stack.pm line 111.
[0m[91mUse of uninitialized value $val in substitution (s///) at /usr/share/perl5/Debconf/Format/822.pm line 83, <GEN6> line 1.
Use of uninitialized value $val in concatenation (.) or string at /usr/share/perl5/Debconf/Format/822.pm line 84, <GEN6> line 1.
[0mUnpacking mysql-server-5.5 (5.5.59-0ubuntu0.14.04.1) ...
Selecting previously unselected package libhtml-template-perl.
Preparing to unpack .../libhtml-template-perl_2.95-1_all.deb ...
Unpacking libhtml-template-perl (2.95-1) ...
Selecting previously unselected package mysql-client.
Preparing to unpack .../mysql-client_5.5.59-0ubuntu0.14.04.1_all.deb ...
Unpacking mysql-client (5.5.59-0ubuntu0.14.04.1) ...
Selecting previously unselected package mysql-server.
Preparing to unpack .../mysql-server_5.5.59-0ubuntu0.14.04.1_all.deb ...
Unpacking mysql-server (5.5.59-0ubuntu0.14.04.1) ...
Selecting previously unselected package tcpd.
Preparing to unpack .../tcpd_7.6.q-25_amd64.deb ...
Unpacking tcpd (7.6.q-25) ...
Processing triggers for ureadahead (0.100.0-16) ...
Setting up libaio1:amd64 (0.3.109-4) ...
Setting up libmysqlclient18:amd64 (5.5.59-0ubuntu0.14.04.1) ...
Setting up libwrap0:amd64 (7.6.q-25) ...
Setting up libdbi-perl (1.630-1) ...
Setting up libdbd-mysql-perl (4.025-1ubuntu0.1) ...
Setting up libterm-readkey-perl (2.31-1) ...
Setting up mysql-client-core-5.5 (5.5.59-0ubuntu0.14.04.1) ...
Setting up mysql-client-5.5 (5.5.59-0ubuntu0.14.04.1) ...
Setting up mysql-server-core-5.5 (5.5.59-0ubuntu0.14.04.1) ...
Setting up psmisc (22.20-1ubuntu2) ...
Setting up mysql-server-5.5 (5.5.59-0ubuntu0.14.04.1) ...
[91mdebconf: unable to initialize frontend: Dialog
[0m[91mdebconf: (TERM is not set, so the dialog frontend is not usable.)
[0m[91mdebconf: falling back to frontend: Readline
[0m[91mdebconf: unable to initialize frontend: Readline
debconf: (This frontend requires a controlling tty.)
[0m[91mdebconf: falling back to frontend: Teletype
[0mConfiguring mysql-server-5.5
----------------------------

While not mandatory, it is highly recommended that you set a password for the 
MySQL administrative "root" user.

If this field is left blank, the password will not be changed.

New password for the MySQL "root" user: 
[91mUse of uninitialized value $_[1] in join or string at /usr/share/perl5/Debconf/DbDriver/Stack.pm line 111.
[0m[91minvoke-rc.d: policy-rc.d denied execution of stop.
[0m[91minvoke-rc.d: policy-rc.d denied execution of start.
[0mSetting up libhtml-template-perl (2.95-1) ...
Setting up mysql-client (5.5.59-0ubuntu0.14.04.1) ...
Setting up tcpd (7.6.q-25) ...
Processing triggers for ureadahead (0.100.0-16) ...
Setting up mysql-server (5.5.59-0ubuntu0.14.04.1) ...
Processing triggers for libc-bin (2.19-0ubuntu6.14) ...
Removing intermediate container 3bc1dc60ab0a
 ---> 5d816775ce91
Step 6/24 : RUN mysql -u root -p
 ---> Running in b6b13792a3ef
[91mEnter password: [0m[91mERROR 2002 (HY000): Can't connect to local MySQL server through socket '/var/run/mysqld/mysqld.sock' (2)
[0mThe command '/bin/sh -c mysql -u root -p' returned a non-zero code: 1
bash-3.2$ docker build -t apsql .
Sending build context to Docker daemon  3.584kB
Step 1/23 : FROM ubuntu:14.04
 ---> a35e70164dfb
Step 2/23 : RUN apt-get update
 ---> Using cache
 ---> 02c376ad54cc
Step 3/23 : RUN apt-get -q -y install apache2
 ---> Using cache
 ---> 0d0503889489
Step 4/23 : RUN {         echo mysql-community-server mysql-community-server/data-dir select '';         echo mysql-community-server mysql-community-server/root-pass password '';         echo mysql-community-server mysql-community-server/re-root-pass password '';         echo mysql-community-server mysql-community-server/remove-test-db select false;     } | debconf-set-selections     && apt-get install mysql-server mysql-client -y
 ---> Running in 0a230d7e2389
Reading package lists...
Building dependency tree...
Reading state information...
The following extra packages will be installed:
  libaio1 libdbd-mysql-perl libdbi-perl libhtml-template-perl libmysqlclient18
  libterm-readkey-perl libwrap0 mysql-client-5.5 mysql-client-core-5.5
  mysql-common mysql-server-5.5 mysql-server-core-5.5 psmisc tcpd
Suggested packages:
  libclone-perl libmldbm-perl libnet-daemon-perl libplrpc-perl
  libsql-statement-perl libipc-sharedcache-perl tinyca mailx
The following NEW packages will be installed:
  libaio1 libdbd-mysql-perl libdbi-perl libhtml-template-perl libmysqlclient18
  libterm-readkey-perl libwrap0 mysql-client mysql-client-5.5
  mysql-client-core-5.5 mysql-common mysql-server mysql-server-5.5
  mysql-server-core-5.5 psmisc tcpd
0 upgraded, 16 newly installed, 0 to remove and 0 not upgraded.
Need to get 9605 kB of archives.
After this operation, 97.8 MB of additional disk space will be used.
Get:1 http://archive.ubuntu.com/ubuntu/ trusty/main libaio1 amd64 0.3.109-4 [6364 B]
Get:2 http://archive.ubuntu.com/ubuntu/ trusty-updates/main mysql-common all 5.5.59-0ubuntu0.14.04.1 [12.8 kB]
Get:3 http://archive.ubuntu.com/ubuntu/ trusty-updates/main libmysqlclient18 amd64 5.5.59-0ubuntu0.14.04.1 [597 kB]
Get:4 http://archive.ubuntu.com/ubuntu/ trusty/main libwrap0 amd64 7.6.q-25 [46.2 kB]
Get:5 http://archive.ubuntu.com/ubuntu/ trusty/main libdbi-perl amd64 1.630-1 [879 kB]
Get:6 http://archive.ubuntu.com/ubuntu/ trusty-updates/main libdbd-mysql-perl amd64 4.025-1ubuntu0.1 [87.6 kB]
Get:7 http://archive.ubuntu.com/ubuntu/ trusty/main libterm-readkey-perl amd64 2.31-1 [27.4 kB]
Get:8 http://archive.ubuntu.com/ubuntu/ trusty-updates/main mysql-client-core-5.5 amd64 5.5.59-0ubuntu0.14.04.1 [711 kB]
Get:9 http://archive.ubuntu.com/ubuntu/ trusty-updates/main mysql-client-5.5 amd64 5.5.59-0ubuntu0.14.04.1 [1480 kB]
Get:10 http://archive.ubuntu.com/ubuntu/ trusty-updates/main mysql-server-core-5.5 amd64 5.5.59-0ubuntu0.14.04.1 [3738 kB]
Get:11 http://archive.ubuntu.com/ubuntu/ trusty/main psmisc amd64 22.20-1ubuntu2 [53.2 kB]
Get:12 http://archive.ubuntu.com/ubuntu/ trusty-updates/main mysql-server-5.5 amd64 5.5.59-0ubuntu0.14.04.1 [1856 kB]
Get:13 http://archive.ubuntu.com/ubuntu/ trusty/main libhtml-template-perl all 2.95-1 [65.5 kB]
Get:14 http://archive.ubuntu.com/ubuntu/ trusty-updates/main mysql-client all 5.5.59-0ubuntu0.14.04.1 [10.9 kB]
Get:15 http://archive.ubuntu.com/ubuntu/ trusty-updates/main mysql-server all 5.5.59-0ubuntu0.14.04.1 [11.1 kB]
Get:16 http://archive.ubuntu.com/ubuntu/ trusty/main tcpd amd64 7.6.q-25 [23.0 kB]
[91mdebconf: unable to initialize frontend: Dialog
debconf: (TERM is not set, so the dialog frontend is not usable.)
debconf: falling back to frontend: Readline
[0m[91mdebconf: unable to initialize frontend: Readline
debconf: (This frontend requires a controlling tty.)
debconf: falling back to frontend: Teletype
[0m[91mdpkg-preconfigure: unable to re-open stdin: 
[0mFetched 9605 kB in 1s (5169 kB/s)
Selecting previously unselected package libaio1:amd64.
(Reading database ... 12488 files and directories currently installed.)
Preparing to unpack .../libaio1_0.3.109-4_amd64.deb ...
Unpacking libaio1:amd64 (0.3.109-4) ...
Selecting previously unselected package mysql-common.
Preparing to unpack .../mysql-common_5.5.59-0ubuntu0.14.04.1_all.deb ...
Unpacking mysql-common (5.5.59-0ubuntu0.14.04.1) ...
Selecting previously unselected package libmysqlclient18:amd64.
Preparing to unpack .../libmysqlclient18_5.5.59-0ubuntu0.14.04.1_amd64.deb ...
Unpacking libmysqlclient18:amd64 (5.5.59-0ubuntu0.14.04.1) ...
Selecting previously unselected package libwrap0:amd64.
Preparing to unpack .../libwrap0_7.6.q-25_amd64.deb ...
Unpacking libwrap0:amd64 (7.6.q-25) ...
Selecting previously unselected package libdbi-perl.
Preparing to unpack .../libdbi-perl_1.630-1_amd64.deb ...
Unpacking libdbi-perl (1.630-1) ...
Selecting previously unselected package libdbd-mysql-perl.
Preparing to unpack .../libdbd-mysql-perl_4.025-1ubuntu0.1_amd64.deb ...
Unpacking libdbd-mysql-perl (4.025-1ubuntu0.1) ...
Selecting previously unselected package libterm-readkey-perl.
Preparing to unpack .../libterm-readkey-perl_2.31-1_amd64.deb ...
Unpacking libterm-readkey-perl (2.31-1) ...
Selecting previously unselected package mysql-client-core-5.5.
Preparing to unpack .../mysql-client-core-5.5_5.5.59-0ubuntu0.14.04.1_amd64.deb ...
Unpacking mysql-client-core-5.5 (5.5.59-0ubuntu0.14.04.1) ...
Selecting previously unselected package mysql-client-5.5.
Preparing to unpack .../mysql-client-5.5_5.5.59-0ubuntu0.14.04.1_amd64.deb ...
Unpacking mysql-client-5.5 (5.5.59-0ubuntu0.14.04.1) ...
Selecting previously unselected package mysql-server-core-5.5.
Preparing to unpack .../mysql-server-core-5.5_5.5.59-0ubuntu0.14.04.1_amd64.deb ...
Unpacking mysql-server-core-5.5 (5.5.59-0ubuntu0.14.04.1) ...
Selecting previously unselected package psmisc.
Preparing to unpack .../psmisc_22.20-1ubuntu2_amd64.deb ...
Unpacking psmisc (22.20-1ubuntu2) ...
Setting up mysql-common (5.5.59-0ubuntu0.14.04.1) ...
Selecting previously unselected package mysql-server-5.5.
(Reading database ... 12882 files and directories currently installed.)
Preparing to unpack .../mysql-server-5.5_5.5.59-0ubuntu0.14.04.1_amd64.deb ...
[91mdebconf: unable to initialize frontend: Dialog
debconf: (TERM is not set, so the dialog frontend is not usable.)
debconf: falling back to frontend: Readline
[0m[91mdebconf: unable to initialize frontend: Readline
debconf: (This frontend requires a controlling tty.)
debconf: falling back to frontend: Teletype
[0mConfiguring mysql-server-5.5
----------------------------

While not mandatory, it is highly recommended that you set a password for the 
MySQL administrative "root" user.

If this field is left blank, the password will not be changed.

New password for the MySQL "root" user: 
[91mUse of uninitialized value $_[1] in join or string at /usr/share/perl5/Debconf/DbDriver/Stack.pm line 111.
[0m[91mUse of uninitialized value $val in substitution (s///) at /usr/share/perl5/Debconf/Format/822.pm line 83, <GEN6> line 1.
Use of uninitialized value $val in concatenation (.) or string at /usr/share/perl5/Debconf/Format/822.pm line 84, <GEN6> line 1.
[0mUnpacking mysql-server-5.5 (5.5.59-0ubuntu0.14.04.1) ...
Selecting previously unselected package libhtml-template-perl.
Preparing to unpack .../libhtml-template-perl_2.95-1_all.deb ...
Unpacking libhtml-template-perl (2.95-1) ...
Selecting previously unselected package mysql-client.
Preparing to unpack .../mysql-client_5.5.59-0ubuntu0.14.04.1_all.deb ...
Unpacking mysql-client (5.5.59-0ubuntu0.14.04.1) ...
Selecting previously unselected package mysql-server.
Preparing to unpack .../mysql-server_5.5.59-0ubuntu0.14.04.1_all.deb ...
Unpacking mysql-server (5.5.59-0ubuntu0.14.04.1) ...
Selecting previously unselected package tcpd.
Preparing to unpack .../tcpd_7.6.q-25_amd64.deb ...
Unpacking tcpd (7.6.q-25) ...
Processing triggers for ureadahead (0.100.0-16) ...
Setting up libaio1:amd64 (0.3.109-4) ...
Setting up libmysqlclient18:amd64 (5.5.59-0ubuntu0.14.04.1) ...
Setting up libwrap0:amd64 (7.6.q-25) ...
Setting up libdbi-perl (1.630-1) ...
Setting up libdbd-mysql-perl (4.025-1ubuntu0.1) ...
Setting up libterm-readkey-perl (2.31-1) ...
Setting up mysql-client-core-5.5 (5.5.59-0ubuntu0.14.04.1) ...
Setting up mysql-client-5.5 (5.5.59-0ubuntu0.14.04.1) ...
Setting up mysql-server-core-5.5 (5.5.59-0ubuntu0.14.04.1) ...
Setting up psmisc (22.20-1ubuntu2) ...
Setting up mysql-server-5.5 (5.5.59-0ubuntu0.14.04.1) ...
[91mdebconf: unable to initialize frontend: Dialog
debconf: (TERM is not set, so the dialog frontend is not usable.)
debconf: falling back to frontend: Readline
[0m[91mdebconf: unable to initialize frontend: Readline
debconf: (This frontend requires a controlling tty.)
debconf: falling back to frontend: Teletype
[0mConfiguring mysql-server-5.5
----------------------------

While not mandatory, it is highly recommended that you set a password for the 
MySQL administrative "root" user.

If this field is left blank, the password will not be changed.

New password for the MySQL "root" user: 
[91mUse of uninitialized value $_[1] in join or string at /usr/share/perl5/Debconf/DbDriver/Stack.pm line 111.
[0m[91minvoke-rc.d: policy-rc.d denied execution of stop.
[0m[91minvoke-rc.d: policy-rc.d denied execution of start.
[0mSetting up libhtml-template-perl (2.95-1) ...
Setting up mysql-client (5.5.59-0ubuntu0.14.04.1) ...
Setting up tcpd (7.6.q-25) ...
Processing triggers for ureadahead (0.100.0-16) ...
Setting up mysql-server (5.5.59-0ubuntu0.14.04.1) ...
Processing triggers for libc-bin (2.19-0ubuntu6.14) ...
Removing intermediate container 0a230d7e2389
 ---> f11961ba745c
Step 5/23 : RUN mysql -u root -p
 ---> Running in 77589afa6cc8
[91mEnter password: [0m[91mERROR 2002 (HY000): Can't connect to local MySQL server through socket '/var/run/mysqld/mysqld.sock' (2)
[0mThe command '/bin/sh -c mysql -u root -p' returned a non-zero code: 1
bash-3.2$ docker container ls
CONTAINER ID        IMAGE               COMMAND             CREATED             STATUS              PORTS               NAMES
bash-3.2$ docker container lsbuild -t apsql .[4Pcontainer ls[C[C[C[C[C[C[C[C[C[C[Kdocker container lsbuild -t apsql .
Sending build context to Docker daemon  3.584kB
Step 1/23 : FROM ubuntu:14.04
 ---> a35e70164dfb
Step 2/23 : RUN apt-get update
 ---> Using cache
 ---> 02c376ad54cc
Step 3/23 : RUN apt-get -q -y install apache2
 ---> Using cache
 ---> 0d0503889489
Step 4/23 : RUN {         echo mysql-community-server mysql-community-server/data-dir select '';         echo mysql-community-server mysql-community-server/root-pass password '';         echo mysql-community-server mysql-community-server/re-root-pass password '';         echo mysql-community-server mysql-community-server/remove-test-db select false;     } | debconf-set-selections     && apt-get install mysql-server mysql-client -y
 ---> Using cache
 ---> f11961ba745c
Step 5/23 : CMD mysql -u root -p
 ---> Running in d1bdbae721d2
Removing intermediate container d1bdbae721d2
 ---> a4aab189b787
Step 6/23 : CMD create user 'www-data'@'localhost' identified by 'mbed';
 ---> Running in 5cb098574707
Removing intermediate container 5cb098574707
 ---> 146df2d69c77
Step 7/23 : CMD grant usage on *.* to 'www-data'@'localhost' identified by 'mbed';
 ---> Running in 3538488b6c3f
Removing intermediate container 3538488b6c3f
 ---> 181e159277d6
Step 8/23 : CMD grant all privileges on sensoren.* to 'www-data'@'localhost';
 ---> Running in 660a552538ba
Removing intermediate container 660a552538ba
 ---> 6cd08d122e49
Step 9/23 : CMD flush privileges;
 ---> Running in c0e16ca0c572
Removing intermediate container c0e16ca0c572
 ---> cd2acf91dd92
Step 10/23 : CMD create table data ( seq INT PRIMARY KEY AUTO_INCREMENT, poti FLOAT, light FLOAT, hall FLOAT, temp FLOAT, created TIMESTAMP DEFAULT CURRENT_TIMESTAMP );
 ---> Running in 8750bf4478e2
Removing intermediate container 8750bf4478e2
 ---> b75c5144bd13
Step 11/23 : CMD insert into data(poti, light, hall, temp) values ( 0.9, 0.8, 0.49, 25.2 );
 ---> Running in 5f4e02975f21
Removing intermediate container 5f4e02975f21
 ---> c36686730833
Step 12/23 : CMD insert into data(poti, light, hall, temp) values ( 0.8, 0.7, 0.48, 25.1 );
 ---> Running in e48d6e90c860
Removing intermediate container e48d6e90c860
 ---> 6f6985957b6e
Step 13/23 : CMD select * from data;
 ---> Running in 2dfde1224992
Removing intermediate container 2dfde1224992
 ---> 5964c5523905
Step 14/23 : CMD select avg(temp) from data;
 ---> Running in b0fb5ddc4579
Removing intermediate container b0fb5ddc4579
 ---> c4b1f32a9156
Step 15/23 : CMD select min(temp) from data;
 ---> Running in 1f4a55ef5b53
Removing intermediate container 1f4a55ef5b53
 ---> 00427467b352
Step 16/23 : CMD select max(temp) from data;
 ---> Running in 63c856c2046e
Removing intermediate container 63c856c2046e
 ---> 771e6fe27f9a
Step 17/23 : ENV APACHE_RUN_USER www-data
 ---> Running in 49a25fe8fc3d
Removing intermediate container 49a25fe8fc3d
 ---> cf5381640849
Step 18/23 : ENV APACHE_RUN_GROUP www-data
 ---> Running in 5eb0fa10b84e
Removing intermediate container 5eb0fa10b84e
 ---> 921fe017ef01
Step 19/23 : ENV APACHE_LOG_DIR /var/log/apache2
 ---> Running in b41348f80d26
Removing intermediate container b41348f80d26
 ---> cdb7ff10548f
Step 20/23 : RUN mkdir -p /var/lock/apache2 /var/run/apache2
 ---> Running in 4b3031d9ba84
Removing intermediate container 4b3031d9ba84
 ---> f6291e05e196
Step 21/23 : EXPOSE 80
 ---> Running in 44ded4502f84
Removing intermediate container 44ded4502f84
 ---> 0c02c065d648
Step 22/23 : VOLUME /var/www/html
 ---> Running in 38982371a512
Removing intermediate container 38982371a512
 ---> 9ae621d35154
Step 23/23 : CMD /bin/bash -c "source /etc/apache2/envvars && exec /usr/sbin/apache2 -DFOREGROUND"
 ---> Running in 9feda36d8dd7
Removing intermediate container 9feda36d8dd7
 ---> 22a90aaec06f
Successfully built 22a90aaec06f
Successfully tagged apsql:latest
bash-3.2$ docker build -t apsql .[4Pcontainer ls
CONTAINER ID        IMAGE               COMMAND             CREATED             STATUS              PORTS               NAMES
bash-3.2$ docker container lsbuild -t apsql .[4Pcontainer ls[C[C[C[C[C[C[C[C[C[C[Kdocker run apsqÃ¶[Kl
AH00558: apache2: Could not reliably determine the server's fully qualified domain name, using 172.17.0.2. Set the 'ServerName' directive globally to suppress this message
