Script started on Wed Mar  7 15:50:40 2018
[?1034hbash-3.2$ cd
bash-3.2$ cd L[KP[Kp[K[K[K[Kcd[K[Kpwd
/Users/jasonnguy
bash-3.2$ cd Potatoe/
bash-3.2$ cd docker
bash-3.2$ pwd
/Users/jasonnguy/Potatoe/docker
bash-3.2$ docker build test .[K[K.
unable to prepare context: path "test." not found
bash-3.2$ docker build test. .$.[1P.
"docker build" requires exactly 1 argument.
See 'docker build --help'.

Usage:  docker build [OPTIONS] PATH | URL | - [flags]

Build an image from a Dockerfile
bash-3.2$ docker build test .[C[C[K[K[K[K[K[K[K[K[K[K[K[K[K[K[K[K[K[K[Kdocker run test-[K.
docker: invalid reference format.
See 'docker run --help'.
bash-3.2$ ls
Dockerfile
bash-3.2$ lsdocker run test.[C test.[1Ptest.[1P test.[1P test.[1P test.b test.u test.i test.d test.. test.[1P test.[1P test.l test.d test.[C test.- test.t test.t test.[1P test.
invalid argument "test." for "-t, --tag" flag: invalid reference format
See 'docker build --help'.
bash-3.2$ docker build -t test.[K .
Sending build context to Docker daemon  14.85kB
Step 1/10 : FROM ubuntu:14.04
14.04: Pulling from library/ubuntu

[1A[1K[K99ad4e3ced4d: Pulling fs layer [1B
[1A[1K[Kec5a723f4e2a: Pulling fs layer [1B
[1A[1K[K2a175e11567c: Pulling fs layer [1B
[1A[1K[K8d26426e95e0: Pulling fs layer [1B
[1A[1K[K46e451596b7c: Pulling fs layer [1B[2A[1K[K8d26426e95e0: Waiting [2B[1A[1K[K46e451596b7c: Waiting [1B[4A[1K[Kec5a723f4e2a: Downloading [===========>                                       ]  16.38kB/72.66kB[4B[3A[1K[K2a175e11567c: Downloading [==================================================>]     630B/630B[3B[4A[1K[Kec5a723f4e2a: Downloading [==================================================>]  72.66kB/72.66kB[4B[4A[1K[Kec5a723f4e2a: Download complete [4B[3A[1K[K2a175e11567c: Verifying Checksum [3B[3A[1K[K2a175e11567c: Download complete [3B[5A[1K[K99ad4e3ced4d: Downloading [>                                                  ]  531.4kB/73MB[5B[5A[1K[K99ad4e3ced4d: Downloading [=>                                                 ]  1.588MB/73MB[5B[1A[1K[K46e451596b7c: Downloading [==================================================>]     163B/163B[1B[1A[1K[K46e451596b7c: Verifying Checksum [1B[1A[1K[K46e451596b7c: Download complete [1B[2A[1K[K8d26426e95e0: Downloading [==================================================>]     851B/851B[2B[2A[1K[K8d26426e95e0: Download complete [2B[5A[1K[K99ad4e3ced4d: Downloading [==>                                                ]  3.184MB/73MB[5B[5A[1K[K99ad4e3ced4d: Downloading [====>                                              ]  5.853MB/73MB[5B[5A[1K[K99ad4e3ced4d: Downloading [=====>                                             ]  7.985MB/73MB[5B[5A[1K[K99ad4e3ced4d: Downloading [======>                                            ]  10.12MB/73MB[5B[5A[1K[K99ad4e3ced4d: Downloading [========>                                          ]  12.26MB/73MB[5B[5A[1K[K99ad4e3ced4d: Downloading [=========>                                         ]  14.41MB/73MB[5B[5A[1K[K99ad4e3ced4d: Downloading [===========>                                       ]  16.54MB/73MB[5B[5A[1K[K99ad4e3ced4d: Downloading [============>                                      ]  18.69MB/73MB[5B[5A[1K[K99ad4e3ced4d: Downloading [==============>                                    ]  20.84MB/73MB[5B[5A[1K[K99ad4e3ced4d: Downloading [===============>                                   ]  22.97MB/73MB[5B[5A[1K[K99ad4e3ced4d: Downloading [=================>                                 ]   25.1MB/73MB[5B[5A[1K[K99ad4e3ced4d: Downloading [==================>                                ]  27.25MB/73MB[5B[5A[1K[K99ad4e3ced4d: Downloading [====================>                              ]  29.39MB/73MB[5B[5A[1K[K99ad4e3ced4d: Downloading [=====================>                             ]  31.54MB/73MB[5B[5A[1K[K99ad4e3ced4d: Downloading [=======================>                           ]  33.68MB/73MB[5B[5A[1K[K99ad4e3ced4d: Downloading [========================>                          ]  36.35MB/73MB[5B[5A[1K[K99ad4e3ced4d: Downloading [==========================>                        ]  38.48MB/73MB[5B[5A[1K[K99ad4e3ced4d: Downloading [===========================>                       ]  40.63MB/73MB[5B[5A[1K[K99ad4e3ced4d: Downloading [=============================>                     ]  43.29MB/73MB[5B[5A[1K[K99ad4e3ced4d: Downloading [===============================>                   ]  45.44MB/73MB[5B[5A[1K[K99ad4e3ced4d: Downloading [================================>                  ]  47.05MB/73MB[5B[5A[1K[K99ad4e3ced4d: Downloading [=================================>                 ]  48.65MB/73MB[5B[5A[1K[K99ad4e3ced4d: Downloading [==================================>                ]  50.26MB/73MB[5B[5A[1K[K99ad4e3ced4d: Downloading [===================================>               ]  51.88MB/73MB[5B[5A[1K[K99ad4e3ced4d: Downloading [=====================================>             ]  54.02MB/73MB[5B[5A[1K[K99ad4e3ced4d: Downloading [======================================>            ]  55.63MB/73MB[5B[5A[1K[K99ad4e3ced4d: Downloading [=======================================>           ]  57.24MB/73MB[5B[5A[1K[K99ad4e3ced4d: Downloading [========================================>          ]  58.85MB/73MB[5B[5A[1K[K99ad4e3ced4d: Downloading [=========================================>         ]  60.47MB/73MB[5B[5A[1K[K99ad4e3ced4d: Downloading [==========================================>        ]  62.07MB/73MB[5B[5A[1K[K99ad4e3ced4d: Downloading [===========================================>       ]  63.66MB/73MB[5B[5A[1K[K99ad4e3ced4d: Downloading [============================================>      ]  65.28MB/73MB[5B[5A[1K[K99ad4e3ced4d: Downloading [=============================================>     ]  66.87MB/73MB[5B[5A[1K[K99ad4e3ced4d: Downloading [==============================================>    ]  68.47MB/73MB[5B[5A[1K[K99ad4e3ced4d: Downloading [================================================>  ]  70.61MB/73MB[5B[5A[1K[K99ad4e3ced4d: Downloading [=================================================> ]  72.76MB/73MB[5B[5A[1K[K99ad4e3ced4d: Verifying Checksum [5B[5A[1K[K99ad4e3ced4d: Download complete [5B[5A[1K[K99ad4e3ced4d: Extracting [>                                                  ]  557.1kB/73MB[5B[5A[1K[K99ad4e3ced4d: Extracting [==>                                                ]  3.342MB/73MB[5B[5A[1K[K99ad4e3ced4d: Extracting [===>                                               ]  5.571MB/73MB[5B[5A[1K[K99ad4e3ced4d: Extracting [=====>                                             ]  8.356MB/73MB[5B[5A[1K[K99ad4e3ced4d: Extracting [=======>                                           ]  11.14MB/73MB[5B[5A[1K[K99ad4e3ced4d: Extracting [=========>                                         ]  13.93MB/73MB[5B[5A[1K[K99ad4e3ced4d: Extracting [===========>                                       ]  16.71MB/73MB[5B[5A[1K[K99ad4e3ced4d: Extracting [=============>                                     ]   19.5MB/73MB[5B[5A[1K[K99ad4e3ced4d: Extracting [===============>                                   ]  22.28MB/73MB[5B[5A[1K[K99ad4e3ced4d: Extracting [================>                                  ]  24.51MB/73MB[5B[5A[1K[K99ad4e3ced4d: Extracting [==================>                                ]  26.74MB/73MB[5B[5A[1K[K99ad4e3ced4d: Extracting [===================>                               ]  28.97MB/73MB[5B[5A[1K[K99ad4e3ced4d: Extracting [=====================>                             ]   31.2MB/73MB[5B[5A[1K[K99ad4e3ced4d: Extracting [======================>                            ]  33.42MB/73MB[5B[5A[1K[K99ad4e3ced4d: Extracting [========================>                          ]  36.21MB/73MB[5B[5A[1K[K99ad4e3ced4d: Extracting [==========================>                        ]  38.44MB/73MB[5B[5A[1K[K99ad4e3ced4d: Extracting [===========================>                       ]  40.11MB/73MB[5B[5A[1K[K99ad4e3ced4d: Extracting [============================>                      ]  42.34MB/73MB[5B[5A[1K[K99ad4e3ced4d: Extracting [==============================>                    ]  45.12MB/73MB[5B[5A[1K[K99ad4e3ced4d: Extracting [================================>                  ]  47.35MB/73MB[5B[5A[1K[K99ad4e3ced4d: Extracting [=================================>                 ]  49.58MB/73MB[5B[5A[1K[K99ad4e3ced4d: Extracting [===================================>               ]  51.81MB/73MB[5B[5A[1K[K99ad4e3ced4d: Extracting [=====================================>             ]  54.03MB/73MB[5B[5A[1K[K99ad4e3ced4d: Extracting [======================================>            ]  55.71MB/73MB[5B[5A[1K[K99ad4e3ced4d: Extracting [=======================================>           ]  57.38MB/73MB[5B[5A[1K[K99ad4e3ced4d: Extracting [========================================>          ]  58.49MB/73MB[5B[5A[1K[K99ad4e3ced4d: Extracting [=========================================>         ]  61.28MB/73MB[5B[5A[1K[K99ad4e3ced4d: Extracting [===========================================>       ]  64.06MB/73MB[5B[5A[1K[K99ad4e3ced4d: Extracting [=============================================>     ]  66.29MB/73MB[5B[5A[1K[K99ad4e3ced4d: Extracting [==============================================>    ]  67.96MB/73MB[5B[5A[1K[K99ad4e3ced4d: Extracting [================================================>  ]  70.19MB/73MB[5B[5A[1K[K99ad4e3ced4d: Extracting [=================================================> ]  71.86MB/73MB[5B[5A[1K[K99ad4e3ced4d: Extracting [=================================================> ]  72.97MB/73MB[5B[5A[1K[K99ad4e3ced4d: Extracting [==================================================>]     73MB/73MB[5B[5A[1K[K99ad4e3ced4d: Pull complete [5B[4A[1K[Kec5a723f4e2a: Extracting [======================>                            ]  32.77kB/72.66kB[4B[4A[1K[Kec5a723f4e2a: Extracting [==================================================>]  72.66kB/72.66kB[4B[4A[1K[Kec5a723f4e2a: Extracting [==================================================>]  72.66kB/72.66kB[4B[4A[1K[Kec5a723f4e2a: Pull complete [4B[3A[1K[K2a175e11567c: Extracting [==================================================>]     630B/630B[3B[3A[1K[K2a175e11567c: Extracting [==================================================>]     630B/630B[3B[3A[1K[K2a175e11567c: Pull complete [3B[2A[1K[K8d26426e95e0: Extracting [==================================================>]     851B/851B[2B[2A[1K[K8d26426e95e0: Extracting [==================================================>]     851B/851B[2B[2A[1K[K8d26426e95e0: Pull complete [2B[1A[1K[K46e451596b7c: Extracting [==================================================>]     163B/163B[1B[1A[1K[K46e451596b7c: Extracting [==================================================>]     163B/163B[1B[1A[1K[K46e451596b7c: Pull complete [1BDigest: sha256:159462193f5381fceffa28aa89df9740a790d5654b29fb0fb6098ce396c605a1
Status: Downloaded newer image for ubuntu:14.04
 ---> a35e70164dfb
Step 2/10 : RUN apt-get update
 ---> Running in 81675777d1ed
Get:1 http://security.ubuntu.com trusty-security InRelease [65.9 kB]
Ign http://archive.ubuntu.com trusty InRelease
Get:2 http://archive.ubuntu.com trusty-updates InRelease [65.9 kB]
Get:3 http://archive.ubuntu.com trusty-backports InRelease [65.9 kB]
Get:4 http://archive.ubuntu.com trusty Release.gpg [933 B]
Get:5 http://archive.ubuntu.com trusty Release [58.5 kB]
Get:6 http://security.ubuntu.com trusty-security/universe Sources [83.2 kB]
Get:7 http://security.ubuntu.com trusty-security/main amd64 Packages [896 kB]
Get:8 http://archive.ubuntu.com trusty-updates/universe Sources [248 kB]
Get:9 http://archive.ubuntu.com trusty-updates/main amd64 Packages [1320 kB]
Get:10 http://security.ubuntu.com trusty-security/restricted amd64 Packages [18.1 kB]
Get:11 http://security.ubuntu.com trusty-security/universe amd64 Packages [267 kB]
Get:12 http://security.ubuntu.com trusty-security/multiverse amd64 Packages [4723 B]
Get:13 http://archive.ubuntu.com trusty-updates/restricted amd64 Packages [21.4 kB]
Get:14 http://archive.ubuntu.com trusty-updates/universe amd64 Packages [576 kB]
Get:15 http://archive.ubuntu.com trusty-updates/multiverse amd64 Packages [16.0 kB]
Get:16 http://archive.ubuntu.com trusty-backports/main amd64 Packages [14.7 kB]
Get:17 http://archive.ubuntu.com trusty-backports/restricted amd64 Packages [40 B]
Get:18 http://archive.ubuntu.com trusty-backports/universe amd64 Packages [52.5 kB]
Get:19 http://archive.ubuntu.com trusty-backports/multiverse amd64 Packages [1392 B]
Get:20 http://archive.ubuntu.com trusty/universe Sources [7926 kB]
Get:21 http://archive.ubuntu.com trusty/main amd64 Packages [1743 kB]
Get:22 http://archive.ubuntu.com trusty/restricted amd64 Packages [16.0 kB]
Get:23 http://archive.ubuntu.com trusty/universe amd64 Packages [7589 kB]
Get:24 http://archive.ubuntu.com trusty/multiverse amd64 Packages [169 kB]
Fetched 21.2 MB in 14s (1447 kB/s)
Reading package lists...
Removing intermediate container 81675777d1ed
 ---> ce2e3c458ee6
Step 3/10 : RUN apt-get -q -y install apache2
 ---> Running in 8b4024c11b82
Reading package lists...
Building dependency tree...
Reading state information...
The following extra packages will be installed:
  apache2-bin apache2-data libapr1 libaprutil1 libaprutil1-dbd-sqlite3
  libaprutil1-ldap libasn1-8-heimdal libgssapi3-heimdal libhcrypto4-heimdal
  libheimbase1-heimdal libheimntlm0-heimdal libhx509-5-heimdal
  libkrb5-26-heimdal libldap-2.4-2 libroken18-heimdal libsasl2-2
  libsasl2-modules libsasl2-modules-db libwind0-heimdal libxml2 openssl
  sgml-base ssl-cert xml-core
Suggested packages:
  www-browser apache2-doc apache2-suexec-pristine apache2-suexec-custom ufw
  apache2-utils libsasl2-modules-otp libsasl2-modules-ldap
  libsasl2-modules-sql libsasl2-modules-gssapi-mit
  libsasl2-modules-gssapi-heimdal ca-certificates sgml-base-doc
  openssl-blacklist debhelper
The following NEW packages will be installed:
  apache2 apache2-bin apache2-data libapr1 libaprutil1 libaprutil1-dbd-sqlite3
  libaprutil1-ldap libasn1-8-heimdal libgssapi3-heimdal libhcrypto4-heimdal
  libheimbase1-heimdal libheimntlm0-heimdal libhx509-5-heimdal
  libkrb5-26-heimdal libldap-2.4-2 libroken18-heimdal libsasl2-2
  libsasl2-modules libsasl2-modules-db libwind0-heimdal libxml2 openssl
  sgml-base ssl-cert xml-core
0 upgraded, 25 newly installed, 0 to remove and 0 not upgraded.
Need to get 3442 kB of archives.
After this operation, 12.6 MB of additional disk space will be used.
Get:1 http://archive.ubuntu.com/ubuntu/ trusty-updates/main libroken18-heimdal amd64 1.6~git20131207+dfsg-1ubuntu1.2 [39.9 kB]
Get:2 http://archive.ubuntu.com/ubuntu/ trusty-updates/main libasn1-8-heimdal amd64 1.6~git20131207+dfsg-1ubuntu1.2 [160 kB]
Get:3 http://archive.ubuntu.com/ubuntu/ trusty-updates/main libhcrypto4-heimdal amd64 1.6~git20131207+dfsg-1ubuntu1.2 [84.1 kB]
Get:4 http://archive.ubuntu.com/ubuntu/ trusty-updates/main libheimbase1-heimdal amd64 1.6~git20131207+dfsg-1ubuntu1.2 [29.0 kB]
Get:5 http://archive.ubuntu.com/ubuntu/ trusty-updates/main libwind0-heimdal amd64 1.6~git20131207+dfsg-1ubuntu1.2 [47.9 kB]
Get:6 http://archive.ubuntu.com/ubuntu/ trusty-updates/main libhx509-5-heimdal amd64 1.6~git20131207+dfsg-1ubuntu1.2 [104 kB]
Get:7 http://archive.ubuntu.com/ubuntu/ trusty-updates/main libkrb5-26-heimdal amd64 1.6~git20131207+dfsg-1ubuntu1.2 [196 kB]
Get:8 http://archive.ubuntu.com/ubuntu/ trusty-updates/main libheimntlm0-heimdal amd64 1.6~git20131207+dfsg-1ubuntu1.2 [15.2 kB]
Get:9 http://archive.ubuntu.com/ubuntu/ trusty-updates/main libgssapi3-heimdal amd64 1.6~git20131207+dfsg-1ubuntu1.2 [89.7 kB]
Get:10 http://archive.ubuntu.com/ubuntu/ trusty/main libsasl2-modules-db amd64 2.1.25.dfsg1-17build1 [14.9 kB]
Get:11 http://archive.ubuntu.com/ubuntu/ trusty/main libsasl2-2 amd64 2.1.25.dfsg1-17build1 [56.5 kB]
Get:12 http://archive.ubuntu.com/ubuntu/ trusty-updates/main libldap-2.4-2 amd64 2.4.31-1+nmu2ubuntu8.4 [153 kB]
Get:13 http://archive.ubuntu.com/ubuntu/ trusty-updates/main libxml2 amd64 2.9.1+dfsg1-3ubuntu4.12 [573 kB]
Get:14 http://archive.ubuntu.com/ubuntu/ trusty/main sgml-base all 1.26+nmu4ubuntu1 [12.5 kB]
Get:15 http://archive.ubuntu.com/ubuntu/ trusty/main libapr1 amd64 1.5.0-1 [85.1 kB]
Get:16 http://archive.ubuntu.com/ubuntu/ trusty/main libaprutil1 amd64 1.5.3-1 [76.4 kB]
Get:17 http://archive.ubuntu.com/ubuntu/ trusty/main libsasl2-modules amd64 2.1.25.dfsg1-17build1 [64.3 kB]
Get:18 http://archive.ubuntu.com/ubuntu/ trusty-updates/main openssl amd64 1.0.1f-1ubuntu2.23 [490 kB]
Get:19 http://archive.ubuntu.com/ubuntu/ trusty/main xml-core all 0.13+nmu2 [23.3 kB]
Get:20 http://archive.ubuntu.com/ubuntu/ trusty/main libaprutil1-dbd-sqlite3 amd64 1.5.3-1 [10.5 kB]
Get:21 http://archive.ubuntu.com/ubuntu/ trusty/main libaprutil1-ldap amd64 1.5.3-1 [8634 B]
Get:22 http://archive.ubuntu.com/ubuntu/ trusty-updates/main apache2-bin amd64 2.4.7-1ubuntu4.18 [844 kB]
Get:23 http://archive.ubuntu.com/ubuntu/ trusty-updates/main apache2-data all 2.4.7-1ubuntu4.18 [160 kB]
Get:24 http://archive.ubuntu.com/ubuntu/ trusty-updates/main apache2 amd64 2.4.7-1ubuntu4.18 [87.5 kB]
Get:25 http://archive.ubuntu.com/ubuntu/ trusty/main ssl-cert all 1.0.33 [16.6 kB]
[91mdebconf: unable to initialize frontend: Dialog
debconf: (TERM is not set, so the dialog frontend is not usable.)
debconf: falling back to frontend: Readline
[0m[91mdebconf: unable to initialize frontend: Readline
debconf: (This frontend requires a controlling tty.)
debconf: falling back to frontend: Teletype
[0m[91mdpkg-preconfigure: unable to re-open stdin: 
[0mFetched 3442 kB in 3s (1128 kB/s)
Selecting previously unselected package libroken18-heimdal:amd64.
(Reading database ... 11571 files and directories currently installed.)
Preparing to unpack .../libroken18-heimdal_1.6~git20131207+dfsg-1ubuntu1.2_amd64.deb ...
Unpacking libroken18-heimdal:amd64 (1.6~git20131207+dfsg-1ubuntu1.2) ...
Selecting previously unselected package libasn1-8-heimdal:amd64.
Preparing to unpack .../libasn1-8-heimdal_1.6~git20131207+dfsg-1ubuntu1.2_amd64.deb ...
Unpacking libasn1-8-heimdal:amd64 (1.6~git20131207+dfsg-1ubuntu1.2) ...
Selecting previously unselected package libhcrypto4-heimdal:amd64.
Preparing to unpack .../libhcrypto4-heimdal_1.6~git20131207+dfsg-1ubuntu1.2_amd64.deb ...
Unpacking libhcrypto4-heimdal:amd64 (1.6~git20131207+dfsg-1ubuntu1.2) ...
Selecting previously unselected package libheimbase1-heimdal:amd64.
Preparing to unpack .../libheimbase1-heimdal_1.6~git20131207+dfsg-1ubuntu1.2_amd64.deb ...
Unpacking libheimbase1-heimdal:amd64 (1.6~git20131207+dfsg-1ubuntu1.2) ...
Selecting previously unselected package libwind0-heimdal:amd64.
Preparing to unpack .../libwind0-heimdal_1.6~git20131207+dfsg-1ubuntu1.2_amd64.deb ...
Unpacking libwind0-heimdal:amd64 (1.6~git20131207+dfsg-1ubuntu1.2) ...
Selecting previously unselected package libhx509-5-heimdal:amd64.
Preparing to unpack .../libhx509-5-heimdal_1.6~git20131207+dfsg-1ubuntu1.2_amd64.deb ...
Unpacking libhx509-5-heimdal:amd64 (1.6~git20131207+dfsg-1ubuntu1.2) ...
Selecting previously unselected package libkrb5-26-heimdal:amd64.
Preparing to unpack .../libkrb5-26-heimdal_1.6~git20131207+dfsg-1ubuntu1.2_amd64.deb ...
Unpacking libkrb5-26-heimdal:amd64 (1.6~git20131207+dfsg-1ubuntu1.2) ...
Selecting previously unselected package libheimntlm0-heimdal:amd64.
Preparing to unpack .../libheimntlm0-heimdal_1.6~git20131207+dfsg-1ubuntu1.2_amd64.deb ...
Unpacking libheimntlm0-heimdal:amd64 (1.6~git20131207+dfsg-1ubuntu1.2) ...
Selecting previously unselected package libgssapi3-heimdal:amd64.
Preparing to unpack .../libgssapi3-heimdal_1.6~git20131207+dfsg-1ubuntu1.2_amd64.deb ...
Unpacking libgssapi3-heimdal:amd64 (1.6~git20131207+dfsg-1ubuntu1.2) ...
Selecting previously unselected package libsasl2-modules-db:amd64.
Preparing to unpack .../libsasl2-modules-db_2.1.25.dfsg1-17build1_amd64.deb ...
Unpacking libsasl2-modules-db:amd64 (2.1.25.dfsg1-17build1) ...
Selecting previously unselected package libsasl2-2:amd64.
Preparing to unpack .../libsasl2-2_2.1.25.dfsg1-17build1_amd64.deb ...
Unpacking libsasl2-2:amd64 (2.1.25.dfsg1-17build1) ...
Selecting previously unselected package libldap-2.4-2:amd64.
Preparing to unpack .../libldap-2.4-2_2.4.31-1+nmu2ubuntu8.4_amd64.deb ...
Unpacking libldap-2.4-2:amd64 (2.4.31-1+nmu2ubuntu8.4) ...
Selecting previously unselected package libxml2:amd64.
Preparing to unpack .../libxml2_2.9.1+dfsg1-3ubuntu4.12_amd64.deb ...
Unpacking libxml2:amd64 (2.9.1+dfsg1-3ubuntu4.12) ...
Selecting previously unselected package sgml-base.
Preparing to unpack .../sgml-base_1.26+nmu4ubuntu1_all.deb ...
Unpacking sgml-base (1.26+nmu4ubuntu1) ...
Selecting previously unselected package libapr1:amd64.
Preparing to unpack .../libapr1_1.5.0-1_amd64.deb ...
Unpacking libapr1:amd64 (1.5.0-1) ...
Selecting previously unselected package libaprutil1:amd64.
Preparing to unpack .../libaprutil1_1.5.3-1_amd64.deb ...
Unpacking libaprutil1:amd64 (1.5.3-1) ...
Selecting previously unselected package libsasl2-modules:amd64.
Preparing to unpack .../libsasl2-modules_2.1.25.dfsg1-17build1_amd64.deb ...
Unpacking libsasl2-modules:amd64 (2.1.25.dfsg1-17build1) ...
Selecting previously unselected package openssl.
Preparing to unpack .../openssl_1.0.1f-1ubuntu2.23_amd64.deb ...
Unpacking openssl (1.0.1f-1ubuntu2.23) ...
Selecting previously unselected package xml-core.
Preparing to unpack .../xml-core_0.13+nmu2_all.deb ...
Unpacking xml-core (0.13+nmu2) ...
Selecting previously unselected package libaprutil1-dbd-sqlite3:amd64.
Preparing to unpack .../libaprutil1-dbd-sqlite3_1.5.3-1_amd64.deb ...
Unpacking libaprutil1-dbd-sqlite3:amd64 (1.5.3-1) ...
Selecting previously unselected package libaprutil1-ldap:amd64.
Preparing to unpack .../libaprutil1-ldap_1.5.3-1_amd64.deb ...
Unpacking libaprutil1-ldap:amd64 (1.5.3-1) ...
Selecting previously unselected package apache2-bin.
Preparing to unpack .../apache2-bin_2.4.7-1ubuntu4.18_amd64.deb ...
Unpacking apache2-bin (2.4.7-1ubuntu4.18) ...
Selecting previously unselected package apache2-data.
Preparing to unpack .../apache2-data_2.4.7-1ubuntu4.18_all.deb ...
Unpacking apache2-data (2.4.7-1ubuntu4.18) ...
Selecting previously unselected package apache2.
Preparing to unpack .../apache2_2.4.7-1ubuntu4.18_amd64.deb ...
Unpacking apache2 (2.4.7-1ubuntu4.18) ...
Selecting previously unselected package ssl-cert.
Preparing to unpack .../ssl-cert_1.0.33_all.deb ...
Unpacking ssl-cert (1.0.33) ...
Processing triggers for ureadahead (0.100.0-16) ...
Setting up libroken18-heimdal:amd64 (1.6~git20131207+dfsg-1ubuntu1.2) ...
Setting up libasn1-8-heimdal:amd64 (1.6~git20131207+dfsg-1ubuntu1.2) ...
Setting up libhcrypto4-heimdal:amd64 (1.6~git20131207+dfsg-1ubuntu1.2) ...
Setting up libheimbase1-heimdal:amd64 (1.6~git20131207+dfsg-1ubuntu1.2) ...
Setting up libwind0-heimdal:amd64 (1.6~git20131207+dfsg-1ubuntu1.2) ...
Setting up libhx509-5-heimdal:amd64 (1.6~git20131207+dfsg-1ubuntu1.2) ...
Setting up libkrb5-26-heimdal:amd64 (1.6~git20131207+dfsg-1ubuntu1.2) ...
Setting up libheimntlm0-heimdal:amd64 (1.6~git20131207+dfsg-1ubuntu1.2) ...
Setting up libgssapi3-heimdal:amd64 (1.6~git20131207+dfsg-1ubuntu1.2) ...
Setting up libsasl2-modules-db:amd64 (2.1.25.dfsg1-17build1) ...
Setting up libsasl2-2:amd64 (2.1.25.dfsg1-17build1) ...
Setting up libldap-2.4-2:amd64 (2.4.31-1+nmu2ubuntu8.4) ...
Setting up libxml2:amd64 (2.9.1+dfsg1-3ubuntu4.12) ...
Setting up sgml-base (1.26+nmu4ubuntu1) ...
Setting up libapr1:amd64 (1.5.0-1) ...
Setting up libaprutil1:amd64 (1.5.3-1) ...
Setting up libsasl2-modules:amd64 (2.1.25.dfsg1-17build1) ...
Setting up openssl (1.0.1f-1ubuntu2.23) ...
Setting up xml-core (0.13+nmu2) ...
Setting up libaprutil1-dbd-sqlite3:amd64 (1.5.3-1) ...
Setting up libaprutil1-ldap:amd64 (1.5.3-1) ...
Setting up apache2-bin (2.4.7-1ubuntu4.18) ...
Setting up apache2-data (2.4.7-1ubuntu4.18) ...
Setting up apache2 (2.4.7-1ubuntu4.18) ...
Enabling module mpm_event.
Enabling module authz_core.
Enabling module authz_host.
Enabling module authn_core.
Enabling module auth_basic.
Enabling module access_compat.
Enabling module authn_file.
Enabling module authz_user.
Enabling module alias.
Enabling module dir.
Enabling module autoindex.
Enabling module env.
Enabling module mime.
Enabling module negotiation.
Enabling module setenvif.
Enabling module filter.
Enabling module deflate.
Enabling module status.
Enabling conf charset.
Enabling conf localized-error-pages.
Enabling conf other-vhosts-access-log.
Enabling conf security.
Enabling conf serve-cgi-bin.
Enabling site 000-default.
[91minvoke-rc.d: policy-rc.d denied execution of start.
[0mSetting up ssl-cert (1.0.33) ...
[91mdebconf: unable to initialize frontend: Dialog
debconf: (TERM is not set, so the dialog frontend is not usable.)
debconf: falling back to frontend: Readline
[0m[91mdebconf: unable to initialize frontend: Readline
debconf: (This frontend requires a controlling tty.)
debconf: falling back to frontend: Teletype
[0mProcessing triggers for libc-bin (2.19-0ubuntu6.14) ...
Processing triggers for sgml-base (1.26+nmu4ubuntu1) ...
Processing triggers for ureadahead (0.100.0-16) ...
Removing intermediate container 8b4024c11b82
 ---> a5947ea883a8
Step 4/10 : ENV APACHE_RUN_USER www-data
 ---> Running in d6d312a45afc
Removing intermediate container d6d312a45afc
 ---> 3b6809251942
Step 5/10 : ENV APACHE_RUN_GROUP www-data
 ---> Running in d2d93e8becbb
Removing intermediate container d2d93e8becbb
 ---> a0f6ce4877e6
Step 6/10 : ENV APACHE_LOG_DIR /var/log/apache2
 ---> Running in 0336b8012021
Removing intermediate container 0336b8012021
 ---> e0953241b137
Step 7/10 : RUN mkdir -p /var/lock/apache2 /var/run/apache2
 ---> Running in 2207bb541ced
Removing intermediate container 2207bb541ced
 ---> 6a676f986c46
Step 8/10 : EXPOSE 80
 ---> Running in c4fa5f431160
Removing intermediate container c4fa5f431160
 ---> 090ae8311967
Step 9/10 : VOLUME /var/www/html
 ---> Running in d182d51ce269
Removing intermediate container d182d51ce269
 ---> 1dadcef02e50
Step 10/10 : CMD /bin/bash -c "source /etc/apache2/envvars && exec /usr/sbin/apache2 -DFOREGROUND"
 ---> Running in dfac0f777276
Removing intermediate container dfac0f777276
 ---> 197ab00a7131
Successfully built 197ab00a7131
Successfully tagged test:latest
bash-3.2$ docker[K[K[K[Kcker ps -a
CONTAINER ID        IMAGE               COMMAND             CREATED             STATUS              PORTS               NAMES
bash-3.2$ docker ps -a[K[Ka
"docker ps" accepts no arguments.
See 'docker ps --help'.

Usage:  docker ps [OPTIONS] [flags]

List containers
bash-3.2$ docker ps a[K[K
CONTAINER ID        IMAGE               COMMAND             CREATED             STATUS              PORTS               NAMES
bash-3.2$ docker ps a[K-a
CONTAINER ID        IMAGE               COMMAND             CREATED             STATUS              PORTS               NAMES
bash-3.2$ docker run -d test
3f0ca0e4e1216d8b4dcdadba03acd815cc337b74f79098f383c24467c0e43f50
bash-3.2$ docker run -d test[6Pps -a
CONTAINER ID        IMAGE               COMMAND                  CREATED             STATUS              PORTS               NAMES
3f0ca0e4e121        test                "/bin/sh -c '/bin/baâ€¦"   1 second ago        Up 2 seconds        80/tcp              focused_einstein
bash-3.2$  [Kdockerp[K poe[Krt wen[Kb
Error: No such container: web
bash-3.2$ docker port web
Error: No such container: web
bash-3.2$ docker port web[K[K[Ktest
Error: No such container: test
bash-3.2$ docker port test[K[K[K[Klatest
Error: No such container: latest
bash-3.2$ docker port latest[K[K[K[K[K[K3f0ca0e4e121
bash-3.2$ docker-machine ip default
Docker machine "default" does not exist. Use "docker-machine ls" to list machines. Use "docker-machine create" to add a new one.
bash-3.2$ dokcer docker rmi $(docker images -q)
bash: dokcer: command not found
bash-3.2$ docker rmi $(docker images -q)
Error response from daemon: conflict: unable to delete 197ab00a7131 (cannot be forced) - image is being used by running container 3f0ca0e4e121
Error response from daemon: conflict: unable to delete a35e70164dfb (cannot be forced) - image has dependent child images
bash-3.2$ docker stop $(docker ps -a -q)
3f0ca0e4e121
bash-3.2$ docker stop $(docker ps -a -q)[C[C[C[C[C[C[C[C[C[C[C[C[C[C[C[C[Crmi $(docker images[C[C[C[C
Error response from daemon: conflict: unable to delete 197ab00a7131 (must be forced) - image is being used by stopped container 3f0ca0e4e121
Error response from daemon: conflict: unable to delete a35e70164dfb (cannot be forced) - image has dependent child images
bash-3.2$ docker rmi $(docker images -q)[C[C[C[C[C[C[C[C[C[C[C[C[C[C[C[C[Cstop $(docker ps -a[C[C[C[C[1P[1P[1P[1P[1@r[1@m
3f0ca0e4e121
bash-3.2$ docker rm $(docker ps -a -q)[2@i $(docker images[C[C[C[C[C[C[C[C[C[C[C[C[C[C[C[C[C[C[C[C[C[C[C[2P $(docker ps -a[C[C[C[C[C[C[C[C[C[C[C[C[C[C[Kdocker container

Usage:	docker container COMMAND

Manage containers

Options:


Commands:
  attach      Attach local standard input, output, and error streams to a running container
  commit      Create a new image from a container's changes
  cp          Copy files/folders between a container and the local filesystem
  create      Create a new container
  diff        Inspect changes to files or directories on a container's filesystem
  exec        Run a command in a running container
  export      Export a container's filesystem as a tar archive
  inspect     Display detailed information on one or more containers
  kill        Kill one or more running containers
  logs        Fetch the logs of a container
  ls          List containers
  pause       Pause all processes within one or more containers
  port        List port mappings or a specific mapping for the container
  prune       Remove all stopped containers
  rename      Rename a container
  restart     Restart one or more containers
  rm          Remove one or more containers
  run         Run a command in a new container
  start       Start one or more stopped containers
  stats       Display a live stream of container(s) resource usage statistics
  stop        Stop one or more running containers
  top         Display the running processes of a container
  unpause     Unpause all processes within one or more containers
  update      Update configuration of one or more containers
  wait        Block until one or more containers stop, then print their exit codes

Run 'docker container COMMAND --help' for more information on a command.
bash-3.2$ docker container ls
CONTAINER ID        IMAGE               COMMAND             CREATED             STATUS              PORTS               NAMES
bash-3.2$ docker container ls[K ls[Krm $(docker ps -a -q)[2@i $(docker images[C[C[C[C[C[C[C[C[C[C[C[C[C[C[C[C[C[C[C[C[Cstop $(docker ps -a[C[C[C[C[C[C[C[C[C[C[C[C[C[C[C[C[C[C[C[C[Crmi $(docker images[C[C[C[C
Untagged: test:latest
Deleted: sha256:197ab00a7131eab880a80f362d23f6fa5eb6c5da6d5b9f50ea78e2202b724340
Deleted: sha256:1dadcef02e501feec64909dcdb974b449ed00d7b2a53918bd97d8f1fc9a5e3c8
Deleted: sha256:090ae8311967aa0cdf898bd4b09d8e6539fde34f4cff28fc5cf2ce7b8c0e3c38
Deleted: sha256:6a676f986c46d5b4f023cefd0449f690624eccebb399490f1ee547af73fccf83
Deleted: sha256:80ecbadd71590f194c8adf9f59807a430942cc831665bca955f4db7af75b2a18
Deleted: sha256:e0953241b137e4ecaed5918efd7a747346905e2fed3ac66b632fa06715c8b0ea
Deleted: sha256:a0f6ce4877e6206e94b9dc9986cea93516e6d1e836e3ac2dc8ffceb56fb1dda8
Deleted: sha256:3b6809251942bdf65c4f06a043539def96aadad7dbdd03b3c55ff728f796bed4
Deleted: sha256:a5947ea883a875ec477aae76488e189399292d918a4519012d45d8294cf869a7
Deleted: sha256:604e6755132af986dbb47f011925530fe0ea08b7767092816aa5e6b1fe01ff54
Deleted: sha256:ce2e3c458ee68c36fef8c3f70337d75b4d93557aee42c1a92cb15ae1e521a2e7
Deleted: sha256:6ec3d968606092767098b33f3bb49f227cd9b4454ff75e8b7bce104ed501119f
Untagged: ubuntu:14.04
Untagged: ubuntu@sha256:159462193f5381fceffa28aa89df9740a790d5654b29fb0fb6098ce396c605a1
Deleted: sha256:a35e70164dfb0dd7a9fec8be0b00017a2277c5a221dcab8ffa75f876ed0aae3d
Deleted: sha256:1018c12947560fb13fe662f31507747509a50f9f85d3ef1ff4f07d350a71d925
Deleted: sha256:4e83c47ca309e77d42f06e02eab28c827ac7d1f6eeb0709c88f954567ae63c64
Deleted: sha256:fd354ce27c940129b1d6e00615b3eb014a252cdc332e0d74a39f4f04837b1625
Deleted: sha256:43e66901c81641b7bf9cbfcb4e0e4aeaf79765747713fc1fdbca266d3cefd4a6
Deleted: sha256:92fb50b4d953c72eb1d5c045bab47a78f5c02348d8f004f7229a7b8fef16608d
bash-3.2$ pwd
/Users/jasonnguy/Potatoe/docker
bash-3.2$ docker build -t apache
"docker build" requires exactly 1 argument.
See 'docker build --help'.

Usage:  docker build [OPTIONS] PATH | URL | - [flags]

Build an image from a Dockerfile
bash-3.2$ docker build -t apache[K[K[K[K[K[Ktest
"docker build" requires exactly 1 argument.
See 'docker build --help'.

Usage:  docker build [OPTIONS] PATH | URL | - [flags]

Build an image from a Dockerfile
bash-3.2$ docker build -t test .
Sending build context to Docker daemon  14.85kB
Step 1/10 : FROM ubuntu:14.04
14.04: Pulling from library/ubuntu

[1A[1K[K99ad4e3ced4d: Pulling fs layer [1B
[1A[1K[Kec5a723f4e2a: Pulling fs layer [1B
[1A[1K[K2a175e11567c: Pulling fs layer [1B
[1A[1K[K8d26426e95e0: Pulling fs layer [1B
[1A[1K[K46e451596b7c: Pulling fs layer [1B[2A[1K[K8d26426e95e0: Waiting [2B[1A[1K[K46e451596b7c: Waiting [1B[4A[1K[Kec5a723f4e2a: Downloading [===========>                                       ]  16.38kB/72.66kB[4B[4A[1K[Kec5a723f4e2a: Downloading [==================================================>]  72.66kB/72.66kB[4B[3A[1K[K2a175e11567c: Downloading [==================================================>]     630B/630B[3B[3A[1K[K2a175e11567c: Verifying Checksum [3B[3A[1K[K2a175e11567c: Download complete [3B[5A[1K[K99ad4e3ced4d: Downloading [>                                                  ]  527.3kB/73MB[5B[5A[1K[K99ad4e3ced4d: Downloading [==>                                                ]  3.183MB/73MB[5B[5A[1K[K99ad4e3ced4d: Downloading [===>                                               ]  5.311MB/73MB[5B[5A[1K[K99ad4e3ced4d: Downloading [=====>                                             ]  7.444MB/73MB[5B[1A[1K[K46e451596b7c: Download complete [1B[5A[1K[K99ad4e3ced4d: Downloading [======>                                            ]  9.596MB/73MB[5B[2A[1K[K8d26426e95e0: Download complete [2B[5A[1K[K99ad4e3ced4d: Downloading [========>                                          ]  11.74MB/73MB[5B[5A[1K[K99ad4e3ced4d: Downloading [=========>                                         ]  13.87MB/73MB[5B[5A[1K[K99ad4e3ced4d: Downloading [==========>                                        ]  16.02MB/73MB[5B[5A[1K[K99ad4e3ced4d: Downloading [============>                                      ]  18.68MB/73MB[5B[5A[1K[K99ad4e3ced4d: Downloading [==============>                                    ]  20.81MB/73MB[5B[5A[1K[K99ad4e3ced4d: Downloading [===============>                                   ]  22.43MB/73MB[5B[5A[1K[K99ad4e3ced4d: Downloading [================>                                  ]  24.03MB/73MB[5B[5A[1K[K99ad4e3ced4d: Downloading [=================>                                 ]  26.17MB/73MB[5B[5A[1K[K99ad4e3ced4d: Downloading [===================>                               ]  28.82MB/73MB[5B[5A[1K[K99ad4e3ced4d: Downloading [=====================>                             ]  31.47MB/73MB[5B[5A[1K[K99ad4e3ced4d: Downloading [=======================>                           ]  34.14MB/73MB[5B[5A[1K[K99ad4e3ced4d: Downloading [=========================>                         ]   36.8MB/73MB[5B[5A[1K[K99ad4e3ced4d: Downloading [===========================>                       ]  39.46MB/73MB[5B[5A[1K[K99ad4e3ced4d: Downloading [============================>                      ]  42.11MB/73MB[5B[5A[1K[K99ad4e3ced4d: Downloading [==============================>                    ]  44.77MB/73MB[5B[5A[1K[K99ad4e3ced4d: Downloading [================================>                  ]  46.89MB/73MB[5B[5A[1K[K99ad4e3ced4d: Downloading [=================================>                 ]  49.03MB/73MB[5B[5A[1K[K99ad4e3ced4d: Downloading [===================================>               ]  51.17MB/73MB[5B[5A[1K[K99ad4e3ced4d: Downloading [====================================>              ]  53.82MB/73MB[5B[5A[1K[K99ad4e3ced4d: Downloading [======================================>            ]  56.48MB/73MB[5B[5A[1K[K99ad4e3ced4d: Downloading [========================================>          ]  59.15MB/73MB[5B[5A[1K[K99ad4e3ced4d: Downloading [==========================================>        ]  61.82MB/73MB[5B[5A[1K[K99ad4e3ced4d: Downloading [===========================================>       ]  63.42MB/73MB[5B[5A[1K[K99ad4e3ced4d: Downloading [============================================>      ]  65.01MB/73MB[5B[5A[1K[K99ad4e3ced4d: Downloading [=============================================>     ]  67.14MB/73MB[5B[5A[1K[K99ad4e3ced4d: Downloading [===============================================>   ]  69.28MB/73MB[5B[5A[1K[K99ad4e3ced4d: Downloading [=================================================> ]  71.93MB/73MB[5B[5A[1K[K99ad4e3ced4d: Downloading [==================================================>]     73MB/73MB[5B[5A[1K[K99ad4e3ced4d: Verifying Checksum [5B[5A[1K[K99ad4e3ced4d: Download complete [5B[5A[1K[K99ad4e3ced4d: Extracting [>                                                  ]  557.1kB/73MB[5B[5A[1K[K99ad4e3ced4d: Extracting [==>                                                ]  3.342MB/73MB[5B[5A[1K[K99ad4e3ced4d: Extracting [===>                                               ]  5.571MB/73MB[5B[5A[1K[K99ad4e3ced4d: Extracting [=====>                                             ]  8.356MB/73MB[5B[5A[1K[K99ad4e3ced4d: Extracting [=======>                                           ]  11.14MB/73MB[5B[5A[1K[K99ad4e3ced4d: Extracting [=========>                                         ]  13.93MB/73MB[5B[5A[1K[K99ad4e3ced4d: Extracting [===========>                                       ]  16.71MB/73MB[5B[5A[1K[K99ad4e3ced4d: Extracting [=============>                                     ]   19.5MB/73MB[5B[5A[1K[K99ad4e3ced4d: Extracting [===============>                                   ]  22.28MB/73MB[5B[5A[1K[K99ad4e3ced4d: Extracting [================>                                  ]  24.51MB/73MB[5B[5A[1K[K99ad4e3ced4d: Extracting [==================>                                ]   27.3MB/73MB[5B[5A[1K[K99ad4e3ced4d: Extracting [===================>                               ]  28.97MB/73MB[5B[5A[1K[K99ad4e3ced4d: Extracting [=====================>                             ]   31.2MB/73MB[5B[5A[1K[K99ad4e3ced4d: Extracting [=======================>                           ]  33.98MB/73MB[5B[5A[1K[K99ad4e3ced4d: Extracting [=========================>                         ]  36.77MB/73MB[5B[5A[1K[K99ad4e3ced4d: Extracting [==========================>                        ]  38.44MB/73MB[5B[5A[1K[K99ad4e3ced4d: Extracting [===========================>                       ]  40.11MB/73MB[5B[5A[1K[K99ad4e3ced4d: Extracting [============================>                      ]  42.34MB/73MB[5B[5A[1K[K99ad4e3ced4d: Extracting [==============================>                    ]  45.12MB/73MB[5B[5A[1K[K99ad4e3ced4d: Extracting [================================>                  ]  47.35MB/73MB[5B[5A[1K[K99ad4e3ced4d: Extracting [=================================>                 ]  49.58MB/73MB[5B[5A[1K[K99ad4e3ced4d: Extracting [===================================>               ]  51.81MB/73MB[5B[5A[1K[K99ad4e3ced4d: Extracting [=====================================>             ]  54.03MB/73MB[5B[5A[1K[K99ad4e3ced4d: Extracting [======================================>            ]  55.71MB/73MB[5B[5A[1K[K99ad4e3ced4d: Extracting [=======================================>           ]  57.38MB/73MB[5B[5A[1K[K99ad4e3ced4d: Extracting [========================================>          ]  58.49MB/73MB[5B[5A[1K[K99ad4e3ced4d: Extracting [=========================================>         ]  61.28MB/73MB[5B[5A[1K[K99ad4e3ced4d: Extracting [===========================================>       ]  64.06MB/73MB[5B[5A[1K[K99ad4e3ced4d: Extracting [=============================================>     ]  66.29MB/73MB[5B[5A[1K[K99ad4e3ced4d: Extracting [==============================================>    ]  67.96MB/73MB[5B[5A[1K[K99ad4e3ced4d: Extracting [================================================>  ]  70.19MB/73MB[5B[5A[1K[K99ad4e3ced4d: Extracting [=================================================> ]  71.86MB/73MB[5B[5A[1K[K99ad4e3ced4d: Extracting [=================================================> ]  72.97MB/73MB[5B[5A[1K[K99ad4e3ced4d: Extracting [==================================================>]     73MB/73MB[5B[5A[1K[K99ad4e3ced4d: Pull complete [5B[4A[1K[Kec5a723f4e2a: Extracting [======================>                            ]  32.77kB/72.66kB[4B[4A[1K[Kec5a723f4e2a: Extracting [==================================================>]  72.66kB/72.66kB[4B[4A[1K[Kec5a723f4e2a: Extracting [==================================================>]  72.66kB/72.66kB[4B[4A[1K[Kec5a723f4e2a: Pull complete [4B[3A[1K[K2a175e11567c: Extracting [==================================================>]     630B/630B[3B[3A[1K[K2a175e11567c: Extracting [==================================================>]     630B/630B[3B[3A[1K[K2a175e11567c: Pull complete [3B[2A[1K[K8d26426e95e0: Extracting [==================================================>]     851B/851B[2B[2A[1K[K8d26426e95e0: Extracting [==================================================>]     851B/851B[2B[2A[1K[K8d26426e95e0: Pull complete [2B[1A[1K[K46e451596b7c: Extracting [==================================================>]     163B/163B[1B[1A[1K[K46e451596b7c: Extracting [==================================================>]     163B/163B[1B[1A[1K[K46e451596b7c: Pull complete [1BDigest: sha256:159462193f5381fceffa28aa89df9740a790d5654b29fb0fb6098ce396c605a1
Status: Downloaded newer image for ubuntu:14.04
 ---> a35e70164dfb
Step 2/10 : RUN apt-get update
 ---> Running in 1ee918539e50
Ign http://archive.ubuntu.com trusty InRelease
Get:1 http://security.ubuntu.com trusty-security InRelease [65.9 kB]
Get:2 http://archive.ubuntu.com trusty-updates InRelease [65.9 kB]
Get:3 http://archive.ubuntu.com trusty-backports InRelease [65.9 kB]
Get:4 http://archive.ubuntu.com trusty Release.gpg [933 B]
Get:5 http://archive.ubuntu.com trusty Release [58.5 kB]
Get:6 http://security.ubuntu.com trusty-security/universe Sources [83.2 kB]
Get:7 http://archive.ubuntu.com trusty-updates/universe Sources [248 kB]
Get:8 http://security.ubuntu.com trusty-security/main amd64 Packages [896 kB]
Get:9 http://archive.ubuntu.com trusty-updates/main amd64 Packages [1320 kB]
Get:10 http://security.ubuntu.com trusty-security/restricted amd64 Packages [18.1 kB]
Get:11 http://security.ubuntu.com trusty-security/universe amd64 Packages [267 kB]
Get:12 http://archive.ubuntu.com trusty-updates/restricted amd64 Packages [21.4 kB]
Get:13 http://security.ubuntu.com trusty-security/multiverse amd64 Packages [4723 B]
Get:14 http://archive.ubuntu.com trusty-updates/universe amd64 Packages [576 kB]
Get:15 http://archive.ubuntu.com trusty-updates/multiverse amd64 Packages [16.0 kB]
Get:16 http://archive.ubuntu.com trusty-backports/main amd64 Packages [14.7 kB]
Get:17 http://archive.ubuntu.com trusty-backports/restricted amd64 Packages [40 B]
Get:18 http://archive.ubuntu.com trusty-backports/universe amd64 Packages [52.5 kB]
Get:19 http://archive.ubuntu.com trusty-backports/multiverse amd64 Packages [1392 B]
Get:20 http://archive.ubuntu.com trusty/universe Sources [7926 kB]
Get:21 http://archive.ubuntu.com trusty/main amd64 Packages [1743 kB]
Get:22 http://archive.ubuntu.com trusty/restricted amd64 Packages [16.0 kB]
Get:23 http://archive.ubuntu.com trusty/universe amd64 Packages [7589 kB]
Get:24 http://archive.ubuntu.com trusty/multiverse amd64 Packages [169 kB]
Fetched 21.2 MB in 17s (1224 kB/s)
Reading package lists...
Removing intermediate container 1ee918539e50
 ---> 9689bf496705
Step 3/10 : RUN apt-get -q -y install apache2
 ---> Running in a7dd992c8f03
Reading package lists...
Building dependency tree...
Reading state information...
The following extra packages will be installed:
  apache2-bin apache2-data libapr1 libaprutil1 libaprutil1-dbd-sqlite3
  libaprutil1-ldap libasn1-8-heimdal libgssapi3-heimdal libhcrypto4-heimdal
  libheimbase1-heimdal libheimntlm0-heimdal libhx509-5-heimdal
  libkrb5-26-heimdal libldap-2.4-2 libroken18-heimdal libsasl2-2
  libsasl2-modules libsasl2-modules-db libwind0-heimdal libxml2 openssl
  sgml-base ssl-cert xml-core
Suggested packages:
  www-browser apache2-doc apache2-suexec-pristine apache2-suexec-custom ufw
  apache2-utils libsasl2-modules-otp libsasl2-modules-ldap
  libsasl2-modules-sql libsasl2-modules-gssapi-mit
  libsasl2-modules-gssapi-heimdal ca-certificates sgml-base-doc
  openssl-blacklist debhelper
The following NEW packages will be installed:
  apache2 apache2-bin apache2-data libapr1 libaprutil1 libaprutil1-dbd-sqlite3
  libaprutil1-ldap libasn1-8-heimdal libgssapi3-heimdal libhcrypto4-heimdal
  libheimbase1-heimdal libheimntlm0-heimdal libhx509-5-heimdal
  libkrb5-26-heimdal libldap-2.4-2 libroken18-heimdal libsasl2-2
  libsasl2-modules libsasl2-modules-db libwind0-heimdal libxml2 openssl
  sgml-base ssl-cert xml-core
0 upgraded, 25 newly installed, 0 to remove and 0 not upgraded.
Need to get 3442 kB of archives.
After this operation, 12.6 MB of additional disk space will be used.
Get:1 http://archive.ubuntu.com/ubuntu/ trusty-updates/main libroken18-heimdal amd64 1.6~git20131207+dfsg-1ubuntu1.2 [39.9 kB]
Get:2 http://archive.ubuntu.com/ubuntu/ trusty-updates/main libasn1-8-heimdal amd64 1.6~git20131207+dfsg-1ubuntu1.2 [160 kB]
Get:3 http://archive.ubuntu.com/ubuntu/ trusty-updates/main libhcrypto4-heimdal amd64 1.6~git20131207+dfsg-1ubuntu1.2 [84.1 kB]
Get:4 http://archive.ubuntu.com/ubuntu/ trusty-updates/main libheimbase1-heimdal amd64 1.6~git20131207+dfsg-1ubuntu1.2 [29.0 kB]
Get:5 http://archive.ubuntu.com/ubuntu/ trusty-updates/main libwind0-heimdal amd64 1.6~git20131207+dfsg-1ubuntu1.2 [47.9 kB]
Get:6 http://archive.ubuntu.com/ubuntu/ trusty-updates/main libhx509-5-heimdal amd64 1.6~git20131207+dfsg-1ubuntu1.2 [104 kB]
Get:7 http://archive.ubuntu.com/ubuntu/ trusty-updates/main libkrb5-26-heimdal amd64 1.6~git20131207+dfsg-1ubuntu1.2 [196 kB]
Get:8 http://archive.ubuntu.com/ubuntu/ trusty-updates/main libheimntlm0-heimdal amd64 1.6~git20131207+dfsg-1ubuntu1.2 [15.2 kB]
Get:9 http://archive.ubuntu.com/ubuntu/ trusty-updates/main libgssapi3-heimdal amd64 1.6~git20131207+dfsg-1ubuntu1.2 [89.7 kB]
Get:10 http://archive.ubuntu.com/ubuntu/ trusty/main libsasl2-modules-db amd64 2.1.25.dfsg1-17build1 [14.9 kB]
Get:11 http://archive.ubuntu.com/ubuntu/ trusty/main libsasl2-2 amd64 2.1.25.dfsg1-17build1 [56.5 kB]
Get:12 http://archive.ubuntu.com/ubuntu/ trusty-updates/main libldap-2.4-2 amd64 2.4.31-1+nmu2ubuntu8.4 [153 kB]
Get:13 http://archive.ubuntu.com/ubuntu/ trusty-updates/main libxml2 amd64 2.9.1+dfsg1-3ubuntu4.12 [573 kB]
Get:14 http://archive.ubuntu.com/ubuntu/ trusty/main sgml-base all 1.26+nmu4ubuntu1 [12.5 kB]
Get:15 http://archive.ubuntu.com/ubuntu/ trusty/main libapr1 amd64 1.5.0-1 [85.1 kB]
Get:16 http://archive.ubuntu.com/ubuntu/ trusty/main libaprutil1 amd64 1.5.3-1 [76.4 kB]
Get:17 http://archive.ubuntu.com/ubuntu/ trusty/main libsasl2-modules amd64 2.1.25.dfsg1-17build1 [64.3 kB]
Get:18 http://archive.ubuntu.com/ubuntu/ trusty-updates/main openssl amd64 1.0.1f-1ubuntu2.23 [490 kB]
Get:19 http://archive.ubuntu.com/ubuntu/ trusty/main xml-core all 0.13+nmu2 [23.3 kB]
Get:20 http://archive.ubuntu.com/ubuntu/ trusty/main libaprutil1-dbd-sqlite3 amd64 1.5.3-1 [10.5 kB]
Get:21 http://archive.ubuntu.com/ubuntu/ trusty/main libaprutil1-ldap amd64 1.5.3-1 [8634 B]
Get:22 http://archive.ubuntu.com/ubuntu/ trusty-updates/main apache2-bin amd64 2.4.7-1ubuntu4.18 [844 kB]
Get:23 http://archive.ubuntu.com/ubuntu/ trusty-updates/main apache2-data all 2.4.7-1ubuntu4.18 [160 kB]
Get:24 http://archive.ubuntu.com/ubuntu/ trusty-updates/main apache2 amd64 2.4.7-1ubuntu4.18 [87.5 kB]
Get:25 http://archive.ubuntu.com/ubuntu/ trusty/main ssl-cert all 1.0.33 [16.6 kB]
[91mdebconf: unable to initialize frontend: Dialog
debconf: (TERM is not set, so the dialog frontend is not usable.)
debconf: falling back to frontend: Readline
[0m[91mdebconf: unable to initialize frontend: Readline
debconf: (This frontend requires a controlling tty.)
debconf: falling back to frontend: Teletype
[0m[91mdpkg-preconfigure: unable to re-open stdin: 
[0mFetched 3442 kB in 4s (762 kB/s)
Selecting previously unselected package libroken18-heimdal:amd64.
(Reading database ... 11571 files and directories currently installed.)
Preparing to unpack .../libroken18-heimdal_1.6~git20131207+dfsg-1ubuntu1.2_amd64.deb ...
Unpacking libroken18-heimdal:amd64 (1.6~git20131207+dfsg-1ubuntu1.2) ...
Selecting previously unselected package libasn1-8-heimdal:amd64.
Preparing to unpack .../libasn1-8-heimdal_1.6~git20131207+dfsg-1ubuntu1.2_amd64.deb ...
Unpacking libasn1-8-heimdal:amd64 (1.6~git20131207+dfsg-1ubuntu1.2) ...
Selecting previously unselected package libhcrypto4-heimdal:amd64.
Preparing to unpack .../libhcrypto4-heimdal_1.6~git20131207+dfsg-1ubuntu1.2_amd64.deb ...
Unpacking libhcrypto4-heimdal:amd64 (1.6~git20131207+dfsg-1ubuntu1.2) ...
Selecting previously unselected package libheimbase1-heimdal:amd64.
Preparing to unpack .../libheimbase1-heimdal_1.6~git20131207+dfsg-1ubuntu1.2_amd64.deb ...
Unpacking libheimbase1-heimdal:amd64 (1.6~git20131207+dfsg-1ubuntu1.2) ...
Selecting previously unselected package libwind0-heimdal:amd64.
Preparing to unpack .../libwind0-heimdal_1.6~git20131207+dfsg-1ubuntu1.2_amd64.deb ...
Unpacking libwind0-heimdal:amd64 (1.6~git20131207+dfsg-1ubuntu1.2) ...
Selecting previously unselected package libhx509-5-heimdal:amd64.
Preparing to unpack .../libhx509-5-heimdal_1.6~git20131207+dfsg-1ubuntu1.2_amd64.deb ...
Unpacking libhx509-5-heimdal:amd64 (1.6~git20131207+dfsg-1ubuntu1.2) ...
Selecting previously unselected package libkrb5-26-heimdal:amd64.
Preparing to unpack .../libkrb5-26-heimdal_1.6~git20131207+dfsg-1ubuntu1.2_amd64.deb ...
Unpacking libkrb5-26-heimdal:amd64 (1.6~git20131207+dfsg-1ubuntu1.2) ...
Selecting previously unselected package libheimntlm0-heimdal:amd64.
Preparing to unpack .../libheimntlm0-heimdal_1.6~git20131207+dfsg-1ubuntu1.2_amd64.deb ...
Unpacking libheimntlm0-heimdal:amd64 (1.6~git20131207+dfsg-1ubuntu1.2) ...
Selecting previously unselected package libgssapi3-heimdal:amd64.
Preparing to unpack .../libgssapi3-heimdal_1.6~git20131207+dfsg-1ubuntu1.2_amd64.deb ...
Unpacking libgssapi3-heimdal:amd64 (1.6~git20131207+dfsg-1ubuntu1.2) ...
Selecting previously unselected package libsasl2-modules-db:amd64.
Preparing to unpack .../libsasl2-modules-db_2.1.25.dfsg1-17build1_amd64.deb ...
Unpacking libsasl2-modules-db:amd64 (2.1.25.dfsg1-17build1) ...
Selecting previously unselected package libsasl2-2:amd64.
Preparing to unpack .../libsasl2-2_2.1.25.dfsg1-17build1_amd64.deb ...
Unpacking libsasl2-2:amd64 (2.1.25.dfsg1-17build1) ...
Selecting previously unselected package libldap-2.4-2:amd64.
Preparing to unpack .../libldap-2.4-2_2.4.31-1+nmu2ubuntu8.4_amd64.deb ...
Unpacking libldap-2.4-2:amd64 (2.4.31-1+nmu2ubuntu8.4) ...
Selecting previously unselected package libxml2:amd64.
Preparing to unpack .../libxml2_2.9.1+dfsg1-3ubuntu4.12_amd64.deb ...
Unpacking libxml2:amd64 (2.9.1+dfsg1-3ubuntu4.12) ...
Selecting previously unselected package sgml-base.
Preparing to unpack .../sgml-base_1.26+nmu4ubuntu1_all.deb ...
Unpacking sgml-base (1.26+nmu4ubuntu1) ...
Selecting previously unselected package libapr1:amd64.
Preparing to unpack .../libapr1_1.5.0-1_amd64.deb ...
Unpacking libapr1:amd64 (1.5.0-1) ...
Selecting previously unselected package libaprutil1:amd64.
Preparing to unpack .../libaprutil1_1.5.3-1_amd64.deb ...
Unpacking libaprutil1:amd64 (1.5.3-1) ...
Selecting previously unselected package libsasl2-modules:amd64.
Preparing to unpack .../libsasl2-modules_2.1.25.dfsg1-17build1_amd64.deb ...
Unpacking libsasl2-modules:amd64 (2.1.25.dfsg1-17build1) ...
Selecting previously unselected package openssl.
Preparing to unpack .../openssl_1.0.1f-1ubuntu2.23_amd64.deb ...
Unpacking openssl (1.0.1f-1ubuntu2.23) ...
Selecting previously unselected package xml-core.
Preparing to unpack .../xml-core_0.13+nmu2_all.deb ...
Unpacking xml-core (0.13+nmu2) ...
Selecting previously unselected package libaprutil1-dbd-sqlite3:amd64.
Preparing to unpack .../libaprutil1-dbd-sqlite3_1.5.3-1_amd64.deb ...
Unpacking libaprutil1-dbd-sqlite3:amd64 (1.5.3-1) ...
Selecting previously unselected package libaprutil1-ldap:amd64.
Preparing to unpack .../libaprutil1-ldap_1.5.3-1_amd64.deb ...
Unpacking libaprutil1-ldap:amd64 (1.5.3-1) ...
Selecting previously unselected package apache2-bin.
Preparing to unpack .../apache2-bin_2.4.7-1ubuntu4.18_amd64.deb ...
Unpacking apache2-bin (2.4.7-1ubuntu4.18) ...
Selecting previously unselected package apache2-data.
Preparing to unpack .../apache2-data_2.4.7-1ubuntu4.18_all.deb ...
Unpacking apache2-data (2.4.7-1ubuntu4.18) ...
Selecting previously unselected package apache2.
Preparing to unpack .../apache2_2.4.7-1ubuntu4.18_amd64.deb ...
Unpacking apache2 (2.4.7-1ubuntu4.18) ...
Selecting previously unselected package ssl-cert.
Preparing to unpack .../ssl-cert_1.0.33_all.deb ...
Unpacking ssl-cert (1.0.33) ...
Processing triggers for ureadahead (0.100.0-16) ...
Setting up libroken18-heimdal:amd64 (1.6~git20131207+dfsg-1ubuntu1.2) ...
Setting up libasn1-8-heimdal:amd64 (1.6~git20131207+dfsg-1ubuntu1.2) ...
Setting up libhcrypto4-heimdal:amd64 (1.6~git20131207+dfsg-1ubuntu1.2) ...
Setting up libheimbase1-heimdal:amd64 (1.6~git20131207+dfsg-1ubuntu1.2) ...
Setting up libwind0-heimdal:amd64 (1.6~git20131207+dfsg-1ubuntu1.2) ...
Setting up libhx509-5-heimdal:amd64 (1.6~git20131207+dfsg-1ubuntu1.2) ...
Setting up libkrb5-26-heimdal:amd64 (1.6~git20131207+dfsg-1ubuntu1.2) ...
Setting up libheimntlm0-heimdal:amd64 (1.6~git20131207+dfsg-1ubuntu1.2) ...
Setting up libgssapi3-heimdal:amd64 (1.6~git20131207+dfsg-1ubuntu1.2) ...
Setting up libsasl2-modules-db:amd64 (2.1.25.dfsg1-17build1) ...
Setting up libsasl2-2:amd64 (2.1.25.dfsg1-17build1) ...
Setting up libldap-2.4-2:amd64 (2.4.31-1+nmu2ubuntu8.4) ...
Setting up libxml2:amd64 (2.9.1+dfsg1-3ubuntu4.12) ...
Setting up sgml-base (1.26+nmu4ubuntu1) ...
Setting up libapr1:amd64 (1.5.0-1) ...
Setting up libaprutil1:amd64 (1.5.3-1) ...
Setting up libsasl2-modules:amd64 (2.1.25.dfsg1-17build1) ...
Setting up openssl (1.0.1f-1ubuntu2.23) ...
Setting up xml-core (0.13+nmu2) ...
Setting up libaprutil1-dbd-sqlite3:amd64 (1.5.3-1) ...
Setting up libaprutil1-ldap:amd64 (1.5.3-1) ...
Setting up apache2-bin (2.4.7-1ubuntu4.18) ...
Setting up apache2-data (2.4.7-1ubuntu4.18) ...
Setting up apache2 (2.4.7-1ubuntu4.18) ...
Enabling module mpm_event.
Enabling module authz_core.
Enabling module authz_host.
Enabling module authn_core.
Enabling module auth_basic.
Enabling module access_compat.
Enabling module authn_file.
Enabling module authz_user.
Enabling module alias.
Enabling module dir.
Enabling module autoindex.
Enabling module env.
Enabling module mime.
Enabling module negotiation.
Enabling module setenvif.
Enabling module filter.
Enabling module deflate.
Enabling module status.
Enabling conf charset.
Enabling conf localized-error-pages.
Enabling conf other-vhosts-access-log.
Enabling conf security.
Enabling conf serve-cgi-bin.
Enabling site 000-default.
[91minvoke-rc.d: policy-rc.d denied execution of start.
[0mSetting up ssl-cert (1.0.33) ...
[91mdebconf: unable to initialize frontend: Dialog
debconf: (TERM is not set, so the dialog frontend is not usable.)
debconf: falling back to frontend: Readline
[0m[91mdebconf: unable to initialize frontend: Readline
debconf: (This frontend requires a controlling tty.)
debconf: falling back to frontend: Teletype
[0mProcessing triggers for libc-bin (2.19-0ubuntu6.14) ...
Processing triggers for sgml-base (1.26+nmu4ubuntu1) ...
Processing triggers for ureadahead (0.100.0-16) ...
Removing intermediate container a7dd992c8f03
 ---> e2bc53bea976
Step 4/10 : ENV APACHE_RUN_USER www-data
 ---> Running in fdfb11194560
Removing intermediate container fdfb11194560
 ---> d60fc86d7204
Step 5/10 : ENV APACHE_RUN_GROUP www-data
 ---> Running in b88cbe4022f1
Removing intermediate container b88cbe4022f1
 ---> 6332a6d7a283
Step 6/10 : ENV APACHE_LOG_DIR /var/log/apache2
 ---> Running in e5ff9fc14b2d
Removing intermediate container e5ff9fc14b2d
 ---> f7381cb85400
Step 7/10 : RUN mkdir -p /var/lock/apache2 /var/run/apache2
 ---> Running in 6504ab94cc65
Removing intermediate container 6504ab94cc65
 ---> ef037a39b56a
Step 8/10 : EXPOSE 80
 ---> Running in d22a501f6ff7
Removing intermediate container d22a501f6ff7
 ---> 7b0e4eaa9c05
Step 9/10 : VOLUME /var/www/html
 ---> Running in 7b075b1b0337
Removing intermediate container 7b075b1b0337
 ---> f428737ca4b1
Step 10/10 : CMD /bin/bash -c "source /etc/apache2/envvars && exec /usr/sbin/apache2 -DFOREGROUND"
 ---> Running in 3be63aeb69ba
Removing intermediate container 3be63aeb69ba
 ---> 30a0458f80e1
Successfully built 30a0458f80e1
Successfully tagged test:latest
bash-3.2$ docker build -t test .[Kapache
"docker build" requires exactly 1 argument.
See 'docker build --help'.

Usage:  docker build [OPTIONS] PATH | URL | - [flags]

Build an image from a Dockerfile
bash-3.2$ 
bash-3.2$ docker build -t apachetest .apachetest .apache[C[C[C[C[C[C[C[C[C[C[Kdocker build -t apache[C[C[C[C[C[C[C[C[C[C[Kdocker run --rm -d -p 8080:80 -v p[K```[K[C`p`w`d`[C/web:/var/www/html --na,e[K[Kme test apac[Kche
> docker run --rm -d -p 8080:80 -v ``pwd`/web:/var/www/html --name test apache[C[C[Kdocker run --rm -d -p 8080:80 -v ``pwd`/web:/var/www/html --name test apache[K[K[K[K[K[Ktest
bash: /web:/var/www/html: No such file or directory
flag needs an argument: 'v' in -v
See 'docker run --help'.
docker: Error response from daemon: create pwd/Users/jasonnguy/Potatoe/docker/web: "pwd/Users/jasonnguy/Potatoe/docker/web" includes invalid characters for a local volume name, only "[a-zA-Z0-9][a-zA-Z0-9_.-]" are allowed. If you intended to pass a host directory, use absolute path.
See 'docker run --help'.
bash-3.2$ docker run --rm -d -p 8080:80 -v ``pwd`/web:/var/www/html --name test apache
docker run --rm -d -p 8080:80 -v ``pwd`/web:/var/www/html --name test test[1P
> docker run --rm -d -p 8080:80 -v ``pwd`/web:/var/www/html --name test apache
docker run --rm -d -p 8080:80 -v `pwd`/web:/var/www/html --name test test
bash: /web:/var/www/html: No such file or directory
flag needs an argument: 'v' in -v
See 'docker run --help'.
bash: /web:/var/www/html: No such file or directory
flag needs an argument: 'v' in -v
See 'docker run --help'.
Unable to find image 'apache:latest' locally
docker: Error response from daemon: pull access denied for apache, repository does not exist or may require 'docker login'.
See 'docker run --help'.
a120fed7cac5ec7d7acbfb2017ebefa8d51f0cc673747f77c72f1bde8aa27c4e
docker: Error response from daemon: error while creating mount source path '/Users/jasonnguy/Potatoe/docker/web': mkdir /Users/jasonnguy/Potatoe/docker/web: permission denied.
bash-3.2$ docker run --rm -d -p 8080:80 -v `pwd`/web:/var/www/html --name test test[C[C[C`pwd`/web:/var/www/html --name test apache
docker run --rm -d -p 8080:80 -v `pwd`/web:/var/www/html --name test test
docker run --rm -d -p 8080:80 -v ``pwd`/web:/var/www/html --name test apache[A[A[3Ppwd`/web:/var/www/html --name test test
[K
[K[A[A[C[C[C[C[C[C[C[C[C[C[C[C[C[C[C[C[C[C[C[C[C[C[C[C[C[C[C[C[C[C[C[C[C[C[C[C[C[C[C[C[C[C[C[C[C[C[C[C[C[C[C[C[C[C[C[C[C[C[C[C[C[C[C[C[C[C[C[C[C[C[C[C[C[C[C[C[C[C[C[C[C[C[C[1@s[1@u[C[1@d[1@u[1P[1@o[1@ 
Password:
b591397dc4e235335615e9c6ab6b852158cede78b1e84eed5acba9f6acad84a4
docker: Error response from daemon: error while creating mount source path '/Users/jasonnguy/Potatoe/docker/web': mkdir /Users/jasonnguy/Potatoe/docker/web: permission denied.
bash-3.2$ sudo docker run --rm -d -p 8080:80 -v `pwd`/web:/var/www/html --name test test[C[C[C[C[C[C[C[C[C[C[C[C[C[1P[1P[1P[1P[C
d331647dfbbc7c24794b7a8e5d765f924523a8d1b7af5fbcca480cda5e79e9c0
bash-3.2$ curl http://localhost:8080
<!DOCTYPE HTML PUBLIC "-//W3C//DTD HTML 3.2 Final//EN">
<html>
 <head>
  <title>Index of /</title>
 </head>
 <body>
<h1>Index of /</h1>
  <table>
   <tr><th valign="top"><img src="/icons/blank.gif" alt="[ICO]"></th><th><a href="?C=N;O=D">Name</a></th><th><a href="?C=M;O=A">Last modified</a></th><th><a href="?C=S;O=A">Size</a></th><th><a href="?C=D;O=A">Description</a></th></tr>
   <tr><th colspan="5"><hr></th></tr>
<tr><td valign="top"><img src="/icons/unknown.gif" alt="[   ]"></td><td><a href="Dockerfile">Dockerfile</a></td><td align="right">2018-03-07 13:12  </td><td align="right">367 </td><td>&nbsp;</td></tr>
   <tr><th colspan="5"><hr></th></tr>
</table>
<address>Apache/2.4.7 (Ubuntu) Server at localhost Port 8080</address>
</body></html>
bash-3.2$ curl http://localhost:8080
<!DOCTYPE HTML PUBLIC "-//W3C//DTD HTML 3.2 Final//EN">
<html>
 <head>
  <title>Index of /</title>
 </head>
 <body>
<h1>Index of /</h1>
  <table>
   <tr><th valign="top"><img src="/icons/blank.gif" alt="[ICO]"></th><th><a href="?C=N;O=D">Name</a></th><th><a href="?C=M;O=A">Last modified</a></th><th><a href="?C=S;O=A">Size</a></th><th><a href="?C=D;O=A">Description</a></th></tr>
   <tr><th colspan="5"><hr></th></tr>
<tr><td valign="top"><img src="/icons/unknown.gif" alt="[   ]"></td><td><a href="Dockerfile">Dockerfile</a></td><td align="right">2018-03-07 13:12  </td><td align="right">367 </td><td>&nbsp;</td></tr>
   <tr><th colspan="5"><hr></th></tr>
</table>
<address>Apache/2.4.7 (Ubuntu) Server at localhost Port 8080</address>
</body></html>
bash-3.2$ curl http://localhost:8080
<!DOCTYPE HTML PUBLIC "-//W3C//DTD HTML 3.2 Final//EN">
<html>
 <head>
  <title>Index of /</title>
 </head>
 <body>
<h1>Index of /</h1>
  <table>
   <tr><th valign="top"><img src="/icons/blank.gif" alt="[ICO]"></th><th><a href="?C=N;O=D">Name</a></th><th><a href="?C=M;O=A">Last modified</a></th><th><a href="?C=S;O=A">Size</a></th><th><a href="?C=D;O=A">Description</a></th></tr>
   <tr><th colspan="5"><hr></th></tr>
<tr><td valign="top"><img src="/icons/unknown.gif" alt="[   ]"></td><td><a href="Dockerfile">Dockerfile</a></td><td align="right">2018-03-07 13:12  </td><td align="right">367 </td><td>&nbsp;</td></tr>
   <tr><th colspan="5"><hr></th></tr>
</table>
<address>Apache/2.4.7 (Ubuntu) Server at localhost Port 8080</address>
</body></html>
bash-3.2$ 